Component: ARM Compiler 5.06 update 7 (build 960) Tool: armlink [4d3601]

==============================================================================

Section Cross References

    stm32f4xx_gpio.o(i.GPIO_DeInit) refers to stm32f4xx_rcc.o(i.RCC_AHB1PeriphResetCmd) for RCC_AHB1PeriphResetCmd
    stm32f4xx_spi.o(i.SPI_I2S_DeInit) refers to stm32f4xx_rcc.o(i.RCC_APB2PeriphResetCmd) for RCC_APB2PeriphResetCmd
    stm32f4xx_spi.o(i.SPI_I2S_DeInit) refers to stm32f4xx_rcc.o(i.RCC_APB1PeriphResetCmd) for RCC_APB1PeriphResetCmd
    stm32f4xx_tim.o(i.TIM_DeInit) refers to stm32f4xx_rcc.o(i.RCC_APB2PeriphResetCmd) for RCC_APB2PeriphResetCmd
    stm32f4xx_tim.o(i.TIM_DeInit) refers to stm32f4xx_rcc.o(i.RCC_APB1PeriphResetCmd) for RCC_APB1PeriphResetCmd
    stm32f4xx_tim.o(i.TIM_ETRClockMode1Config) refers to stm32f4xx_tim.o(i.TIM_ETRConfig) for TIM_ETRConfig
    stm32f4xx_tim.o(i.TIM_ETRClockMode2Config) refers to stm32f4xx_tim.o(i.TIM_ETRConfig) for TIM_ETRConfig
    stm32f4xx_tim.o(i.TIM_ICInit) refers to stm32f4xx_tim.o(i.TI1_Config) for TI1_Config
    stm32f4xx_tim.o(i.TIM_ICInit) refers to stm32f4xx_tim.o(i.TIM_SetIC1Prescaler) for TIM_SetIC1Prescaler
    stm32f4xx_tim.o(i.TIM_ICInit) refers to stm32f4xx_tim.o(i.TI2_Config) for TI2_Config
    stm32f4xx_tim.o(i.TIM_ICInit) refers to stm32f4xx_tim.o(i.TIM_SetIC2Prescaler) for TIM_SetIC2Prescaler
    stm32f4xx_tim.o(i.TIM_ICInit) refers to stm32f4xx_tim.o(i.TI3_Config) for TI3_Config
    stm32f4xx_tim.o(i.TIM_ICInit) refers to stm32f4xx_tim.o(i.TIM_SetIC3Prescaler) for TIM_SetIC3Prescaler
    stm32f4xx_tim.o(i.TIM_ICInit) refers to stm32f4xx_tim.o(i.TI4_Config) for TI4_Config
    stm32f4xx_tim.o(i.TIM_ICInit) refers to stm32f4xx_tim.o(i.TIM_SetIC4Prescaler) for TIM_SetIC4Prescaler
    stm32f4xx_tim.o(i.TIM_ITRxExternalClockConfig) refers to stm32f4xx_tim.o(i.TIM_SelectInputTrigger) for TIM_SelectInputTrigger
    stm32f4xx_tim.o(i.TIM_PWMIConfig) refers to stm32f4xx_tim.o(i.TI1_Config) for TI1_Config
    stm32f4xx_tim.o(i.TIM_PWMIConfig) refers to stm32f4xx_tim.o(i.TIM_SetIC1Prescaler) for TIM_SetIC1Prescaler
    stm32f4xx_tim.o(i.TIM_PWMIConfig) refers to stm32f4xx_tim.o(i.TI2_Config) for TI2_Config
    stm32f4xx_tim.o(i.TIM_PWMIConfig) refers to stm32f4xx_tim.o(i.TIM_SetIC2Prescaler) for TIM_SetIC2Prescaler
    stm32f4xx_tim.o(i.TIM_TIxExternalClockConfig) refers to stm32f4xx_tim.o(i.TI2_Config) for TI2_Config
    stm32f4xx_tim.o(i.TIM_TIxExternalClockConfig) refers to stm32f4xx_tim.o(i.TI1_Config) for TI1_Config
    stm32f4xx_tim.o(i.TIM_TIxExternalClockConfig) refers to stm32f4xx_tim.o(i.TIM_SelectInputTrigger) for TIM_SelectInputTrigger
    stm32f4xx_syscfg.o(i.SYSCFG_DeInit) refers to stm32f4xx_rcc.o(i.RCC_APB2PeriphResetCmd) for RCC_APB2PeriphResetCmd
    stm32f4xx_rcc.o(i.RCC_GetClocksFreq) refers to stm32f4xx_rcc.o(.data) for APBAHBPrescTable
    stm32f4xx_rcc.o(i.RCC_WaitForHSEStartUp) refers to stm32f4xx_rcc.o(i.RCC_GetFlagStatus) for RCC_GetFlagStatus
    stm32f4xx_usart.o(i.USART_DeInit) refers to stm32f4xx_rcc.o(i.RCC_APB2PeriphResetCmd) for RCC_APB2PeriphResetCmd
    stm32f4xx_usart.o(i.USART_DeInit) refers to stm32f4xx_rcc.o(i.RCC_APB1PeriphResetCmd) for RCC_APB1PeriphResetCmd
    stm32f4xx_usart.o(i.USART_Init) refers to stm32f4xx_rcc.o(i.RCC_GetClocksFreq) for RCC_GetClocksFreq
    stm32f4xx_fmc.o(i.FMC_NORSRAMStructInit) refers to stm32f4xx_fmc.o(.constdata) for FMC_DefaultTimingStruct
    stm32f4xx_can.o(i.CAN_DeInit) refers to stm32f4xx_rcc.o(i.RCC_APB1PeriphResetCmd) for RCC_APB1PeriphResetCmd
    stm32f4xx_can.o(i.CAN_GetITStatus) refers to stm32f4xx_can.o(i.CheckITStatus) for CheckITStatus
    stm32f4xx_adc.o(i.ADC_DeInit) refers to stm32f4xx_rcc.o(i.RCC_APB2PeriphResetCmd) for RCC_APB2PeriphResetCmd
    delayadapter.o(i.Delay_Init) refers to misc.o(i.SysTick_CLKSourceConfig) for SysTick_CLKSourceConfig
    delayadapter.o(i.Delay_Init) refers to delayadapter.o(.data) for first
    delayadapter.o(i.Delay_ms) refers to system_stm32f4xx.o(.data) for SystemCoreClock
    delayadapter.o(i.Delay_s) refers to delayadapter.o(i.Delay_ms) for Delay_ms
    delayadapter.o(i.Delay_us) refers to lludivv7m.o(.text) for __aeabi_uldivmod
    delayadapter.o(i.Delay_us) refers to delayadapter.o(i.Delay_ms) for Delay_ms
    delayadapter.o(i.Delay_us) refers to system_stm32f4xx.o(.data) for SystemCoreClock
    extiadapter.o(i.EXTI0_IRQHandler) refers to stm32f4xx_exti.o(i.EXTI_GetITStatus) for EXTI_GetITStatus
    extiadapter.o(i.EXTI0_IRQHandler) refers to stm32f4xx_exti.o(i.EXTI_ClearITPendingBit) for EXTI_ClearITPendingBit
    extiadapter.o(i.EXTI0_IRQHandler) refers to extiadapter.o(.bss) for g_exti_hander
    extiadapter.o(i.EXTI4_IRQHandler) refers to stm32f4xx_exti.o(i.EXTI_GetITStatus) for EXTI_GetITStatus
    extiadapter.o(i.EXTI4_IRQHandler) refers to stm32f4xx_exti.o(i.EXTI_ClearITPendingBit) for EXTI_ClearITPendingBit
    extiadapter.o(i.EXTI4_IRQHandler) refers to extiadapter.o(.bss) for g_exti_hander
[...]
    __rt_lib_init_argv_1                     0x08000243   Thumb Code     0  libinit2.o(.ARM.Collect$$libinit$$0000002C)
    __rt_lib_init_cpp_1                      0x08000243   Thumb Code     0  libinit2.o(.ARM.Collect$$libinit$$00000032)
    __rt_lib_init_exceptions_1               0x08000243   Thumb Code     0  libinit2.o(.ARM.Collect$$libinit$$00000030)
    __rt_lib_init_return                     0x08000243   Thumb Code     0  libinit2.o(.ARM.Collect$$libinit$$00000033)
    __rt_lib_init_stdio_1                    0x08000243   Thumb Code     0  libinit2.o(.ARM.Collect$$libinit$$00000025)
    __rt_lib_shutdown                        0x08000245   Thumb Code     0  libshutdown.o(.ARM.Collect$$libshutdown$$00000000)
    __rt_lib_shutdown_cpp_1                  0x08000247   Thumb Code     0  libshutdown2.o(.ARM.Collect$$libshutdown$$00000004)
    __rt_lib_shutdown_fini_1                 0x08000247   Thumb Code     0  libshutdown2.o(.ARM.Collect$$libshutdown$$00000002)
    __rt_lib_shutdown_stdio_2                0x08000247   Thumb Code     0  libshutdown2.o(.ARM.Collect$$libshutdown$$00000005)
    __rt_lib_shutdown_fp_trap_1              0x0800024b   Thumb Code     0  libshutdown2.o(.ARM.Collect$$libshutdown$$00000009)
    __rt_lib_shutdown_heap_1                 0x0800024b   Thumb Code     0  libshutdown2.o(.ARM.Collect$$libshutdown$$00000011)
    __rt_lib_shutdown_return                 0x0800024b   Thumb Code     0  libshutdown2.o(.ARM.Collect$$libshutdown$$00000012)
    __rt_lib_shutdown_signal_1               0x0800024b   Thumb Code     0  libshutdown2.o(.ARM.Collect$$libshutdown$$0000000C)
    __rt_lib_shutdown_stdio_1                0x0800024b   Thumb Code     0  libshutdown2.o(.ARM.Collect$$libshutdown$$00000006)
    __rt_lib_shutdown_user_alloc_1           0x0800024b   Thumb Code     0  libshutdown2.o(.ARM.Collect$$libshutdown$$0000000E)
    __rt_entry                               0x0800024d   Thumb Code     0  __rtentry.o(.ARM.Collect$$rtentry$$00000000)
    __rt_entry_presh_1                       0x0800024d   Thumb Code     0  __rtentry2.o(.ARM.Collect$$rtentry$$00000002)
    __rt_entry_sh                            0x0800024d   Thumb Code     0  __rtentry4.o(.ARM.Collect$$rtentry$$00000004)
    __rt_entry_li                            0x08000253   Thumb Code     0  __rtentry2.o(.ARM.Collect$$rtentry$$0000000A)
    __rt_entry_postsh_1                      0x08000253   Thumb Code     0  __rtentry2.o(.ARM.Collect$$rtentry$$00000009)
    __rt_entry_main                          0x08000257   Thumb Code     0  __rtentry2.o(.ARM.Collect$$rtentry$$0000000D)
    __rt_entry_postli_1                      0x08000257   Thumb Code     0  __rtentry2.o(.ARM.Collect$$rtentry$$0000000C)
    __rt_exit                                0x0800025f   Thumb Code     0  rtexit.o(.ARM.Collect$$rtexit$$00000000)
    __rt_exit_ls                             0x08000261   Thumb Code     0  rtexit2.o(.ARM.Collect$$rtexit$$00000003)
    __rt_exit_prels_1                        0x08000261   Thumb Code     0  rtexit2.o(.ARM.Collect$$rtexit$$00000002)
    __rt_exit_exit                           0x08000265   Thumb Code     0  rtexit2.o(.ARM.Collect$$rtexit$$00000004)
    Reset_Handler                            0x0800026d   Thumb Code     8  startup_stm32f429_439xx.o(.text)
    _maybe_terminate_alloc                   0x0800026d   Thumb Code     0  maybetermalloc1.o(.emb_text)
    NMI_Handler                              0x08000275   Thumb Code     2  startup_stm32f429_439xx.o(.text)
    HardFault_Handler                        0x08000277   Thumb Code     2  startup_stm32f429_439xx.o(.text)
    MemManage_Handler                        0x08000279   Thumb Code     2  startup_stm32f429_439xx.o(.text)
    BusFault_Handler                         0x0800027b   Thumb Code     2  startup_stm32f429_439xx.o(.text)
    UsageFault_Handler                       0x0800027d   Thumb Code     2  startup_stm32f429_439xx.o(.text)
    SVC_Handler                              0x0800027f   Thumb Code     2  startup_stm32f429_439xx.o(.text)
    DebugMon_Handler                         0x08000281   Thumb Code     2  startup_stm32f429_439xx.o(.text)
    PendSV_Handler                           0x08000283   Thumb Code     2  startup_stm32f429_439xx.o(.text)
    SysTick_Handler                          0x08000285   Thumb Code     2  startup_stm32f429_439xx.o(.text)
    ADC_IRQHandler                           0x08000287   Thumb Code     0  startup_stm32f429_439xx.o(.text)
    CAN1_RX1_IRQHandler                      0x08000287   Thumb Code     0  startup_stm32f429_439xx.o(.text)
    CAN1_SCE_IRQHandler                      0x08000287   Thumb Code     0  startup_stm32f429_439xx.o(.text)
    CAN1_TX_IRQHandler                       0x08000287   Thumb Code     0  startup_stm32f429_439xx.o(.text)
    CAN2_RX1_IRQHandler                      0x08000287   Thumb Code     0  startup_stm32f429_439xx.o(.text)
    CAN2_SCE_IRQHandler                      0x08000287   Thumb Code     0  startup_stm32f429_439xx.o(.text)
    CAN2_TX_IRQHandler                       0x08000287   Thumb Code     0  startup_stm32f429_439xx.o(.text)
    CRYP_IRQHandler                          0x08000287   Thumb Code     0  startup_stm32f429_439xx.o(.text)
    DCMI_IRQHandler                          0x08000287   Thumb Code     0  startup_stm32f429_439xx.o(.text)
    DMA1_Stream0_IRQHandler                  0x08000287   Thumb Code     0  startup_stm32f429_439xx.o(.text)
    DMA1_Stream1_IRQHandler                  0x08000287   Thumb Code     0  startup_stm32f429_439xx.o(.text)
    DMA1_Stream2_IRQHandler                  0x08000287   Thumb Code     0  startup_stm32f429_439xx.o(.text)
    DMA1_Stream4_IRQHandler                  0x08000287   Thumb Code     0  startup_stm32f429_439xx.o(.text)
    DMA1_Stream5_IRQHandler                  0x08000287   Thumb Code     0  startup_stm32f429_439xx.o(.text)
    DMA1_Stream7_IRQHandler                  0x08000287   Thumb Code     0  startup_stm32f429_439xx.o(.text)
    DMA2D_IRQHandler                         0x08000287   Thumb Code     0  startup_stm32f429_439xx.o(.text)
    DMA2_Stream0_IRQHandler                  0x08000287   Thumb Code     0  startup_stm32f429_439xx.o(.text)
    DMA2_Stream1_IRQHandler                  0x08000287   Thumb Code     0  startup_stm32f429_439xx.o(.text)
    DMA2_Stream2_IRQHandler                  0x08000287   Thumb Code     0  startup_stm32f429_439xx.o(.text)
    DMA2_Stream3_IRQHandler                  0x08000287   Thumb Code     0  startup_stm32f429_439xx.o(.text)
    DMA2_Stream4_IRQHandler                  0x08000287   Thumb Code     0  startup_stm32f429_439xx.o(.text)
    DMA2_Stream5_IRQHandler                  0x08000287   Thumb Code     0  startup_stm32f429_439xx.o(.text)
    DMA2_Stream6_IRQHandler                  0x08000287   Thumb Code     0  startup_stm32f429_439xx.o(.text)
    ETH_IRQHandler                           0x08000287   Thumb Code     0  startup_stm32f429_439xx.o(.text)
    ETH_WKUP_IRQHandler                      0x08000287   Thumb Code     0  startup_stm32f429_439xx.o(.text)
    EXTI15_10_IRQHandler                     0x08000287   Thumb Code     0  startup_stm32f429_439xx.o(.text)
    EXTI1_IRQHandler                         0x08000287   Thumb Code     0  startup_stm32f429_439xx.o(.text)
    EXTI2_IRQHandler                         0x08000287   Thumb Code     0  startup_stm32f429_439xx.o(.text)
    EXTI3_IRQHandler                         0x08000287   Thumb Code     0  startup_stm32f429_439xx.o(.text)
    EXTI9_5_IRQHandler                       0x08000287   Thumb Code     0  startup_stm32f429_439xx.o(.text)
    FLASH_IRQHandler                         0x08000287   Thumb Code     0  startup_stm32f429_439xx.o(.text)
    FMC_IRQHandler                           0x08000287   Thumb Code     0  startup_stm32f429_439xx.o(.text)
    FPU_IRQHandler                           0x08000287   Thumb Code     0  startup_stm32f429_439xx.o(.text)
    HASH_RNG_IRQHandler                      0x08000287   Thumb Code     0  startup_stm32f429_439xx.o(.text)
    I2C1_ER_IRQHandler                       0x08000287   Thumb Code     0  startup_stm32f429_439xx.o(.text)
    I2C1_EV_IRQHandler                       0x08000287   Thumb Code     0  startup_stm32f429_439xx.o(.text)
    I2C2_ER_IRQHandler                       0x08000287   Thumb Code     0  startup_stm32f429_439xx.o(.text)
    I2C2_EV_IRQHandler                       0x08000287   Thumb Code     0  startup_stm32f429_439xx.o(.text)
    I2C3_ER_IRQHandler                       0x08000287   Thumb Code     0  startup_stm32f429_439xx.o(.text)
    I2C3_EV_IRQHandler                       0x08000287   Thumb Code     0  startup_stm32f429_439xx.o(.text)
    LTDC_ER_IRQHandler                       0x08000287   Thumb Code     0  startup_stm32f429_439xx.o(.text)
    LTDC_IRQHandler                          0x08000287   Thumb Code     0  startup_stm32f429_439xx.o(.text)
    OTG_FS_IRQHandler                        0x08000287   Thumb Code     0  startup_stm32f429_439xx.o(.text)
    OTG_FS_WKUP_IRQHandler                   0x08000287   Thumb Code     0  startup_stm32f429_439xx.o(.text)
    OTG_HS_EP1_IN_IRQHandler                 0x08000287   Thumb Code     0  startup_stm32f429_439xx.o(.text)
    OTG_HS_EP1_OUT_IRQHandler                0x08000287   Thumb Code     0  startup_stm32f429_439xx.o(.text)
    OTG_HS_IRQHandler                        0x08000287   Thumb Code     0  startup_stm32f429_439xx.o(.text)
    OTG_HS_WKUP_IRQHandler                   0x08000287   Thumb Code     0  startup_stm32f429_439xx.o(.text)
    PVD_IRQHandler                           0x08000287   Thumb Code     0  startup_stm32f429_439xx.o(.text)
    RCC_IRQHandler                           0x08000287   Thumb Code     0  startup_stm32f429_439xx.o(.text)
    RTC_Alarm_IRQHandler                     0x08000287   Thumb Code     0  startup_stm32f429_439xx.o(.text)
    RTC_WKUP_IRQHandler                      0x08000287   Thumb Code     0  startup_stm32f429_439xx.o(.text)
    SAI1_IRQHandler                          0x08000287   Thumb Code     0  startup_stm32f429_439xx.o(.text)
    SDIO_IRQHandler                          0x08000287   Thumb Code     0  startup_stm32f429_439xx.o(.text)
    SPI1_IRQHandler                          0x08000287   Thumb Code     0  startup_stm32f429_439xx.o(.text)
    SPI2_IRQHandler                          0x08000287   Thumb Code     0  startup_stm32f429_439xx.o(.text)
    SPI3_IRQHandler                          0x08000287   Thumb Code     0  startup_stm32f429_439xx.o(.text)
    SPI4_IRQHandler                          0x08000287   Thumb Code     0  startup_stm32f429_439xx.o(.text)
    SPI5_IRQHandler                          0x08000287   Thumb Code     0  startup_stm32f429_439xx.o(.text)
    SPI6_IRQHandler                          0x08000287   Thumb Code     0  startup_stm32f429_439xx.o(.text)
    TAMP_STAMP_IRQHandler                    0x08000287   Thumb Code     0  startup_stm32f429_439xx.o(.text)
    TIM1_BRK_TIM9_IRQHandler                 0x08000287   Thumb Code     0  startup_stm32f429_439xx.o(.text)
    TIM1_CC_IRQHandler                       0x08000287   Thumb Code     0  startup_stm32f429_439xx.o(.text)
    TIM1_TRG_COM_TIM11_IRQHandler            0x08000287   Thumb Code     0  startup_stm32f429_439xx.o(.text)
    TIM1_UP_TIM10_IRQHandler                 0x08000287   Thumb Code     0  startup_stm32f429_439xx.o(.text)
    TIM6_DAC_IRQHandler                      0x08000287   Thumb Code     0  startup_stm32f429_439xx.o(.text)
    TIM7_IRQHandler                          0x08000287   Thumb Code     0  startup_stm32f429_439xx.o(.text)
    TIM8_BRK_TIM12_IRQHandler                0x08000287   Thumb Code     0  startup_stm32f429_439xx.o(.text)
    TIM8_CC_IRQHandler                       0x08000287   Thumb Code     0  startup_stm32f429_439xx.o(.text)
    TIM8_TRG_COM_TIM14_IRQHandler            0x08000287   Thumb Code     0  startup_stm32f429_439xx.o(.text)
    TIM8_UP_TIM13_IRQHandler                 0x08000287   Thumb Code     0  startup_stm32f429_439xx.o(.text)
    UART4_IRQHandler                         0x08000287   Thumb Code     0  startup_stm32f429_439xx.o(.text)
    UART5_IRQHandler                         0x08000287   Thumb Code     0  startup_stm32f429_439xx.o(.text)
    UART7_IRQHandler                         0x08000287   Thumb Code     0  startup_stm32f429_439xx.o(.text)
    UART8_IRQHandler                         0x08000287   Thumb Code     0  startup_stm32f429_439xx.o(.text)
    USART6_IRQHandler                        0x08000287   Thumb Code     0  startup_stm32f429_439xx.o(.text)
    WWDG_IRQHandler                          0x08000287   Thumb Code     0  startup_stm32f429_439xx.o(.text)
    __user_initial_stackheap                 0x08000289   Thumb Code     0  startup_stm32f429_439xx.o(.text)
    __2printf                                0x080002ad   Thumb Code    20  __2printf.o(.text)
    _printf_pre_padding                      0x080002c5   Thumb Code    44  _printf_pad.o(.text)
    _printf_post_padding                     0x080002f1   Thumb Code    34  _printf_pad.o(.text)
    _printf_int_dec                          0x08000315   Thumb Code   104  _printf_dec.o(.text)
    _printf_longlong_hex                     0x0800038d   Thumb Code    86  _printf_hex_int_ll_ptr.o(.text)
    _printf_int_hex                          0x080003e3   Thumb Code    28  _printf_hex_int_ll_ptr.o(.text)
    _printf_ll_hex                           0x080003ff   Thumb Code    12  _printf_hex_int_ll_ptr.o(.text)
    _printf_hex_ptr                          0x0800040b   Thumb Code    18  _printf_hex_int_ll_ptr.o(.text)
    __printf                                 0x08000421   Thumb Code   388  __printf_flags_ss_wp.o(.text)
    strlen                                   0x080005a9   Thumb Code    62  strlen.o(.text)
    __aeabi_memcpy                           0x080005e7   Thumb Code     0  rt_memcpy_v6.o(.text)
    __rt_memcpy                              0x080005e7   Thumb Code   138  rt_memcpy_v6.o(.text)
    _memcpy_lastbytes                        0x0800064d   Thumb Code     0  rt_memcpy_v6.o(.text)
    __aeabi_memcpy4                          0x08000671   Thumb Code     0  rt_memcpy_w.o(.text)
    __aeabi_memcpy8                          0x08000671   Thumb Code     0  rt_memcpy_w.o(.text)
    __rt_memcpy_w                            0x08000671   Thumb Code   100  rt_memcpy_w.o(.text)
    _memcpy_lastbytes_aligned                0x080006b9   Thumb Code     0  rt_memcpy_w.o(.text)
    __aeabi_memclr4                          0x080006d5   Thumb Code     0  rt_memclr_w.o(.text)
    __aeabi_memclr8                          0x080006d5   Thumb Code     0  rt_memclr_w.o(.text)
    __rt_memclr_w                            0x080006d5   Thumb Code    78  rt_memclr_w.o(.text)
    _memset_w                                0x080006d9   Thumb Code     0  rt_memclr_w.o(.text)
    __use_two_region_memory                  0x08000723   Thumb Code     2  heapauxi.o(.text)
    __rt_heap_escrow                         0x08000725   Thumb Code     2  heapauxi.o(.text)
    __rt_heap_expand                         0x08000727   Thumb Code     2  heapauxi.o(.text)
    _printf_int_common                       0x08000729   Thumb Code   178  _printf_intcommon.o(.text)
    _printf_char_common                      0x080007e7   Thumb Code    32  _printf_char_common.o(.text)
    _printf_char_file                        0x0800080d   Thumb Code    32  _printf_char_file.o(.text)
    ferror                                   0x08000831   Thumb Code     8  ferror.o(.text)
    _initio                                  0x08000839   Thumb Code   210  initio.o(.text)
    _terminateio                             0x0800090b   Thumb Code    56  initio.o(.text)
    _sys_open                                0x08000971   Thumb Code    20  sys_io.o(.text)
    _sys_close                               0x08000985   Thumb Code    12  sys_io.o(.text)
    _sys_write                               0x08000991   Thumb Code    16  sys_io.o(.text)
    _sys_read                                0x080009a1   Thumb Code    14  sys_io.o(.text)
    _sys_istty                               0x080009af   Thumb Code    12  sys_io.o(.text)
    _sys_seek                                0x080009bb   Thumb Code    14  sys_io.o(.text)
    _sys_ensure                              0x080009c9   Thumb Code     2  sys_io.o(.text)
    _sys_flen                                0x080009cb   Thumb Code    12  sys_io.o(.text)
    __user_setup_stackheap                   0x080009d7   Thumb Code    74  sys_stackheap_outer.o(.text)
    free                                     0x08000a21   Thumb Code    78  h1_free.o(.text)
    __flsbuf                                 0x08000a6f   Thumb Code   470  flsbuf.o(.text)
    __flsbuf_byte                            0x08000a6f   Thumb Code     0  flsbuf.o(.text)
    __flsbuf_wide                            0x08000a6f   Thumb Code     0  flsbuf.o(.text)
    setvbuf                                  0x08000c45   Thumb Code    70  setvbuf.o(.text)
    freopen                                  0x08000c8d   Thumb Code   158  fopen.o(.text)
    fopen                                    0x08000d2b   Thumb Code    74  fopen.o(.text)
    _fclose_internal                         0x08000d79   Thumb Code    76  fclose.o(.text)
    fclose                                   0x08000d79   Thumb Code     0  fclose.o(.text)
    exit                                     0x08000dc5   Thumb Code    18  exit.o(.text)
    __rt_SIGRTRED                            0x08000dd7   Thumb Code    14  defsig_rtred_outer.o(.text)
    __user_libspace                          0x08000de5   Thumb Code     8  libspace.o(.text)
    __user_perproc_libspace                  0x08000de5   Thumb Code     0  libspace.o(.text)
    __user_perthread_libspace                0x08000de5   Thumb Code     0  libspace.o(.text)
    __I$use$semihosting                      0x08000ded   Thumb Code     0  use_no_semi.o(.text)
    __use_no_semihosting_swi                 0x08000ded   Thumb Code     2  use_no_semi.o(.text)
    __semihosting_library_function           0x08000def   Thumb Code     0  indicate_semi.o(.text)
    __rt_heap_descriptor                     0x08000df1   Thumb Code     8  rt_heap_descriptor_intlibspace.o(.text)
    __use_no_heap                            0x08000df9   Thumb Code     2  hguard.o(.text)
    __heap$guard                             0x08000dfb   Thumb Code     2  hguard.o(.text)
    _terminate_user_alloc                    0x08000dfd   Thumb Code     2  init_alloc.o(.text)
    _init_user_alloc                         0x08000dff   Thumb Code     2  init_alloc.o(.text)
    __Heap_Full                              0x08000e01   Thumb Code    34  init_alloc.o(.text)
    __Heap_Broken                            0x08000e23   Thumb Code     6  init_alloc.o(.text)
    _init_alloc                              0x08000e29   Thumb Code    94  init_alloc.o(.text)
    malloc                                   0x08000e87   Thumb Code    94  h1_alloc.o(.text)
    _fseek                                   0x08000ee5   Thumb Code   242  fseek.o(.text)
    fseek                                    0x08000ee5   Thumb Code     0  fseek.o(.text)
    _seterr                                  0x08000fdd   Thumb Code    20  stdio.o(.text)
    _writebuf                                0x08000ff1   Thumb Code    84  stdio.o(.text)
    _fflush                                  0x08001045   Thumb Code    70  stdio.o(.text)
    _deferredlazyseek                        0x0800108b   Thumb Code    60  stdio.o(.text)
    __sig_exit                               0x080010cd   Thumb Code    10  defsig_exit.o(.text)
    __rt_SIGRTRED_inner                      0x080010d9   Thumb Code    14  defsig_rtred_inner.o(.text)
    _sys_exit                                0x0800110d   Thumb Code     8  sys_exit.o(.text)
    __Heap_Initialize                        0x08001119   Thumb Code    10  h1_init.o(.text)
    __Heap_DescSize                          0x08001123   Thumb Code     4  h1_init.o(.text)
    __Heap_ProvideMemory                     0x08001127   Thumb Code    52  h1_extend.o(.text)
    _ftell_internal                          0x0800115b   Thumb Code    66  ftell.o(.text)
    ftell                                    0x0800115b   Thumb Code     0  ftell.o(.text)
    __default_signal_display                 0x0800119d   Thumb Code    50  defsig_general.o(.text)
    __rt_SIGRTMEM                            0x080011cf   Thumb Code    14  defsig_rtmem_outer.o(.text)
    _ttywrch                                 0x080011dd   Thumb Code    14  sys_wrch.o(.text)
    __aeabi_errno_addr                       0x080011ed   Thumb Code     8  rt_errno_addr_intlibspace.o(.text)
    __errno$intlibspace                      0x080011ed   Thumb Code     0  rt_errno_addr_intlibspace.o(.text)
    __rt_errno_addr$intlibspace              0x080011ed   Thumb Code     0  rt_errno_addr_intlibspace.o(.text)
    __rt_SIGRTMEM_inner                      0x080011f5   Thumb Code    22  defsig_rtmem_inner.o(.text)
    ADC1_Config                              0x08001245   Thumb Code   122  adcadapter.o(i.ADC1_Config)
    ADC2_Config                              0x080012c9   Thumb Code   124  adcadapter.o(i.ADC2_Config)
    ADC_Cmd                                  0x0800134d   Thumb Code    22  stm32f4xx_adc.o(i.ADC_Cmd)
    ADC_CommonInit                           0x08001365   Thumb Code    34  stm32f4xx_adc.o(i.ADC_CommonInit)
    ADC_CommonStructInit                     0x08001395   Thumb Code    12  stm32f4xx_adc.o(i.ADC_CommonStructInit)
    ADC_Common_Config                        0x080013a1   Thumb Code    36  adcadapter.o(i.ADC_Common_Config)
    ADC_Init                                 0x080013c5   Thumb Code    74  stm32f4xx_adc.o(i.ADC_Init)
    ADC_RegularChannelConfig                 0x08001419   Thumb Code   184  stm32f4xx_adc.o(i.ADC_RegularChannelConfig)
    ADC_SoftwareStartConv                    0x080014d1   Thumb Code    10  stm32f4xx_adc.o(i.ADC_SoftwareStartConv)
    ADC_StructInit                           0x080014db   Thumb Code    20  stm32f4xx_adc.o(i.ADC_StructInit)
    Adc_Init                                 0x080014ef   Thumb Code    16  adcadapter.o(i.Adc_Init)
    CAN1_RX0_IRQHandler                      0x08001501   Thumb Code    66  canadapter.o(i.CAN1_RX0_IRQHandler)
    CAN2_RX0_IRQHandler                      0x08001551   Thumb Code    66  canadapter.o(i.CAN2_RX0_IRQHandler)
    CAN_DeInit                               0x080015a1   Thumb Code    50  stm32f4xx_can.o(i.CAN_DeInit)
    CAN_FilterInit                           0x080015d9   Thumb Code   258  stm32f4xx_can.o(i.CAN_FilterInit)
    CAN_GetFlagStatus                        0x080016e1   Thumb Code   120  stm32f4xx_can.o(i.CAN_GetFlagStatus)
    CAN_ITConfig                             0x08001759   Thumb Code    18  stm32f4xx_can.o(i.CAN_ITConfig)
    CAN_Init                                 0x0800176b   Thumb Code   276  stm32f4xx_can.o(i.CAN_Init)
    CAN_Receive                              0x0800187f   Thumb Code   240  stm32f4xx_can.o(i.CAN_Receive)
    CA_Init                                  0x08001971   Thumb Code   106  ctrlalgorithm.o(i.CA_Init)
    Can_Config_Setup                         0x080019fd   Thumb Code   512  canadapter.o(i.Can_Config_Setup)
    Can_FormatData                           0x08001c05   Thumb Code    74  canadapter.o(i.Can_FormatData)
    Can_FormatFilter                         0x08001c4f   Thumb Code    14  canadapter.o(i.Can_FormatFilter)
    Can_GPIO_Setup                           0x08001c5d   Thumb Code    88  canadapter.o(i.Can_GPIO_Setup)
    Can_Init                                 0x08001cb9   Thumb Code   172  canadapter.o(i.Can_Init)
    ConfigGPIO_Uart1                         0x08001d65   Thumb Code    88  uartadapter.o(i.ConfigGPIO_Uart1)
    ConfigGPIO_Uart2                         0x08001dc5   Thumb Code    86  uartadapter.o(i.ConfigGPIO_Uart2)
    ConfigGPIO_Uart3                         0x08001e25   Thumb Code    68  uartadapter.o(i.ConfigGPIO_Uart3)
    DMA1_Stream3_IRQHandler                  0x08001e6d   Thumb Code    44  uartadapter.o(i.DMA1_Stream3_IRQHandler)
    DMA1_Stream6_IRQHandler                  0x08001ea5   Thumb Code    42  uartadapter.o(i.DMA1_Stream6_IRQHandler)
    DMA2_Stream7_IRQHandler                  0x08001ee1   Thumb Code    44  uartadapter.o(i.DMA2_Stream7_IRQHandler)
    DMA_ClearFlag                            0x08001f19   Thumb Code    38  stm32f4xx_dma.o(i.DMA_ClearFlag)
    DMA_Cmd                                  0x08001f4d   Thumb Code    22  stm32f4xx_dma.o(i.DMA_Cmd)
    DMA_DeInit                               0x08001f65   Thumb Code   324  stm32f4xx_dma.o(i.DMA_DeInit)
    DMA_GetCurrDataCounter                   0x080020bd   Thumb Code     8  stm32f4xx_dma.o(i.DMA_GetCurrDataCounter)
    DMA_GetITStatus                          0x080020c5   Thumb Code    82  stm32f4xx_dma.o(i.DMA_GetITStatus)
    DMA_ITConfig                             0x08002129   Thumb Code    58  stm32f4xx_dma.o(i.DMA_ITConfig)
    DMA_Init                                 0x08002165   Thumb Code    82  stm32f4xx_dma.o(i.DMA_Init)
    DMA_SetCurrDataCounter                   0x080021bd   Thumb Code     4  stm32f4xx_dma.o(i.DMA_SetCurrDataCounter)
    Dac_Init                                 0x080021c1   Thumb Code    16  dacadapter.o(i.Dac_Init)
    Delay_Init                               0x080021d1   Thumb Code    38  delayadapter.o(i.Delay_Init)
    Delay_ms                                 0x080021fd   Thumb Code   202  delayadapter.o(i.Delay_ms)
    EXTI0_IRQHandler                         0x080022cd   Thumb Code    30  extiadapter.o(i.EXTI0_IRQHandler)
    EXTI4_IRQHandler                         0x080022f1   Thumb Code    30  extiadapter.o(i.EXTI4_IRQHandler)
    EXTI_ClearITPendingBit                   0x08002315   Thumb Code     6  stm32f4xx_exti.o(i.EXTI_ClearITPendingBit)
    EXTI_GetITStatus                         0x08002321   Thumb Code    20  stm32f4xx_exti.o(i.EXTI_GetITStatus)
    FMC_GPIOConfig                           0x08002339   Thumb Code   452  fmcadapter.o(i.FMC_GPIOConfig)
    FMC_Init                                 0x0800250d   Thumb Code   120  fmcadapter.o(i.FMC_Init)
    FMC_NORSRAMCmd                           0x08002585   Thumb Code    46  stm32f4xx_fmc.o(i.FMC_NORSRAMCmd)
    FMC_NORSRAMInit                          0x080025b9   Thumb Code   328  stm32f4xx_fmc.o(i.FMC_NORSRAMInit)
    FMC_ReadWord                             0x08002709   Thumb Code    12  fmcadapter.o(i.FMC_ReadWord)
    FPGA_Get_BaudRate                        0x08002715   Thumb Code   106  uartadapter.o(i.FPGA_Get_BaudRate)
    FPGA_Get_Config                          0x08002785   Thumb Code    52  uartadapter.o(i.FPGA_Get_Config)
    FPGA_UART_Init                           0x080027b9   Thumb Code   136  uartadapter.o(i.FPGA_UART_Init)
    GPIO_Init                                0x08002841   Thumb Code   144  stm32f4xx_gpio.o(i.GPIO_Init)
    GPIO_PinAFConfig                         0x080028d1   Thumb Code    70  stm32f4xx_gpio.o(i.GPIO_PinAFConfig)
    GPIO_ResetBits                           0x08002917   Thumb Code     4  stm32f4xx_gpio.o(i.GPIO_ResetBits)
    GPIO_SetBits                             0x0800291b   Thumb Code     4  stm32f4xx_gpio.o(i.GPIO_SetBits)
    GPIO_WriteBit                            0x0800291f   Thumb Code    10  stm32f4xx_gpio.o(i.GPIO_WriteBit)
    GetDataBits                              0x08002929   Thumb Code    28  uartadapter.o(i.GetDataBits)
    GetParityBits                            0x08002945   Thumb Code    38  uartadapter.o(i.GetParityBits)
    GetStopBits                              0x0800296b   Thumb Code    48  uartadapter.o(i.GetStopBits)
    Gpio_Init                                0x0800299d   Thumb Code    92  gpioadapter.o(i.Gpio_Init)
    IINCHIP_READ                             0x08002a01   Thumb Code    50  w5500_conf.o(i.IINCHIP_READ)
    IINCHIP_SpiSendData                      0x08002a33   Thumb Code    16  w5500_conf.o(i.IINCHIP_SpiSendData)
    IINCHIP_WRITE                            0x08002a43   Thumb Code    50  w5500_conf.o(i.IINCHIP_WRITE)
    ISR_Main_Int                             0x08002a75   Thumb Code    40  main.o(i.ISR_Main_Int)
    Inner_Weak_Coef_Init                     0x08002aa1   Thumb Code     2  ctrlalgorithm.o(i.Inner_Weak_Coef_Init)
    Led_Blink                                0x08002aa5   Thumb Code    58  ledadapter.o(i.Led_Blink)
    Led_Init                                 0x08002aed   Thumb Code    84  ledadapter.o(i.Led_Init)
    NVIC_Init                                0x08002b45   Thumb Code   106  misc.o(i.NVIC_Init)
    NVIC_PriorityGroupConfig                 0x08002bbd   Thumb Code    10  misc.o(i.NVIC_PriorityGroupConfig)
    Outer_Weak_Coef_Init                     0x08002bd1   Thumb Code     2  ctrlalgorithm.o(i.Outer_Weak_Coef_Init)
    PHY_check                                0x08002bd5   Thumb Code    80  w5500_conf.o(i.PHY_check)
    Peripheral_Init                          0x08002c49   Thumb Code   114  main.o(i.Peripheral_Init)
    RCC_AHB1PeriphClockCmd                   0x08002cbd   Thumb Code    26  stm32f4xx_rcc.o(i.RCC_AHB1PeriphClockCmd)
    RCC_AHB3PeriphClockCmd                   0x08002cdd   Thumb Code    26  stm32f4xx_rcc.o(i.RCC_AHB3PeriphClockCmd)
    RCC_APB1PeriphClockCmd                   0x08002cfd   Thumb Code    26  stm32f4xx_rcc.o(i.RCC_APB1PeriphClockCmd)
    RCC_APB1PeriphResetCmd                   0x08002d1d   Thumb Code    26  stm32f4xx_rcc.o(i.RCC_APB1PeriphResetCmd)
    RCC_APB2PeriphClockCmd                   0x08002d3d   Thumb Code    26  stm32f4xx_rcc.o(i.RCC_APB2PeriphClockCmd)
    RCC_APB2PeriphResetCmd                   0x08002d5d   Thumb Code    26  stm32f4xx_rcc.o(i.RCC_APB2PeriphResetCmd)
    RCC_GetClocksFreq                        0x08002d7d   Thumb Code   214  stm32f4xx_rcc.o(i.RCC_GetClocksFreq)
    SPI1_Config                              0x08002e65   Thumb Code   250  spiadapter.o(i.SPI1_Config)
    SPI2_Config                              0x08002f6d   Thumb Code   244  spiadapter.o(i.SPI2_Config)
    SPI3_Config                              0x0800306d   Thumb Code   234  spiadapter.o(i.SPI3_Config)
    SPI_Cmd                                  0x08003161   Thumb Code    24  stm32f4xx_spi.o(i.SPI_Cmd)
    SPI_I2S_GetFlagStatus                    0x08003179   Thumb Code    18  stm32f4xx_spi.o(i.SPI_I2S_GetFlagStatus)
    SPI_I2S_ReceiveData                      0x0800318b   Thumb Code     6  stm32f4xx_spi.o(i.SPI_I2S_ReceiveData)
    SPI_I2S_SendData                         0x08003191   Thumb Code     4  stm32f4xx_spi.o(i.SPI_I2S_SendData)
    SPI_Init                                 0x08003195   Thumb Code    60  stm32f4xx_spi.o(i.SPI_Init)
    Spi_CS                                   0x080032f1   Thumb Code    62  spiadapter.o(i.Spi_CS)
    Spi_Init                                 0x08003339   Thumb Code    40  spiadapter.o(i.Spi_Init)
    Spi_ReadWrite                            0x08003361   Thumb Code    50  spiadapter.o(i.Spi_ReadWrite)
    Spi_ReadWriteData                        0x08003395   Thumb Code    64  spiadapter.o(i.Spi_ReadWriteData)
    SysTick_CLKSourceConfig                  0x080033e1   Thumb Code    40  misc.o(i.SysTick_CLKSourceConfig)
    SystemInit                               0x08003409   Thumb Code    88  system_stm32f4xx.o(i.SystemInit)
    TIM2_IRQHandler                          0x08003471   Thumb Code    44  timadapter.o(i.TIM2_IRQHandler)
    TIM3_IRQHandler                          0x080034a1   Thumb Code    38  timadapter.o(i.TIM3_IRQHandler)
    TIM4_IRQHandler                          0x080034d1   Thumb Code    38  timadapter.o(i.TIM4_IRQHandler)
    TIM5_IRQHandler                          0x08003501   Thumb Code    38  timadapter.o(i.TIM5_IRQHandler)
    TIM_ClearFlag                            0x08003531   Thumb Code     6  stm32f4xx_tim.o(i.TIM_ClearFlag)
    TIM_Cmd                                  0x08003537   Thumb Code    24  stm32f4xx_tim.o(i.TIM_Cmd)
    TIM_DeInit                               0x08003551   Thumb Code   346  stm32f4xx_tim.o(i.TIM_DeInit)
    TIM_ITConfig                             0x080036e1   Thumb Code    18  stm32f4xx_tim.o(i.TIM_ITConfig)
    TIM_TimeBaseInit                         0x080036f5   Thumb Code   104  stm32f4xx_tim.o(i.TIM_TimeBaseInit)
    Timer_Init                               0x08003779   Thumb Code   340  timadapter.o(i.Timer_Init)
    USART1_DMA_Init                          0x080038e9   Thumb Code   422  uartadapter.o(i.USART1_DMA_Init)
    USART1_IRQHandler                        0x08003aa1   Thumb Code    72  uartadapter.o(i.USART1_IRQHandler)
    USART1_RX_Finish_IRQ                     0x08003af5   Thumb Code    74  uartadapter.o(i.USART1_RX_Finish_IRQ)
    USART2_DMA_Init                          0x08003b51   Thumb Code   420  uartadapter.o(i.USART2_DMA_Init)
    USART2_IRQHandler                        0x08003d09   Thumb Code    74  uartadapter.o(i.USART2_IRQHandler)
    USART2_RX_Finish_IRQ                     0x08003d61   Thumb Code    76  uartadapter.o(i.USART2_RX_Finish_IRQ)
    USART3_DMA_Init                          0x08003dbd   Thumb Code   420  uartadapter.o(i.USART3_DMA_Init)
    USART3_IRQHandler                        0x08003f75   Thumb Code    74  uartadapter.o(i.USART3_IRQHandler)
    USART3_RX_Finish_IRQ                     0x08003fcd   Thumb Code    76  uartadapter.o(i.USART3_RX_Finish_IRQ)
    USART_Cmd                                0x08004029   Thumb Code    24  stm32f4xx_usart.o(i.USART_Cmd)
    USART_DMACmd                             0x08004041   Thumb Code    18  stm32f4xx_usart.o(i.USART_DMACmd)
    USART_GetITStatus                        0x08004053   Thumb Code    84  stm32f4xx_usart.o(i.USART_GetITStatus)
    USART_ITConfig                           0x080040a7   Thumb Code    74  stm32f4xx_usart.o(i.USART_ITConfig)
    USART_Init                               0x080040f1   Thumb Code   204  stm32f4xx_usart.o(i.USART_Init)
    Uart_Init                                0x080041c5   Thumb Code   158  uartadapter.o(i.Uart_Init)
    Udp_Cs_Desel                             0x08004263   Thumb Code    12  udpadapter.o(i.Udp_Cs_Desel)
    Udp_Cs_Sel                               0x0800426f   Thumb Code    12  udpadapter.o(i.Udp_Cs_Sel)
    Udp_Init                                 0x0800427d   Thumb Code    42  udpadapter.o(i.Udp_Init)
    Udp_Para_Initial                         0x080042c1   Thumb Code   112  udpadapter.o(i.Udp_Para_Initial)
    Udp_Spi_Read_Burst                       0x08004335   Thumb Code    32  udpadapter.o(i.Udp_Spi_Read_Burst)
    Udp_Spi_Read_Byte                        0x08004355   Thumb Code    14  udpadapter.o(i.Udp_Spi_Read_Byte)
    Udp_Spi_Write_Burst                      0x08004363   Thumb Code    30  udpadapter.o(i.Udp_Spi_Write_Burst)
    Udp_Spi_Write_Byte                       0x08004381   Thumb Code    14  udpadapter.o(i.Udp_Spi_Write_Byte)
    W5500_Init                               0x08004391   Thumb Code   252  udpadapter.o(i.W5500_Init)
    WIZCHIP_READ                             0x080044a1   Thumb Code   112  w5500.o(i.WIZCHIP_READ)
    WIZCHIP_READ_BUF                         0x08004515   Thumb Code   136  w5500.o(i.WIZCHIP_READ_BUF)
    WIZCHIP_WRITE                            0x080045a1   Thumb Code   112  w5500.o(i.WIZCHIP_WRITE)
    WIZCHIP_WRITE_BUF                        0x08004615   Thumb Code   132  w5500.o(i.WIZCHIP_WRITE_BUF)
    _is_digit                                0x0800469d   Thumb Code    14  __printf_wp.o(i._is_digit)
    close                                    0x080046ab   Thumb Code    52  socket.o(i.close)
    ctlnetwork                               0x080046df   Thumb Code    80  wizchip_conf.o(i.ctlnetwork)
    ctlwizchip                               0x08004731   Thumb Code   276  wizchip_conf.o(i.ctlwizchip)
    fputc                                    0x08004849   Thumb Code    26  fputc.o(i.fputc)
    getGAR                                   0x08004863   Thumb Code    16  w5500_control.o(i.getGAR)
    getPHYStatus                             0x08004873   Thumb Code    12  w5500_conf.o(i.getPHYStatus)
    getSHAR                                  0x0800487f   Thumb Code    18  w5500_control.o(i.getSHAR)
    getSIPR                                  0x08004891   Thumb Code    18  w5500_control.o(i.getSIPR)
    getSUBR                                  0x080048a3   Thumb Code    18  w5500_control.o(i.getSUBR)
    iinchip_csoff                            0x080048b5   Thumb Code    12  w5500_conf.o(i.iinchip_csoff)
    iinchip_cson                             0x080048c1   Thumb Code    12  w5500_conf.o(i.iinchip_cson)
    main                                     0x080048cd   Thumb Code    50  main.o(i.main)
    reg_wizchip_cs_cbfunc                    0x08004905   Thumb Code    26  wizchip_conf.o(i.reg_wizchip_cs_cbfunc)
    reg_wizchip_spi_cbfunc                   0x0800492d   Thumb Code    40  wizchip_conf.o(i.reg_wizchip_spi_cbfunc)
    reg_wizchip_spiburst_cbfunc              0x08004961   Thumb Code    38  wizchip_conf.o(i.reg_wizchip_spiburst_cbfunc)
    reset_w5500                              0x08004995   Thumb Code    40  w5500_conf.o(i.reset_w5500)
    setGAR                                   0x080049c1   Thumb Code    16  w5500_control.o(i.setGAR)
    setSHAR                                  0x080049d1   Thumb Code    18  w5500_control.o(i.setSHAR)
    setSIPR                                  0x080049e3   Thumb Code    18  w5500_control.o(i.setSIPR)
    setSUBR                                  0x080049f5   Thumb Code    18  w5500_control.o(i.setSUBR)
    set_w5500_mac                            0x08004a09   Thumb Code    68  w5500_conf.o(i.set_w5500_mac)
    set_w5500_netinfo                        0x08004a89   Thumb Code   166  w5500_conf.o(i.set_w5500_netinfo)
    socket_buf_init                          0x08004bcd   Thumb Code   128  w5500_control.o(i.socket_buf_init)
    w5500Init                                0x08004c55   Thumb Code    28  w5500_conf.o(i.w5500Init)
    w5500_OpenSocket                         0x08004c79   Thumb Code    70  udpadapter.o(i.w5500_OpenSocket)
    wiz_read_buf                             0x08004cc5   Thumb Code    78  w5500_conf.o(i.wiz_read_buf)
    wiz_write_buf                            0x08004d2d   Thumb Code    80  w5500_conf.o(i.wiz_write_buf)
    wizchip_bus_readdata                     0x08004d95   Thumb Code     6  wizchip_conf.o(i.wizchip_bus_readdata)
    wizchip_bus_writedata                    0x08004d9b   Thumb Code     4  wizchip_conf.o(i.wizchip_bus_writedata)
    wizchip_clrinterrupt                     0x08004d9f   Thumb Code    32  wizchip_conf.o(i.wizchip_clrinterrupt)
    wizchip_cris_enter                       0x08004dbf   Thumb Code     2  wizchip_conf.o(i.wizchip_cris_enter)
    wizchip_cris_exit                        0x08004dc1   Thumb Code     2  wizchip_conf.o(i.wizchip_cris_exit)
    wizchip_cs_deselect                      0x08004dc3   Thumb Code     2  wizchip_conf.o(i.wizchip_cs_deselect)
    wizchip_cs_select                        0x08004dc5   Thumb Code     2  wizchip_conf.o(i.wizchip_cs_select)
    wizchip_getinterrupt                     0x08004dc7   Thumb Code    42  wizchip_conf.o(i.wizchip_getinterrupt)
    wizchip_getinterruptmask                 0x08004df1   Thumb Code    40  wizchip_conf.o(i.wizchip_getinterruptmask)
    wizchip_getnetinfo                       0x08004e19   Thumb Code    82  wizchip_conf.o(i.wizchip_getnetinfo)
    wizchip_getnetmode                       0x08004e75   Thumb Code    10  wizchip_conf.o(i.wizchip_getnetmode)
    wizchip_gettimeout                       0x08004e7f   Thumb Code    40  wizchip_conf.o(i.wizchip_gettimeout)
    wizchip_init                             0x08004ea7   Thumb Code   144  wizchip_conf.o(i.wizchip_init)
    wizchip_setinterruptmask                 0x08004f37   Thumb Code    30  wizchip_conf.o(i.wizchip_setinterruptmask)
    wizchip_setnetinfo                       0x08004f55   Thumb Code    80  wizchip_conf.o(i.wizchip_setnetinfo)
    wizchip_setnetmode                       0x08004fad   Thumb Code    38  wizchip_conf.o(i.wizchip_setnetmode)
    wizchip_settimeout                       0x08004fd3   Thumb Code    38  wizchip_conf.o(i.wizchip_settimeout)
    wizchip_spi_readburst                    0x08004ff9   Thumb Code     2  wizchip_conf.o(i.wizchip_spi_readburst)
    wizchip_spi_readbyte                     0x08004ffb   Thumb Code     4  wizchip_conf.o(i.wizchip_spi_readbyte)
    wizchip_spi_writeburst                   0x08004fff   Thumb Code     2  wizchip_conf.o(i.wizchip_spi_writeburst)
    wizchip_spi_writebyte                    0x08005001   Thumb Code     2  wizchip_conf.o(i.wizchip_spi_writebyte)
    wizchip_sw_reset                         0x08005003   Thumb Code   114  wizchip_conf.o(i.wizchip_sw_reset)
    wizphy_getphyconf                        0x08005075   Thumb Code   120  wizchip_conf.o(i.wizphy_getphyconf)
    wizphy_getphylink                        0x080050ed   Thumb Code    24  wizchip_conf.o(i.wizphy_getphylink)
    wizphy_getphypmode                       0x08005105   Thumb Code    30  wizchip_conf.o(i.wizphy_getphypmode)
    wizphy_reset                             0x08005123   Thumb Code    52  wizchip_conf.o(i.wizphy_reset)
    wizphy_setphyconf                        0x08005157   Thumb Code    88  wizchip_conf.o(i.wizphy_setphyconf)
    wizphy_setphypmode                       0x080051af   Thumb Code   100  wizchip_conf.o(i.wizphy_setphypmode)
    _fp_init                                 0x08005213   Thumb Code    10  fpinit.o(x$fpl$fpinit)
    __fplib_config_fpu_vfp                   0x0800521b   Thumb Code     0  fpinit.o(x$fpl$fpinit)
    __fplib_config_pureend_doubles           0x0800521b   Thumb Code     0  fpinit.o(x$fpl$fpinit)
    __stdin_name                             0x08005255   Data           4  sys_io.o(.constdata)
    __stdout_name                            0x08005259   Data           4  sys_io.o(.constdata)
    __stderr_name                            0x0800525d   Data           4  sys_io.o(.constdata)
    Region$$Table$$Base                      0x08005264   Number         0  anon$$obj.o(Region$$Table)
    Region$$Table$$Limit                     0x08005284   Number         0  anon$$obj.o(Region$$Table)
    g_Hander_TImer2                          0x20000014   Data           4  timadapter.o(.data)
    g_Hander_TImer3                          0x20000018   Data           4  timadapter.o(.data)
    g_Hander_TImer4                          0x2000001c   Data           4  timadapter.o(.data)
    g_Hander_TImer5                          0x20000020   Data           4  timadapter.o(.data)
    USART1_TX_BUSY                           0x20000024   Data           1  uartadapter.o(.data)
    USART2_TX_BUSY                           0x20000025   Data           1  uartadapter.o(.data)
    USART3_TX_BUSY                           0x20000026   Data           1  uartadapter.o(.data)
    g_can_IntHandler                         0x20000028   Data           8  canadapter.o(.data)
    g_counter_main                           0x20000030   Data           4  main.o(.data)
    g_uiRecvCnt                              0x20000034   Data           4  main.o(.data)
    g_ucRecvCntUart1                         0x20000038   Data           4  main.o(.data)
    g_ucFlagRecvFrame                        0x2000003c   Data           1  main.o(.data)
    g_ucStatePower                           0x2000003d   Data           2  main.o(.data)
    SystemCoreClock                          0x20000040   Data           4  system_stm32f4xx.o(.data)
    AHBPrescTable                            0x20000044   Data          16  system_stm32f4xx.o(.data)
    WIZCHIP                                  0x20000054   Data          40  wizchip_conf.o(.data)
    rxlen                                    0x20000084   Data           2  w5500_conf.o(.data)
    mac                                      0x20000086   Data           6  w5500_conf.o(.data)
    local_ip                                 0x2000008c   Data           4  w5500_conf.o(.data)
    subnet                                   0x20000090   Data           4  w5500_conf.o(.data)
    gateway                                  0x20000094   Data           4  w5500_conf.o(.data)
    dns_server                               0x20000098   Data           4  w5500_conf.o(.data)
    local_port                               0x2000009c   Data           2  w5500_conf.o(.data)
    remote_ip                                0x2000009e   Data           4  w5500_conf.o(.data)
    remote_port                              0x200000a2   Data           2  w5500_conf.o(.data)
    ip_from                                  0x200000a4   Data           1  w5500_conf.o(.data)
    ms                                       0x200000a8   Data           4  w5500_conf.o(.data)
    txsize                                   0x200000ac   Data           8  w5500_control.o(.data)
    rxsize                                   0x200000b4   Data           8  w5500_control.o(.data)
    __aeabi_stdin                            0x200000bc   Data           4  stdio_streams.o(.data)
    __aeabi_stdout                           0x200000c0   Data           4  stdio_streams.o(.data)
    __aeabi_stderr                           0x200000c4   Data           4  stdio_streams.o(.data)
    g_exti_hander                            0x200000c8   Data          80  extiadapter.o(.bss)
    g_UartData                               0x20000118   Data        9630  uartadapter.o(.bss)
    g_Udp_Para                               0x200026b6   Data          26  udpadapter.o(.bss)
    ConfigMsg                                0x20002700   Data          28  w5500_conf.o(.bss)
    RecvMsg                                  0x2000271c   Data          28  w5500_conf.o(.bss)
    rxbuf                                    0x20002738   Data        1024  w5500_conf.o(.bss)
    SSIZE                                    0x20002b38   Data          16  w5500_control.o(.bss)
    RSIZE                                    0x20002b48   Data          16  w5500_control.o(.bss)
    g_CA_POWER_Calc                          0x20002b58   Data          36  ctrlalgorithm.o(.bss)
    g_CA_POWER_Para                          0x20002b7c   Data          24  ctrlalgorithm.o(.bss)
    g_CA_FC_Para                             0x20002b98   Data         192  ctrlalgorithm.o(.bss)
    g_CA_FC_Calc                             0x20002c58   Data         256  ctrlalgorithm.o(.bss)
    __stdin                                  0x20002d58   Data          84  stdio_streams.o(.bss)
    __stdout                                 0x20002dac   Data          84  stdio_streams.o(.bss)
    __stderr                                 0x20002e00   Data          84  stdio_streams.o(.bss)
    __libspace_start                         0x20002e54   Data          96  libspace.o(.bss)
    __temporary_stack_top$libspace           0x20002eb4   Data           0  libspace.o(.bss)



==============================================================================

Memory Map of the image

  Image Entry point : 0x080001ad

  Load Region LR_IROM1 (Base: 0x08000000, Size: 0x0000534c, Max: 0x00200000, ABSOLUTE)

    Execution Region ER_IROM1 (Exec base: 0x08000000, Load base: 0x08000000, Size: 0x00005284, Max: 0x00200000, ABSOLUTE)

    Exec Addr    Load Addr    Size         Type   Attr      Idx    E Section Name        Object

    0x08000000   0x08000000   0x000001ac   Data   RO         3410    RESET               startup_stm32f429_439xx.o
    0x080001ac   0x080001ac   0x00000008   Code   RO         4467  * !!!main             c_w.l(__main.o)
    0x080001b4   0x080001b4   0x00000034   Code   RO         4948    !!!scatter          c_w.l(__scatter.o)
    0x080001e8   0x080001e8   0x0000001a   Code   RO         4950    !!handler_copy      c_w.l(__scatter_copy.o)
    0x08000202   0x08000202   0x00000002   PAD
    0x08000204   0x08000204   0x0000001c   Code   RO         4952    !!handler_zi        c_w.l(__scatter_zi.o)
    0x08000220   0x08000220   0x00000000   Code   RO         4441    .ARM.Collect$$_printf_percent$$00000000  c_w.l(_printf_percent.o)
    0x08000220   0x08000220   0x00000006   Code   RO         4440    .ARM.Collect$$_printf_percent$$00000009  c_w.l(_printf_d.o)
    0x08000226   0x08000226   0x00000006   Code   RO         4439    .ARM.Collect$$_printf_percent$$0000000C  c_w.l(_printf_x.o)
    0x0800022c   0x0800022c   0x00000004   Code   RO         4521    .ARM.Collect$$_printf_percent$$00000017  c_w.l(_printf_percent_end.o)
    0x08000230   0x08000230   0x00000002   Code   RO         4730    .ARM.Collect$$libinit$$00000000  c_w.l(libinit.o)
    0x08000232   0x08000232   0x00000004   Code   RO         4731    .ARM.Collect$$libinit$$00000001  c_w.l(libinit2.o)
    0x08000236   0x08000236   0x00000000   Code   RO         4734    .ARM.Collect$$libinit$$00000004  c_w.l(libinit2.o)
    0x08000236   0x08000236   0x00000008   Code   RO         4735    .ARM.Collect$$libinit$$00000005  c_w.l(libinit2.o)
    0x0800023e   0x0800023e   0x00000000   Code   RO         4737    .ARM.Collect$$libinit$$0000000A  c_w.l(libinit2.o)
    0x0800023e   0x0800023e   0x00000000   Code   RO         4739    .ARM.Collect$$libinit$$0000000C  c_w.l(libinit2.o)
    0x0800023e   0x0800023e   0x00000000   Code   RO         4741    .ARM.Collect$$libinit$$0000000E  c_w.l(libinit2.o)
    0x0800023e   0x0800023e   0x00000000   Code   RO         4744    .ARM.Collect$$libinit$$00000011  c_w.l(libinit2.o)
    0x0800023e   0x0800023e   0x00000000   Code   RO         4746    .ARM.Collect$$libinit$$00000013  c_w.l(libinit2.o)
    0x0800023e   0x0800023e   0x00000000   Code   RO         4748    .ARM.Collect$$libinit$$00000015  c_w.l(libinit2.o)
    0x0800023e   0x0800023e   0x00000000   Code   RO         4750    .ARM.Collect$$libinit$$00000017  c_w.l(libinit2.o)
    0x0800023e   0x0800023e   0x00000000   Code   RO         4752    .ARM.Collect$$libinit$$00000019  c_w.l(libinit2.o)
    0x0800023e   0x0800023e   0x00000000   Code   RO         4754    .ARM.Collect$$libinit$$0000001B  c_w.l(libinit2.o)
    0x0800023e   0x0800023e   0x00000000   Code   RO         4756    .ARM.Collect$$libinit$$0000001D  c_w.l(libinit2.o)
    0x0800023e   0x0800023e   0x00000000   Code   RO         4758    .ARM.Collect$$libinit$$0000001F  c_w.l(libinit2.o)
    0x0800023e   0x0800023e   0x00000000   Code   RO         4760    .ARM.Collect$$libinit$$00000021  c_w.l(libinit2.o)
    0x0800023e   0x0800023e   0x00000000   Code   RO         4762    .ARM.Collect$$libinit$$00000023  c_w.l(libinit2.o)
    0x0800023e   0x0800023e   0x00000004   Code   RO         4763    .ARM.Collect$$libinit$$00000024  c_w.l(libinit2.o)
    0x08000242   0x08000242   0x00000000   Code   RO         4764    .ARM.Collect$$libinit$$00000025  c_w.l(libinit2.o)
    0x08000242   0x08000242   0x00000000   Code   RO         4768    .ARM.Collect$$libinit$$0000002C  c_w.l(libinit2.o)
    0x08000242   0x08000242   0x00000000   Code   RO         4770    .ARM.Collect$$libinit$$0000002E  c_w.l(libinit2.o)
    0x08000242   0x08000242   0x00000000   Code   RO         4772    .ARM.Collect$$libinit$$00000030  c_w.l(libinit2.o)
    0x08000242   0x08000242   0x00000000   Code   RO         4774    .ARM.Collect$$libinit$$00000032  c_w.l(libinit2.o)
    0x08000242   0x08000242   0x00000002   Code   RO         4775    .ARM.Collect$$libinit$$00000033  c_w.l(libinit2.o)
    0x08000244   0x08000244   0x00000002   Code   RO         4929    .ARM.Collect$$libshutdown$$00000000  c_w.l(libshutdown.o)
    0x08000246   0x08000246   0x00000000   Code   RO         4777    .ARM.Collect$$libshutdown$$00000002  c_w.l(libshutdown2.o)
    0x08000246   0x08000246   0x00000000   Code   RO         4779    .ARM.Collect$$libshutdown$$00000004  c_w.l(libshutdown2.o)
    0x08000246   0x08000246   0x00000004   Code   RO         4780    .ARM.Collect$$libshutdown$$00000005  c_w.l(libshutdown2.o)
    0x0800024a   0x0800024a   0x00000000   Code   RO         4781    .ARM.Collect$$libshutdown$$00000006  c_w.l(libshutdown2.o)
    0x0800024a   0x0800024a   0x00000000   Code   RO         4784    .ARM.Collect$$libshutdown$$00000009  c_w.l(libshutdown2.o)
    0x0800024a   0x0800024a   0x00000000   Code   RO         4787    .ARM.Collect$$libshutdown$$0000000C  c_w.l(libshutdown2.o)
    0x0800024a   0x0800024a   0x00000000   Code   RO         4789    .ARM.Collect$$libshutdown$$0000000E  c_w.l(libshutdown2.o)
    0x0800024a   0x0800024a   0x00000000   Code   RO         4792    .ARM.Collect$$libshutdown$$00000011  c_w.l(libshutdown2.o)
    0x0800024a   0x0800024a   0x00000002   Code   RO         4793    .ARM.Collect$$libshutdown$$00000012  c_w.l(libshutdown2.o)
    0x0800024c   0x0800024c   0x00000000   Code   RO         4481    .ARM.Collect$$rtentry$$00000000  c_w.l(__rtentry.o)
    0x0800024c   0x0800024c   0x00000000   Code   RO         4553    .ARM.Collect$$rtentry$$00000002  c_w.l(__rtentry2.o)
    0x0800024c   0x0800024c   0x00000006   Code   RO         4565    .ARM.Collect$$rtentry$$00000004  c_w.l(__rtentry4.o)
    0x08000252   0x08000252   0x00000000   Code   RO         4555    .ARM.Collect$$rtentry$$00000009  c_w.l(__rtentry2.o)
    0x08000252   0x08000252   0x00000004   Code   RO         4556    .ARM.Collect$$rtentry$$0000000A  c_w.l(__rtentry2.o)
    0x08000256   0x08000256   0x00000000   Code   RO         4558    .ARM.Collect$$rtentry$$0000000C  c_w.l(__rtentry2.o)
    0x08000256   0x08000256   0x00000008   Code   RO         4559    .ARM.Collect$$rtentry$$0000000D  c_w.l(__rtentry2.o)
    0x0800025e   0x0800025e   0x00000002   Code   RO         4806    .ARM.Collect$$rtexit$$00000000  c_w.l(rtexit.o)
    0x08000260   0x08000260   0x00000000   Code   RO         4867    .ARM.Collect$$rtexit$$00000002  c_w.l(rtexit2.o)
    0x08000260   0x08000260   0x00000004   Code   RO         4868    .ARM.Collect$$rtexit$$00000003  c_w.l(rtexit2.o)
    0x08000264   0x08000264   0x00000006   Code   RO         4869    .ARM.Collect$$rtexit$$00000004  c_w.l(rtexit2.o)
    0x0800026a   0x0800026a   0x00000002   PAD
    0x0800026c   0x0800026c   0x00000000   Code   RO         4873    .emb_text           c_w.l(maybetermalloc1.o)
    0x0800026c   0x0800026c   0x00000040   Code   RO         3411    .text               startup_stm32f429_439xx.o
    0x080002ac   0x080002ac   0x00000018   Code   RO         4381    .text               c_w.l(__2printf.o)
    0x080002c4   0x080002c4   0x0000004e   Code   RO         4391    .text               c_w.l(_printf_pad.o)
    0x08000312   0x08000312   0x00000002   PAD
    0x08000314   0x08000314   0x00000078   Code   RO         4395    .text               c_w.l(_printf_dec.o)
    0x0800038c   0x0800038c   0x00000094   Code   RO         4415    .text               c_w.l(_printf_hex_int_ll_ptr.o)
    0x08000420   0x08000420   0x00000188   Code   RO         4435    .text               c_w.l(__printf_flags_ss_wp.o)
    0x080005a8   0x080005a8   0x0000003e   Code   RO         4451    .text               c_w.l(strlen.o)
    0x080005e6   0x080005e6   0x0000008a   Code   RO         4453    .text               c_w.l(rt_memcpy_v6.o)
    0x08000670   0x08000670   0x00000064   Code   RO         4455    .text               c_w.l(rt_memcpy_w.o)
    0x080006d4   0x080006d4   0x0000004e   Code   RO         4461    .text               c_w.l(rt_memclr_w.o)
    0x08000722   0x08000722   0x00000006   Code   RO         4465    .text               c_w.l(heapauxi.o)
    0x08000728   0x08000728   0x000000b2   Code   RO         4488    .text               c_w.l(_printf_intcommon.o)
    0x080007da   0x080007da   0x00000002   PAD
    0x080007dc   0x080007dc   0x00000030   Code   RO         4492    .text               c_w.l(_printf_char_common.o)
    0x0800080c   0x0800080c   0x00000024   Code   RO         4498    .text               c_w.l(_printf_char_file.o)
    0x08000830   0x08000830   0x00000008   Code   RO         4580    .text               c_w.l(ferror.o)
    0x08000838   0x08000838   0x00000138   Code   RO         4586    .text               c_w.l(initio.o)
    0x08000970   0x08000970   0x00000066   Code   RO         4600    .text               c_w.l(sys_io.o)
    0x080009d6   0x080009d6   0x0000004a   Code   RO         4607    .text               c_w.l(sys_stackheap_outer.o)
    0x08000a20   0x08000a20   0x0000004e   Code   RO         4618    .text               c_w.l(h1_free.o)
    0x08000a6e   0x08000a6e   0x000001d6   Code   RO         4699    .text               c_w.l(flsbuf.o)
    0x08000c44   0x08000c44   0x00000046   Code   RO         4701    .text               c_w.l(setvbuf.o)
    0x08000c8a   0x08000c8a   0x00000002   PAD
    0x08000c8c   0x08000c8c   0x000000ec   Code   RO         4704    .text               c_w.l(fopen.o)
    0x08000d78   0x08000d78   0x0000004c   Code   RO         4706    .text               c_w.l(fclose.o)
    0x08000dc4   0x08000dc4   0x00000012   Code   RO         4715    .text               c_w.l(exit.o)
    0x08000dd6   0x08000dd6   0x0000000e   Code   RO         4721    .text               c_w.l(defsig_rtred_outer.o)
    0x08000de4   0x08000de4   0x00000008   Code   RO         4800    .text               c_w.l(libspace.o)
    0x08000dec   0x08000dec   0x00000002   Code   RO         4803    .text               c_w.l(use_no_semi.o)
    0x08000dee   0x08000dee   0x00000000   Code   RO         4805    .text               c_w.l(indicate_semi.o)
    0x08000dee   0x08000dee   0x00000002   PAD
    0x08000df0   0x08000df0   0x00000008   Code   RO         4813    .text               c_w.l(rt_heap_descriptor_intlibspace.o)
    0x08000df8   0x08000df8   0x00000004   Code   RO         4815    .text               c_w.l(hguard.o)
    0x08000dfc   0x08000dfc   0x0000008a   Code   RO         4817    .text               c_w.l(init_alloc.o)
    0x08000e86   0x08000e86   0x0000005e   Code   RO         4823    .text               c_w.l(h1_alloc.o)
    0x08000ee4   0x08000ee4   0x000000f8   Code   RO         4839    .text               c_w.l(fseek.o)
    0x08000fdc   0x08000fdc   0x000000f0   Code   RO         4841    .text               c_w.l(stdio.o)
    0x080010cc   0x080010cc   0x0000000a   Code   RO         4850    .text               c_w.l(defsig_exit.o)
    0x080010d6   0x080010d6   0x00000002   PAD
    0x080010d8   0x080010d8   0x00000034   Code   RO         4854    .text               c_w.l(defsig_rtred_inner.o)
    0x0800110c   0x0800110c   0x0000000c   Code   RO         4864    .text               c_w.l(sys_exit.o)
    0x08001118   0x08001118   0x0000000e   Code   RO         4875    .text               c_w.l(h1_init.o)
    0x08001126   0x08001126   0x00000034   Code   RO         4877    .text               c_w.l(h1_extend.o)
    0x0800115a   0x0800115a   0x00000042   Code   RO         4887    .text               c_w.l(ftell.o)
    0x0800119c   0x0800119c   0x00000032   Code   RO         4895    .text               c_w.l(defsig_general.o)
    0x080011ce   0x080011ce   0x0000000e   Code   RO         4897    .text               c_w.l(defsig_rtmem_outer.o)
    0x080011dc   0x080011dc   0x0000000e   Code   RO         4910    .text               c_w.l(sys_wrch.o)
    0x080011ea   0x080011ea   0x00000002   PAD
    0x080011ec   0x080011ec   0x00000008   Code   RO         4917    .text               c_w.l(rt_errno_addr_intlibspace.o)
    0x080011f4   0x080011f4   0x00000050   Code   RO         4923    .text               c_w.l(defsig_rtmem_inner.o)
    0x08001244   0x08001244   0x00000084   Code   RO         3043    i.ADC1_Config       adcadapter.o
    0x080012c8   0x080012c8   0x00000084   Code   RO         3044    i.ADC2_Config       adcadapter.o
    0x0800134c   0x0800134c   0x00000016   Code   RO         2148    i.ADC_Cmd           stm32f4xx_adc.o
    0x08001362   0x08001362   0x00000002   PAD
    0x08001364   0x08001364   0x00000030   Code   RO         2149    i.ADC_CommonInit    stm32f4xx_adc.o
    0x08001394   0x08001394   0x0000000c   Code   RO         2150    i.ADC_CommonStructInit  stm32f4xx_adc.o
    0x080013a0   0x080013a0   0x00000024   Code   RO         3045    i.ADC_Common_Config  adcadapter.o
    0x080013c4   0x080013c4   0x00000054   Code   RO         2168    i.ADC_Init          stm32f4xx_adc.o
    0x08001418   0x08001418   0x000000b8   Code   RO         2173    i.ADC_RegularChannelConfig  stm32f4xx_adc.o
    0x080014d0   0x080014d0   0x0000000a   Code   RO         2175    i.ADC_SoftwareStartConv  stm32f4xx_adc.o
    0x080014da   0x080014da   0x00000014   Code   RO         2177    i.ADC_StructInit    stm32f4xx_adc.o
    0x080014ee   0x080014ee   0x00000010   Code   RO         3046    i.Adc_Init          adcadapter.o
    0x080014fe   0x080014fe   0x00000002   PAD
    0x08001500   0x08001500   0x00000050   Code   RO         2913    i.CAN1_RX0_IRQHandler  canadapter.o
    0x08001550   0x08001550   0x00000050   Code   RO         2914    i.CAN2_RX0_IRQHandler  canadapter.o
    0x080015a0   0x080015a0   0x00000038   Code   RO         1979    i.CAN_DeInit        stm32f4xx_can.o
    0x080015d8   0x080015d8   0x00000108   Code   RO         1981    i.CAN_FilterInit    stm32f4xx_can.o
    0x080016e0   0x080016e0   0x00000078   Code   RO         1982    i.CAN_GetFlagStatus  stm32f4xx_can.o
    0x08001758   0x08001758   0x00000012   Code   RO         1987    i.CAN_ITConfig      stm32f4xx_can.o
    0x0800176a   0x0800176a   0x00000114   Code   RO         1988    i.CAN_Init          stm32f4xx_can.o
    0x0800187e   0x0800187e   0x000000f0   Code   RO         1991    i.CAN_Receive       stm32f4xx_can.o
    0x0800196e   0x0800196e   0x00000002   PAD
    0x08001970   0x08001970   0x0000008c   Code   RO         4261    i.CA_Init           ctrlalgorithm.o
    0x080019fc   0x080019fc   0x00000208   Code   RO         2917    i.Can_Config_Setup  canadapter.o
    0x08001c04   0x08001c04   0x0000004a   Code   RO         2918    i.Can_FormatData    canadapter.o
    0x08001c4e   0x08001c4e   0x0000000e   Code   RO         2919    i.Can_FormatFilter  canadapter.o
    0x08001c5c   0x08001c5c   0x0000005c   Code   RO         2920    i.Can_GPIO_Setup    canadapter.o
    0x08001cb8   0x08001cb8   0x000000ac   Code   RO         2921    i.Can_Init          canadapter.o
    0x08001d64   0x08001d64   0x00000060   Code   RO         2648    i.ConfigGPIO_Uart1  uartadapter.o
    0x08001dc4   0x08001dc4   0x00000060   Code   RO         2649    i.ConfigGPIO_Uart2  uartadapter.o
    0x08001e24   0x08001e24   0x00000048   Code   RO         2650    i.ConfigGPIO_Uart3  uartadapter.o
    0x08001e6c   0x08001e6c   0x00000038   Code   RO         2651    i.DMA1_Stream3_IRQHandler  uartadapter.o
    0x08001ea4   0x08001ea4   0x0000003c   Code   RO         2652    i.DMA1_Stream6_IRQHandler  uartadapter.o
    0x08001ee0   0x08001ee0   0x00000038   Code   RO         2653    i.DMA2_Stream7_IRQHandler  uartadapter.o
    0x08001f18   0x08001f18   0x00000034   Code   RO            4    i.DMA_ClearFlag     stm32f4xx_dma.o
    0x08001f4c   0x08001f4c   0x00000016   Code   RO            6    i.DMA_Cmd           stm32f4xx_dma.o
    0x08001f62   0x08001f62   0x00000002   PAD
    0x08001f64   0x08001f64   0x00000158   Code   RO            7    i.DMA_DeInit        stm32f4xx_dma.o
    0x080020bc   0x080020bc   0x00000008   Code   RO           12    i.DMA_GetCurrDataCounter  stm32f4xx_dma.o
    0x080020c4   0x080020c4   0x00000064   Code   RO           16    i.DMA_GetITStatus   stm32f4xx_dma.o
    0x08002128   0x08002128   0x0000003a   Code   RO           17    i.DMA_ITConfig      stm32f4xx_dma.o
    0x08002162   0x08002162   0x00000002   PAD
    0x08002164   0x08002164   0x00000058   Code   RO           18    i.DMA_Init          stm32f4xx_dma.o
    0x080021bc   0x080021bc   0x00000004   Code   RO           21    i.DMA_SetCurrDataCounter  stm32f4xx_dma.o
    0x080021c0   0x080021c0   0x00000010   Code   RO         3010    i.Dac_Init          dacadapter.o
    0x080021d0   0x080021d0   0x0000002c   Code   RO         2388    i.Delay_Init        delayadapter.o
    0x080021fc   0x080021fc   0x000000d0   Code   RO         2389    i.Delay_ms          delayadapter.o
    0x080022cc   0x080022cc   0x00000024   Code   RO         2434    i.EXTI0_IRQHandler  extiadapter.o
    0x080022f0   0x080022f0   0x00000024   Code   RO         2435    i.EXTI4_IRQHandler  extiadapter.o
    0x08002314   0x08002314   0x0000000c   Code   RO          301    i.EXTI_ClearITPendingBit  stm32f4xx_exti.o
    0x08002320   0x08002320   0x00000018   Code   RO          305    i.EXTI_GetITStatus  stm32f4xx_exti.o
    0x08002338   0x08002338   0x000001d4   Code   RO         2856    i.FMC_GPIOConfig    fmcadapter.o
    0x0800250c   0x0800250c   0x00000078   Code   RO         2857    i.FMC_Init          fmcadapter.o
    0x08002584   0x08002584   0x00000034   Code   RO         1804    i.FMC_NORSRAMCmd    stm32f4xx_fmc.o
    0x080025b8   0x080025b8   0x00000150   Code   RO         1806    i.FMC_NORSRAMInit   stm32f4xx_fmc.o
    0x08002708   0x08002708   0x0000000c   Code   RO         2859    i.FMC_ReadWord      fmcadapter.o
    0x08002714   0x08002714   0x00000070   Code   RO         2654    i.FPGA_Get_BaudRate  uartadapter.o
    0x08002784   0x08002784   0x00000034   Code   RO         2655    i.FPGA_Get_Config   uartadapter.o
    0x080027b8   0x080027b8   0x00000088   Code   RO         2656    i.FPGA_UART_Init    uartadapter.o
    0x08002840   0x08002840   0x00000090   Code   RO          367    i.GPIO_Init         stm32f4xx_gpio.o
    0x080028d0   0x080028d0   0x00000046   Code   RO          368    i.GPIO_PinAFConfig  stm32f4xx_gpio.o
    0x08002916   0x08002916   0x00000004   Code   RO          374    i.GPIO_ResetBits    stm32f4xx_gpio.o
    0x0800291a   0x0800291a   0x00000004   Code   RO          375    i.GPIO_SetBits      stm32f4xx_gpio.o
    0x0800291e   0x0800291e   0x0000000a   Code   RO          379    i.GPIO_WriteBit     stm32f4xx_gpio.o
    0x08002928   0x08002928   0x0000001c   Code   RO         2659    i.GetDataBits       uartadapter.o
    0x08002944   0x08002944   0x00000026   Code   RO         2660    i.GetParityBits     uartadapter.o
    0x0800296a   0x0800296a   0x00000030   Code   RO         2661    i.GetStopBits       uartadapter.o
    0x0800299a   0x0800299a   0x00000002   PAD
    0x0800299c   0x0800299c   0x00000064   Code   RO         3198    i.Gpio_Init         gpioadapter.o
    0x08002a00   0x08002a00   0x00000032   Code   RO         3946    i.IINCHIP_READ      w5500_conf.o
    0x08002a32   0x08002a32   0x00000010   Code   RO         3947    i.IINCHIP_SpiSendData  w5500_conf.o
    0x08002a42   0x08002a42   0x00000032   Code   RO         3948    i.IINCHIP_WRITE     w5500_conf.o
    0x08002a74   0x08002a74   0x0000002c   Code   RO         3236    i.ISR_Main_Int      main.o
    0x08002aa0   0x08002aa0   0x00000002   Code   RO         4264    i.Inner_Weak_Coef_Init  ctrlalgorithm.o
    0x08002aa2   0x08002aa2   0x00000002   PAD
    0x08002aa4   0x08002aa4   0x00000048   Code   RO         2479    i.Led_Blink         ledadapter.o
    0x08002aec   0x08002aec   0x00000058   Code   RO         2481    i.Led_Init          ledadapter.o
    0x08002b44   0x08002b44   0x00000078   Code   RO          252    i.NVIC_Init         misc.o
    0x08002bbc   0x08002bbc   0x00000014   Code   RO          253    i.NVIC_PriorityGroupConfig  misc.o
    0x08002bd0   0x08002bd0   0x00000002   Code   RO         4266    i.Outer_Weak_Coef_Init  ctrlalgorithm.o
    0x08002bd2   0x08002bd2   0x00000002   PAD
    0x08002bd4   0x08002bd4   0x00000074   Code   RO         3949    i.PHY_check         w5500_conf.o
    0x08002c48   0x08002c48   0x00000072   Code   RO         3238    i.Peripheral_Init   main.o
    0x08002cba   0x08002cba   0x00000002   PAD
    0x08002cbc   0x08002cbc   0x00000020   Code   RO         1262    i.RCC_AHB1PeriphClockCmd  stm32f4xx_rcc.o
    0x08002cdc   0x08002cdc   0x00000020   Code   RO         1268    i.RCC_AHB3PeriphClockCmd  stm32f4xx_rcc.o
    0x08002cfc   0x08002cfc   0x00000020   Code   RO         1271    i.RCC_APB1PeriphClockCmd  stm32f4xx_rcc.o
    0x08002d1c   0x08002d1c   0x00000020   Code   RO         1273    i.RCC_APB1PeriphResetCmd  stm32f4xx_rcc.o
    0x08002d3c   0x08002d3c   0x00000020   Code   RO         1274    i.RCC_APB2PeriphClockCmd  stm32f4xx_rcc.o
    0x08002d5c   0x08002d5c   0x00000020   Code   RO         1276    i.RCC_APB2PeriphResetCmd  stm32f4xx_rcc.o
    0x08002d7c   0x08002d7c   0x000000e8   Code   RO         1283    i.RCC_GetClocksFreq  stm32f4xx_rcc.o
    0x08002e64   0x08002e64   0x00000108   Code   RO         2519    i.SPI1_Config       spiadapter.o
    0x08002f6c   0x08002f6c   0x00000100   Code   RO         2520    i.SPI2_Config       spiadapter.o
    0x0800306c   0x0800306c   0x000000f4   Code   RO         2521    i.SPI3_Config       spiadapter.o
    0x08003160   0x08003160   0x00000018   Code   RO          474    i.SPI_Cmd           stm32f4xx_spi.o
    0x08003178   0x08003178   0x00000012   Code   RO          482    i.SPI_I2S_GetFlagStatus  stm32f4xx_spi.o
    0x0800318a   0x0800318a   0x00000006   Code   RO          485    i.SPI_I2S_ReceiveData  stm32f4xx_spi.o
    0x08003190   0x08003190   0x00000004   Code   RO          486    i.SPI_I2S_SendData  stm32f4xx_spi.o
    0x08003194   0x08003194   0x0000003c   Code   RO          487    i.SPI_Init          stm32f4xx_spi.o
    0x080031d0   0x080031d0   0x00000120   Code   RO         3348    i.SetSysClock       system_stm32f4xx.o
    0x080032f0   0x080032f0   0x00000048   Code   RO         2522    i.Spi_CS            spiadapter.o
    0x08003338   0x08003338   0x00000028   Code   RO         2523    i.Spi_Init          spiadapter.o
    0x08003360   0x08003360   0x00000032   Code   RO         2524    i.Spi_ReadWrite     spiadapter.o
    0x08003392   0x08003392   0x00000002   PAD
    0x08003394   0x08003394   0x0000004c   Code   RO         2525    i.Spi_ReadWriteData  spiadapter.o
    0x080033e0   0x080033e0   0x00000028   Code   RO          256    i.SysTick_CLKSourceConfig  misc.o
    0x08003408   0x08003408   0x00000068   Code   RO         3350    i.SystemInit        system_stm32f4xx.o
    0x08003470   0x08003470   0x00000030   Code   RO         2594    i.TIM2_IRQHandler   timadapter.o
    0x080034a0   0x080034a0   0x00000030   Code   RO         2595    i.TIM3_IRQHandler   timadapter.o
    0x080034d0   0x080034d0   0x00000030   Code   RO         2596    i.TIM4_IRQHandler   timadapter.o
    0x08003500   0x08003500   0x00000030   Code   RO         2597    i.TIM5_IRQHandler   timadapter.o
    0x08003530   0x08003530   0x00000006   Code   RO          646    i.TIM_ClearFlag     stm32f4xx_tim.o
    0x08003536   0x08003536   0x00000018   Code   RO          652    i.TIM_Cmd           stm32f4xx_tim.o
    0x0800354e   0x0800354e   0x00000002   PAD
    0x08003550   0x08003550   0x00000190   Code   RO          657    i.TIM_DeInit        stm32f4xx_tim.o
    0x080036e0   0x080036e0   0x00000012   Code   RO          677    i.TIM_ITConfig      stm32f4xx_tim.o
    0x080036f2   0x080036f2   0x00000002   PAD
    0x080036f4   0x080036f4   0x00000084   Code   RO          724    i.TIM_TimeBaseInit  stm32f4xx_tim.o
    0x08003778   0x08003778   0x00000170   Code   RO         2598    i.Timer_Init        timadapter.o
    0x080038e8   0x080038e8   0x000001b8   Code   RO         2664    i.USART1_DMA_Init   uartadapter.o
    0x08003aa0   0x08003aa0   0x00000054   Code   RO         2666    i.USART1_IRQHandler  uartadapter.o
    0x08003af4   0x08003af4   0x0000005c   Code   RO         2667    i.USART1_RX_Finish_IRQ  uartadapter.o
    0x08003b50   0x08003b50   0x000001b8   Code   RO         2668    i.USART2_DMA_Init   uartadapter.o
    0x08003d08   0x08003d08   0x00000058   Code   RO         2670    i.USART2_IRQHandler  uartadapter.o
    0x08003d60   0x08003d60   0x0000005c   Code   RO         2671    i.USART2_RX_Finish_IRQ  uartadapter.o
    0x08003dbc   0x08003dbc   0x000001b8   Code   RO         2672    i.USART3_DMA_Init   uartadapter.o
    0x08003f74   0x08003f74   0x00000058   Code   RO         2674    i.USART3_IRQHandler  uartadapter.o
    0x08003fcc   0x08003fcc   0x0000005c   Code   RO         2675    i.USART3_RX_Finish_IRQ  uartadapter.o
    0x08004028   0x08004028   0x00000018   Code   RO         1604    i.USART_Cmd         stm32f4xx_usart.o
    0x08004040   0x08004040   0x00000012   Code   RO         1605    i.USART_DMACmd      stm32f4xx_usart.o
    0x08004052   0x08004052   0x00000054   Code   RO         1608    i.USART_GetITStatus  stm32f4xx_usart.o
    0x080040a6   0x080040a6   0x0000004a   Code   RO         1610    i.USART_ITConfig    stm32f4xx_usart.o
    0x080040f0   0x080040f0   0x000000d4   Code   RO         1611    i.USART_Init        stm32f4xx_usart.o
    0x080041c4   0x080041c4   0x0000009e   Code   RO         2676    i.Uart_Init         uartadapter.o
    0x08004262   0x08004262   0x0000000c   Code   RO         3094    i.Udp_Cs_Desel      udpadapter.o
    0x0800426e   0x0800426e   0x0000000c   Code   RO         3095    i.Udp_Cs_Sel        udpadapter.o
    0x0800427a   0x0800427a   0x00000002   PAD
    0x0800427c   0x0800427c   0x00000044   Code   RO         3096    i.Udp_Init          udpadapter.o
    0x080042c0   0x080042c0   0x00000074   Code   RO         3097    i.Udp_Para_Initial  udpadapter.o
    0x08004334   0x08004334   0x00000020   Code   RO         3099    i.Udp_Spi_Read_Burst  udpadapter.o
    0x08004354   0x08004354   0x0000000e   Code   RO         3100    i.Udp_Spi_Read_Byte  udpadapter.o
    0x08004362   0x08004362   0x0000001e   Code   RO         3101    i.Udp_Spi_Write_Burst  udpadapter.o
    0x08004380   0x08004380   0x0000000e   Code   RO         3102    i.Udp_Spi_Write_Byte  udpadapter.o
    0x0800438e   0x0800438e   0x00000002   PAD
    0x08004390   0x08004390   0x00000110   Code   RO         3104    i.W5500_Init        udpadapter.o
    0x080044a0   0x080044a0   0x00000074   Code   RO         3415    i.WIZCHIP_READ      w5500.o
    0x08004514   0x08004514   0x0000008c   Code   RO         3416    i.WIZCHIP_READ_BUF  w5500.o
    0x080045a0   0x080045a0   0x00000074   Code   RO         3417    i.WIZCHIP_WRITE     w5500.o
    0x08004614   0x08004614   0x00000088   Code   RO         3418    i.WIZCHIP_WRITE_BUF  w5500.o
    0x0800469c   0x0800469c   0x0000000e   Code   RO         4428    i._is_digit         c_w.l(__printf_wp.o)
    0x080046aa   0x080046aa   0x00000034   Code   RO         3716    i.close             socket.o
    0x080046de   0x080046de   0x00000050   Code   RO         3482    i.ctlnetwork        wizchip_conf.o
    0x0800472e   0x0800472e   0x00000002   PAD
    0x08004730   0x08004730   0x00000118   Code   RO         3483    i.ctlwizchip        wizchip_conf.o
    0x08004848   0x08004848   0x0000001a   Code   RO         4583    i.fputc             c_w.l(fputc.o)
    0x08004862   0x08004862   0x00000010   Code   RO         4076    i.getGAR            w5500_control.o
    0x08004872   0x08004872   0x0000000c   Code   RO         3950    i.getPHYStatus      w5500_conf.o
    0x0800487e   0x0800487e   0x00000012   Code   RO         4080    i.getSHAR           w5500_control.o
    0x08004890   0x08004890   0x00000012   Code   RO         4081    i.getSIPR           w5500_control.o
    0x080048a2   0x080048a2   0x00000012   Code   RO         4082    i.getSUBR           w5500_control.o
    0x080048b4   0x080048b4   0x0000000c   Code   RO         3951    i.iinchip_csoff     w5500_conf.o
    0x080048c0   0x080048c0   0x0000000c   Code   RO         3952    i.iinchip_cson      w5500_conf.o
    0x080048cc   0x080048cc   0x00000038   Code   RO         3240    i.main              main.o
    0x08004904   0x08004904   0x00000028   Code   RO         3486    i.reg_wizchip_cs_cbfunc  wizchip_conf.o
    0x0800492c   0x0800492c   0x00000034   Code   RO         3487    i.reg_wizchip_spi_cbfunc  wizchip_conf.o
    0x08004960   0x08004960   0x00000034   Code   RO         3488    i.reg_wizchip_spiburst_cbfunc  wizchip_conf.o
    0x08004994   0x08004994   0x0000002c   Code   RO         3955    i.reset_w5500       w5500_conf.o
    0x080049c0   0x080049c0   0x00000010   Code   RO         4090    i.setGAR            w5500_control.o
    0x080049d0   0x080049d0   0x00000012   Code   RO         4094    i.setSHAR           w5500_control.o
    0x080049e2   0x080049e2   0x00000012   Code   RO         4095    i.setSIPR           w5500_control.o
    0x080049f4   0x080049f4   0x00000012   Code   RO         4096    i.setSUBR           w5500_control.o
    0x08004a06   0x08004a06   0x00000002   PAD
    0x08004a08   0x08004a08   0x00000080   Code   RO         3957    i.set_w5500_mac     w5500_conf.o
    0x08004a88   0x08004a88   0x00000144   Code   RO         3958    i.set_w5500_netinfo  w5500_conf.o
    0x08004bcc   0x08004bcc   0x00000088   Code   RO         4100    i.socket_buf_init   w5500_control.o
    0x08004c54   0x08004c54   0x00000024   Code   RO         3959    i.w5500Init         w5500_conf.o
    0x08004c78   0x08004c78   0x0000004c   Code   RO         3105    i.w5500_OpenSocket  udpadapter.o
    0x08004cc4   0x08004cc4   0x00000068   Code   RO         3960    i.wiz_read_buf      w5500_conf.o
    0x08004d2c   0x08004d2c   0x00000068   Code   RO         3961    i.wiz_write_buf     w5500_conf.o
    0x08004d94   0x08004d94   0x00000006   Code   RO         3489    i.wizchip_bus_readdata  wizchip_conf.o
    0x08004d9a   0x08004d9a   0x00000004   Code   RO         3490    i.wizchip_bus_writedata  wizchip_conf.o
    0x08004d9e   0x08004d9e   0x00000020   Code   RO         3491    i.wizchip_clrinterrupt  wizchip_conf.o
    0x08004dbe   0x08004dbe   0x00000002   Code   RO         3492    i.wizchip_cris_enter  wizchip_conf.o
    0x08004dc0   0x08004dc0   0x00000002   Code   RO         3493    i.wizchip_cris_exit  wizchip_conf.o
    0x08004dc2   0x08004dc2   0x00000002   Code   RO         3494    i.wizchip_cs_deselect  wizchip_conf.o
    0x08004dc4   0x08004dc4   0x00000002   Code   RO         3495    i.wizchip_cs_select  wizchip_conf.o
    0x08004dc6   0x08004dc6   0x0000002a   Code   RO         3496    i.wizchip_getinterrupt  wizchip_conf.o
    0x08004df0   0x08004df0   0x00000028   Code   RO         3497    i.wizchip_getinterruptmask  wizchip_conf.o
    0x08004e18   0x08004e18   0x0000005c   Code   RO         3498    i.wizchip_getnetinfo  wizchip_conf.o
    0x08004e74   0x08004e74   0x0000000a   Code   RO         3499    i.wizchip_getnetmode  wizchip_conf.o
    0x08004e7e   0x08004e7e   0x00000028   Code   RO         3500    i.wizchip_gettimeout  wizchip_conf.o
    0x08004ea6   0x08004ea6   0x00000090   Code   RO         3501    i.wizchip_init      wizchip_conf.o
    0x08004f36   0x08004f36   0x0000001e   Code   RO         3502    i.wizchip_setinterruptmask  wizchip_conf.o
    0x08004f54   0x08004f54   0x00000058   Code   RO         3503    i.wizchip_setnetinfo  wizchip_conf.o
    0x08004fac   0x08004fac   0x00000026   Code   RO         3504    i.wizchip_setnetmode  wizchip_conf.o
    0x08004fd2   0x08004fd2   0x00000026   Code   RO         3505    i.wizchip_settimeout  wizchip_conf.o
    0x08004ff8   0x08004ff8   0x00000002   Code   RO         3506    i.wizchip_spi_readburst  wizchip_conf.o
    0x08004ffa   0x08004ffa   0x00000004   Code   RO         3507    i.wizchip_spi_readbyte  wizchip_conf.o
    0x08004ffe   0x08004ffe   0x00000002   Code   RO         3508    i.wizchip_spi_writeburst  wizchip_conf.o
    0x08005000   0x08005000   0x00000002   Code   RO         3509    i.wizchip_spi_writebyte  wizchip_conf.o
    0x08005002   0x08005002   0x00000072   Code   RO         3510    i.wizchip_sw_reset  wizchip_conf.o
    0x08005074   0x08005074   0x00000078   Code   RO         3511    i.wizphy_getphyconf  wizchip_conf.o
    0x080050ec   0x080050ec   0x00000018   Code   RO         3512    i.wizphy_getphylink  wizchip_conf.o
    0x08005104   0x08005104   0x0000001e   Code   RO         3513    i.wizphy_getphypmode  wizchip_conf.o
    0x08005122   0x08005122   0x00000034   Code   RO         3515    i.wizphy_reset      wizchip_conf.o
    0x08005156   0x08005156   0x00000058   Code   RO         3516    i.wizphy_setphyconf  wizchip_conf.o
    0x080051ae   0x080051ae   0x00000064   Code   RO         3517    i.wizphy_setphypmode  wizchip_conf.o
    0x08005212   0x08005212   0x0000000a   Code   RO         4862    x$fpl$fpinit        fz_wm.l(fpinit.o)
    0x0800521c   0x0800521c   0x00000028   Data   RO         4416    .constdata          c_w.l(_printf_hex_int_ll_ptr.o)
    0x08005244   0x08005244   0x00000011   Data   RO         4436    .constdata          c_w.l(__printf_flags_ss_wp.o)
    0x08005255   0x08005255   0x00000004   Data   RO         4601    .constdata          c_w.l(sys_io.o)
    0x08005259   0x08005259   0x00000004   Data   RO         4602    .constdata          c_w.l(sys_io.o)
    0x0800525d   0x0800525d   0x00000004   Data   RO         4603    .constdata          c_w.l(sys_io.o)
    0x08005261   0x08005261   0x00000003   PAD
    0x08005264   0x08005264   0x00000020   Data   RO         4946    Region$$Table       anon$$obj.o


    Execution Region RW_IRAM1 (Exec base: 0x20000000, Load base: 0x08005284, Size: 0x000034b8, Max: 0x00030000, ABSOLUTE)

    Exec Addr    Load Addr    Size         Type   Attr      Idx    E Section Name        Object

    0x20000000   0x08005284   0x00000010   Data   RW         1315    .data               stm32f4xx_rcc.o
    0x20000010   0x08005294   0x00000001   Data   RW         2392    .data               delayadapter.o
    0x20000011   0x08005295   0x00000002   Data   RW         2482    .data               ledadapter.o
    0x20000013   0x08005297   0x00000001   PAD
    0x20000014   0x08005298   0x00000010   Data   RW         2599    .data               timadapter.o
    0x20000024   0x080052a8   0x00000003   Data   RW         2678    .data               uartadapter.o
    0x20000027   0x080052ab   0x00000001   PAD
    0x20000028   0x080052ac   0x00000008   Data   RW         2926    .data               canadapter.o
    0x20000030   0x080052b4   0x0000000f   Data   RW         3242    .data               main.o
    0x2000003f   0x080052c3   0x00000001   PAD
    0x20000040   0x080052c4   0x00000014   Data   RW         3351    .data               system_stm32f4xx.o
    0x20000054   0x080052d8   0x0000002d   Data   RW         3518    .data               wizchip_conf.o
    0x20000081   0x08005305   0x00000003   PAD
    0x20000084   0x08005308   0x00000028   Data   RW         3963    .data               w5500_conf.o
    0x200000ac   0x08005330   0x00000010   Data   RW         4102    .data               w5500_control.o
    0x200000bc   0x08005340   0x00000004   Data   RW         4534    .data               c_w.l(stdio_streams.o)
    0x200000c0   0x08005344   0x00000004   Data   RW         4535    .data               c_w.l(stdio_streams.o)
    0x200000c4   0x08005348   0x00000004   Data   RW         4536    .data               c_w.l(stdio_streams.o)
    0x200000c8        -       0x00000050   Zero   RW         2437    .bss                extiadapter.o
    0x20000118        -       0x0000259e   Zero   RW         2677    .bss                uartadapter.o
    0x200026b6        -       0x0000004a   Zero   RW         3106    .bss                udpadapter.o
    0x20002700        -       0x00000438   Zero   RW         3962    .bss                w5500_conf.o
    0x20002b38        -       0x00000020   Zero   RW         4101    .bss                w5500_control.o
    0x20002b58        -       0x00000200   Zero   RW         4268    .bss                ctrlalgorithm.o
    0x20002d58        -       0x00000054   Zero   RW         4531    .bss                c_w.l(stdio_streams.o)
    0x20002dac        -       0x00000054   Zero   RW         4532    .bss                c_w.l(stdio_streams.o)
    0x20002e00        -       0x00000054   Zero   RW         4533    .bss                c_w.l(stdio_streams.o)
    0x20002e54        -       0x00000060   Zero   RW         4801    .bss                c_w.l(libspace.o)
    0x20002eb4   0x0800534c   0x00000004   PAD
    0x20002eb8        -       0x00000200   Zero   RW         3409    HEAP                startup_stm32f429_439xx.o
    0x200030b8        -       0x00000400   Zero   RW         3408    STACK               startup_stm32f429_439xx.o


==============================================================================

Image component sizes


      Code (inc. data)   RO Data    RW Data    ZI Data      Debug   Object Name

       316         18          0          0          0       2407   adcadapter.o
      1032         40          0          8          0       6618   canadapter.o
       144         34          0          0        512       3517   ctrlalgorithm.o
        16          0          0          0          0        503   dacadapter.o
       252         12          0          1          0       1228   delayadapter.o
        72         12          0          0         80       2202   extiadapter.o
       600         16          0          0          0       1979   fmcadapter.o
       100          8          0          0          0        584   gpioadapter.o
       160         18          0          2          0       1623   ledadapter.o
       214         10          0         15          0       5211   main.o
       180         24          0          0          0       2509   misc.o
        52          0          0          0          0       1312   socket.o
      1002         58          0          0          0       5498   spiadapter.o
        64         26        428          0       1536        880   startup_stm32f429_439xx.o
       380         24          0          0          0       6237   stm32f4xx_adc.o
       974         12          0          0          0       5718   stm32f4xx_can.o
       676         58          0          0          0     362917   stm32f4xx_dma.o
        36         10          0          0          0       1328   stm32f4xx_exti.o
       388         14          0          0          0       2527   stm32f4xx_fmc.o
       232          0          0          0          0       4099   stm32f4xx_gpio.o
       424         54          0         16          0       7286   stm32f4xx_rcc.o
       112          0          0          0          0       4110   stm32f4xx_spi.o
       580         82          0          0          0       4337   stm32f4xx_tim.o
       412          8          0          0          0       4921   stm32f4xx_usart.o
       392         32          0         20          0       1953   system_stm32f4xx.o
       560         62          0         16          0       3903   timadapter.o
      2864        224          0          3       9630      17583   uartadapter.o
       646         56          0          0         74      10957   udpadapter.o
       508         16          0          0          0       3442   w5500.o
      1008        316          0         40       1080      10811   w5500_conf.o
       276          8          0         16         32       6172   w5500_control.o
      1654         84          0         45          0      24474   wizchip_conf.o

    ----------------------------------------------------------------------
     16358       1336        460        188      12944     518846   Object Totals
         0          0         32          0          0          0   (incl. Generated)
        32          0          0          6          0          0   (incl. Padding)

    ----------------------------------------------------------------------

      Code (inc. data)   RO Data    RW Data    ZI Data      Debug   Library Member Name

        24          4          0          0          0         84   __2printf.o
         8          0          0          0          0         68   __main.o
       392          4         17          0          0         92   __printf_flags_ss_wp.o
        14          0          0          0          0         68   __printf_wp.o
         0          0          0          0          0          0   __rtentry.o
        12          0          0          0          0          0   __rtentry2.o
         6          0          0          0          0          0   __rtentry4.o
        52          8          0          0          0          0   __scatter.o
        26          0          0          0          0          0   __scatter_copy.o
        28          0          0          0          0          0   __scatter_zi.o
        48          6          0          0          0         96   _printf_char_common.o
        36          4          0          0          0         80   _printf_char_file.o
         6          0          0          0          0          0   _printf_d.o
       120         16          0          0          0         92   _printf_dec.o
       148          4         40          0          0        160   _printf_hex_int_ll_ptr.o
       178          0          0          0          0         88   _printf_intcommon.o
        78          0          0          0          0        108   _printf_pad.o
         0          0          0          0          0          0   _printf_percent.o
         4          0          0          0          0          0   _printf_percent_end.o
         6          0          0          0          0          0   _printf_x.o
        10          0          0          0          0         68   defsig_exit.o
        50          0          0          0          0         88   defsig_general.o
        80         58          0          0          0         76   defsig_rtmem_inner.o
        14          0          0          0          0         80   defsig_rtmem_outer.o
        52         38          0          0          0         76   defsig_rtred_inner.o
        14          0          0          0          0         80   defsig_rtred_outer.o
        18          0          0          0          0         80   exit.o
        76          0          0          0          0         88   fclose.o
         8          0          0          0          0         68   ferror.o
       470          0          0          0          0         88   flsbuf.o
       236          4          0          0          0        128   fopen.o
        26          0          0          0          0         68   fputc.o
       248          6          0          0          0         84   fseek.o
        66          0          0          0          0         76   ftell.o
        94          0          0          0          0         80   h1_alloc.o
        52          0          0          0          0         68   h1_extend.o
        78          0          0          0          0         80   h1_free.o
        14          0          0          0          0         84   h1_init.o
         6          0          0          0          0        152   heapauxi.o
         4          0          0          0          0        136   hguard.o
         0          0          0          0          0          0   indicate_semi.o
       138          0          0          0          0        168   init_alloc.o
       312         46          0          0          0        112   initio.o
         2          0          0          0          0          0   libinit.o
        18          0          0          0          0          0   libinit2.o
         2          0          0          0          0          0   libshutdown.o
         6          0          0          0          0          0   libshutdown2.o
         8          4          0          0         96         68   libspace.o
         0          0          0          0          0          0   maybetermalloc1.o
         8          4          0          0          0         68   rt_errno_addr_intlibspace.o
         8          4          0          0          0         68   rt_heap_descriptor_intlibspace.o
        78          0          0          0          0         80   rt_memclr_w.o
       138          0          0          0          0         68   rt_memcpy_v6.o
       100          0          0          0          0         80   rt_memcpy_w.o
         2          0          0          0          0          0   rtexit.o
        10          0          0          0          0          0   rtexit2.o
        70          0          0          0          0         80   setvbuf.o
       240          6          0          0          0        156   stdio.o
         0          0          0         12        252          0   stdio_streams.o
        62          0          0          0          0         76   strlen.o
        12          4          0          0          0         68   sys_exit.o
       102          0         12          0          0        240   sys_io.o
        74          0          0          0          0         80   sys_stackheap_outer.o
        14          0          0          0          0         76   sys_wrch.o
         2          0          0          0          0         68   use_no_semi.o
        10          0          0          0          0        116   fpinit.o

    ----------------------------------------------------------------------
      4234        220         72         12        352       4356   Library Totals
        16          0          3          0          4          0   (incl. Padding)

    ----------------------------------------------------------------------

      Code (inc. data)   RO Data    RW Data    ZI Data      Debug   Library Name

      4208        220         69         12        348       4240   c_w.l
        10          0          0          0          0        116   fz_wm.l

    ----------------------------------------------------------------------
      4234        220         72         12        352       4356   Library Totals

    ----------------------------------------------------------------------

==============================================================================


      Code (inc. data)   RO Data    RW Data    ZI Data      Debug   

     20592       1556        532        200      13296     502666   Grand Totals
     20592       1556        532        200      13296     502666   ELF Image Totals
     20592       1556        532        200          0          0   ROM Totals

==============================================================================

    Total RO  Size (Code + RO Data)                21124 (  20.63kB)
    Total RW  Size (RW Data + ZI Data)             13496 (  13.18kB)
    Total ROM Size (Code + RO Data + RW Data)      21324 (  20.82kB)

==============================================================================

