Component: ARM Compiler 5.06 update 7 (build 960) Tool: armlink [4d3601]

==============================================================================

Section Cross References

    stm32f4xx_gpio.o(i.GPIO_DeInit) refers to stm32f4xx_rcc.o(i.RCC_AHB1PeriphResetCmd) for RCC_AHB1PeriphResetCmd
    stm32f4xx_spi.o(i.SPI_I2S_DeInit) refers to stm32f4xx_rcc.o(i.RCC_APB2PeriphResetCmd) for RCC_APB2PeriphResetCmd
    stm32f4xx_spi.o(i.SPI_I2S_DeInit) refers to stm32f4xx_rcc.o(i.RCC_APB1PeriphResetCmd) for RCC_APB1PeriphResetCmd
    stm32f4xx_tim.o(i.TIM_DeInit) refers to stm32f4xx_rcc.o(i.RCC_APB2PeriphResetCmd) for RCC_APB2PeriphResetCmd
    stm32f4xx_tim.o(i.TIM_DeInit) refers to stm32f4xx_rcc.o(i.RCC_APB1PeriphResetCmd) for RCC_APB1PeriphResetCmd
    stm32f4xx_tim.o(i.TIM_ETRClockMode1Config) refers to stm32f4xx_tim.o(i.TIM_ETRConfig) for TIM_ETRConfig
    stm32f4xx_tim.o(i.TIM_ETRClockMode2Config) refers to stm32f4xx_tim.o(i.TIM_ETRConfig) for TIM_ETRConfig
    stm32f4xx_tim.o(i.TIM_ICInit) refers to stm32f4xx_tim.o(i.TI1_Config) for TI1_Config
    stm32f4xx_tim.o(i.TIM_ICInit) refers to stm32f4xx_tim.o(i.TIM_SetIC1Prescaler) for TIM_SetIC1Prescaler
    stm32f4xx_tim.o(i.TIM_ICInit) refers to stm32f4xx_tim.o(i.TI2_Config) for TI2_Config
    stm32f4xx_tim.o(i.TIM_ICInit) refers to stm32f4xx_tim.o(i.TIM_SetIC2Prescaler) for TIM_SetIC2Prescaler
    stm32f4xx_tim.o(i.TIM_ICInit) refers to stm32f4xx_tim.o(i.TI3_Config) for TI3_Config
    stm32f4xx_tim.o(i.TIM_ICInit) refers to stm32f4xx_tim.o(i.TIM_SetIC3Prescaler) for TIM_SetIC3Prescaler
    stm32f4xx_tim.o(i.TIM_ICInit) refers to stm32f4xx_tim.o(i.TI4_Config) for TI4_Config
    stm32f4xx_tim.o(i.TIM_ICInit) refers to stm32f4xx_tim.o(i.TIM_SetIC4Prescaler) for TIM_SetIC4Prescaler
    stm32f4xx_tim.o(i.TIM_ITRxExternalClockConfig) refers to stm32f4xx_tim.o(i.TIM_SelectInputTrigger) for TIM_SelectInputTrigger
    stm32f4xx_tim.o(i.TIM_PWMIConfig) refers to stm32f4xx_tim.o(i.TI1_Config) for TI1_Config
    stm32f4xx_tim.o(i.TIM_PWMIConfig) refers to stm32f4xx_tim.o(i.TIM_SetIC1Prescaler) for TIM_SetIC1Prescaler
    stm32f4xx_tim.o(i.TIM_PWMIConfig) refers to stm32f4xx_tim.o(i.TI2_Config) for TI2_Config
    stm32f4xx_tim.o(i.TIM_PWMIConfig) refers to stm32f4xx_tim.o(i.TIM_SetIC2Prescaler) for TIM_SetIC2Prescaler
    stm32f4xx_tim.o(i.TIM_TIxExternalClockConfig) refers to stm32f4xx_tim.o(i.TI2_Config) for TI2_Config
    stm32f4xx_tim.o(i.TIM_TIxExternalClockConfig) refers to stm32f4xx_tim.o(i.TI1_Config) for TI1_Config
    stm32f4xx_tim.o(i.TIM_TIxExternalClockConfig) refers to stm32f4xx_tim.o(i.TIM_SelectInputTrigger) for TIM_SelectInputTrigger
    stm32f4xx_syscfg.o(i.SYSCFG_DeInit) refers to stm32f4xx_rcc.o(i.RCC_APB2PeriphResetCmd) for RCC_APB2PeriphResetCmd
    stm32f4xx_rcc.o(i.RCC_GetClocksFreq) refers to stm32f4xx_rcc.o(.data) for APBAHBPrescTable
    stm32f4xx_rcc.o(i.RCC_WaitForHSEStartUp) refers to stm32f4xx_rcc.o(i.RCC_GetFlagStatus) for RCC_GetFlagStatus
    stm32f4xx_usart.o(i.USART_DeInit) refers to stm32f4xx_rcc.o(i.RCC_APB2PeriphResetCmd) for RCC_APB2PeriphResetCmd
    stm32f4xx_usart.o(i.USART_DeInit) refers to stm32f4xx_rcc.o(i.RCC_APB1PeriphResetCmd) for RCC_APB1PeriphResetCmd
    stm32f4xx_usart.o(i.USART_Init) refers to stm32f4xx_rcc.o(i.RCC_GetClocksFreq) for RCC_GetClocksFreq
    stm32f4xx_fmc.o(i.FMC_NORSRAMStructInit) refers to stm32f4xx_fmc.o(.constdata) for FMC_DefaultTimingStruct
    stm32f4xx_can.o(i.CAN_DeInit) refers to stm32f4xx_rcc.o(i.RCC_APB1PeriphResetCmd) for RCC_APB1PeriphResetCmd
    stm32f4xx_can.o(i.CAN_GetITStatus) refers to stm32f4xx_can.o(i.CheckITStatus) for CheckITStatus
    stm32f4xx_adc.o(i.ADC_DeInit) refers to stm32f4xx_rcc.o(i.RCC_APB2PeriphResetCmd) for RCC_APB2PeriphResetCmd
    delayadapter.o(i.Delay_Init) refers to misc.o(i.SysTick_CLKSourceConfig) for SysTick_CLKSourceConfig
    delayadapter.o(i.Delay_Init) refers to delayadapter.o(.data) for first
    delayadapter.o(i.Delay_ms) refers to system_stm32f4xx.o(.data) for SystemCoreClock
    delayadapter.o(i.Delay_s) refers to delayadapter.o(i.Delay_ms) for Delay_ms
    delayadapter.o(i.Delay_us) refers to uldiv.o(.text) for __aeabi_uldivmod
    delayadapter.o(i.Delay_us) refers to delayadapter.o(i.Delay_ms) for Delay_ms
    delayadapter.o(i.Delay_us) refers to system_stm32f4xx.o(.data) for SystemCoreClock
    extiadapter.o(i.EXTI0_IRQHandler) refers to stm32f4xx_exti.o(i.EXTI_GetITStatus) for EXTI_GetITStatus
    extiadapter.o(i.EXTI0_IRQHandler) refers to stm32f4xx_exti.o(i.EXTI_ClearITPendingBit) for EXTI_ClearITPendingBit
    extiadapter.o(i.EXTI0_IRQHandler) refers to extiadapter.o(.bss) for g_exti_hander
    extiadapter.o(i.EXTI4_IRQHandler) refers to stm32f4xx_exti.o(i.EXTI_GetITStatus) for EXTI_GetITStatus
    extiadapter.o(i.EXTI4_IRQHandler) refers to stm32f4xx_exti.o(i.EXTI_ClearITPendingBit) for EXTI_ClearITPendingBit
    extiadapter.o(i.EXTI4_IRQHandler) refers to extiadapter.o(.bss) for g_exti_hander
[...]
    .ARM.Collect$$$$0000000F                 0x080001c0   Section        0  entry10a.o(.ARM.Collect$$$$0000000F)
    .ARM.Collect$$$$00000011                 0x080001c0   Section        0  entry11a.o(.ARM.Collect$$$$00000011)
    .ARM.Collect$$$$00002712                 0x080001c0   Section        4  entry2.o(.ARM.Collect$$$$00002712)
    __lit__00000000                          0x080001c0   Data           4  entry2.o(.ARM.Collect$$$$00002712)
    .text                                    0x080001c4   Section       36  startup_stm32f429_439xx.o(.text)
    $v0                                      0x080001c4   Number         0  startup_stm32f429_439xx.o(.text)
    .text                                    0x080001e8   Section        0  uldiv.o(.text)
    .text                                    0x0800024a   Section        0  memcpya.o(.text)
    .text                                    0x0800026e   Section        0  memseta.o(.text)
    .text                                    0x08000292   Section        0  dmul.o(.text)
    .text                                    0x08000376   Section        0  ddiv.o(.text)
    .text                                    0x08000454   Section        0  uidiv.o(.text)
    .text                                    0x08000480   Section        0  llshl.o(.text)
    .text                                    0x0800049e   Section        0  llushr.o(.text)
    .text                                    0x080004be   Section        0  iusefp.o(.text)
    .text                                    0x080004be   Section        0  depilogue.o(.text)
    .text                                    0x08000578   Section        0  dadd.o(.text)
    .text                                    0x080006c6   Section        0  dfixul.o(.text)
    .text                                    0x080006f8   Section       48  cdrcmple.o(.text)
    .text                                    0x08000728   Section       36  init.o(.text)
    .text                                    0x0800074c   Section        0  llsshr.o(.text)
    i.ADC1_Config                            0x08000770   Section        0  adcadapter.o(i.ADC1_Config)
    i.ADC2_Config                            0x080007f4   Section        0  adcadapter.o(i.ADC2_Config)
    i.ADC_Cmd                                0x08000878   Section        0  stm32f4xx_adc.o(i.ADC_Cmd)
    i.ADC_CommonInit                         0x08000890   Section        0  stm32f4xx_adc.o(i.ADC_CommonInit)
    i.ADC_CommonStructInit                   0x080008c0   Section        0  stm32f4xx_adc.o(i.ADC_CommonStructInit)
    i.ADC_Common_Config                      0x080008cc   Section        0  adcadapter.o(i.ADC_Common_Config)
    i.ADC_Init                               0x080008f0   Section        0  stm32f4xx_adc.o(i.ADC_Init)
    i.ADC_RegularChannelConfig               0x08000944   Section        0  stm32f4xx_adc.o(i.ADC_RegularChannelConfig)
    i.ADC_SoftwareStartConv                  0x080009fc   Section        0  stm32f4xx_adc.o(i.ADC_SoftwareStartConv)
    i.ADC_StructInit                         0x08000a06   Section        0  stm32f4xx_adc.o(i.ADC_StructInit)
    i.Adc_Init                               0x08000a1a   Section        0  adcadapter.o(i.Adc_Init)
    i.CAN1_RX0_IRQHandler                    0x08000a2c   Section        0  canadapter.o(i.CAN1_RX0_IRQHandler)
    i.CAN2_RX0_IRQHandler                    0x08000a7c   Section        0  canadapter.o(i.CAN2_RX0_IRQHandler)
    i.CAN_DeInit                             0x08000acc   Section        0  stm32f4xx_can.o(i.CAN_DeInit)
    i.CAN_FilterInit                         0x08000b04   Section        0  stm32f4xx_can.o(i.CAN_FilterInit)
    i.CAN_GetFlagStatus                      0x08000c0c   Section        0  stm32f4xx_can.o(i.CAN_GetFlagStatus)
    i.CAN_ITConfig                           0x08000c84   Section        0  stm32f4xx_can.o(i.CAN_ITConfig)
    i.CAN_Init                               0x08000c96   Section        0  stm32f4xx_can.o(i.CAN_Init)
    i.CAN_Receive                            0x08000daa   Section        0  stm32f4xx_can.o(i.CAN_Receive)
    i.CA_Init                                0x08000e9c   Section        0  ctrlalgorithm.o(i.CA_Init)
    i.Can_Config_Setup                       0x08000f28   Section        0  canadapter.o(i.Can_Config_Setup)
    i.Can_FormatData                         0x08001130   Section        0  canadapter.o(i.Can_FormatData)
    i.Can_FormatFilter                       0x0800117a   Section        0  canadapter.o(i.Can_FormatFilter)
    i.Can_GPIO_Setup                         0x08001188   Section        0  canadapter.o(i.Can_GPIO_Setup)
    i.Can_Init                               0x080011e4   Section        0  canadapter.o(i.Can_Init)
    i.ConfigGPIO_Uart1                       0x08001290   Section        0  uartadapter.o(i.ConfigGPIO_Uart1)
    i.ConfigGPIO_Uart2                       0x080012f0   Section        0  uartadapter.o(i.ConfigGPIO_Uart2)
    i.ConfigGPIO_Uart3                       0x08001350   Section        0  uartadapter.o(i.ConfigGPIO_Uart3)
    i.DMA1_Stream3_IRQHandler                0x08001398   Section        0  uartadapter.o(i.DMA1_Stream3_IRQHandler)
    i.DMA1_Stream6_IRQHandler                0x080013d0   Section        0  uartadapter.o(i.DMA1_Stream6_IRQHandler)
    i.DMA2_Stream7_IRQHandler                0x0800140c   Section        0  uartadapter.o(i.DMA2_Stream7_IRQHandler)
    i.DMA_ClearFlag                          0x08001444   Section        0  stm32f4xx_dma.o(i.DMA_ClearFlag)
    i.DMA_Cmd                                0x08001478   Section        0  stm32f4xx_dma.o(i.DMA_Cmd)
    i.DMA_DeInit                             0x08001490   Section        0  stm32f4xx_dma.o(i.DMA_DeInit)
    i.DMA_GetCurrDataCounter                 0x080015e8   Section        0  stm32f4xx_dma.o(i.DMA_GetCurrDataCounter)
    i.DMA_GetITStatus                        0x080015f0   Section        0  stm32f4xx_dma.o(i.DMA_GetITStatus)
    i.DMA_ITConfig                           0x08001654   Section        0  stm32f4xx_dma.o(i.DMA_ITConfig)
    i.DMA_Init                               0x08001690   Section        0  stm32f4xx_dma.o(i.DMA_Init)
    i.DMA_SetCurrDataCounter                 0x080016e8   Section        0  stm32f4xx_dma.o(i.DMA_SetCurrDataCounter)
    i.Dac_Init                               0x080016ec   Section        0  dacadapter.o(i.Dac_Init)
    i.Delay_Init                             0x080016fc   Section        0  delayadapter.o(i.Delay_Init)
    i.Delay_ms                               0x08001728   Section        0  delayadapter.o(i.Delay_ms)
    i.EXTI0_IRQHandler                       0x080017f8   Section        0  extiadapter.o(i.EXTI0_IRQHandler)
    i.EXTI4_IRQHandler                       0x0800181c   Section        0  extiadapter.o(i.EXTI4_IRQHandler)
    i.EXTI_ClearITPendingBit                 0x08001840   Section        0  stm32f4xx_exti.o(i.EXTI_ClearITPendingBit)
    i.EXTI_GetITStatus                       0x0800184c   Section        0  stm32f4xx_exti.o(i.EXTI_GetITStatus)
    i.FMC_GPIOConfig                         0x08001864   Section        0  fmcadapter.o(i.FMC_GPIOConfig)
    i.FMC_Init                               0x08001a38   Section        0  fmcadapter.o(i.FMC_Init)
    i.FMC_NORSRAMCmd                         0x08001aa0   Section        0  stm32f4xx_fmc.o(i.FMC_NORSRAMCmd)
    i.FMC_NORSRAMInit                        0x08001ad4   Section        0  stm32f4xx_fmc.o(i.FMC_NORSRAMInit)
    i.FPGA_Get_BaudRate                      0x08001c24   Section        0  uartadapter.o(i.FPGA_Get_BaudRate)
    i.FPGA_Get_Config                        0x08001c94   Section        0  uartadapter.o(i.FPGA_Get_Config)
    i.FPGA_UART_Init                         0x08001cc8   Section        0  uartadapter.o(i.FPGA_UART_Init)
    i.FPGA_UART_Send                         0x08001d50   Section        0  uartadapter.o(i.FPGA_UART_Send)
    i.GPIO_Init                              0x08001d78   Section        0  stm32f4xx_gpio.o(i.GPIO_Init)
    i.GPIO_PinAFConfig                       0x08001e08   Section        0  stm32f4xx_gpio.o(i.GPIO_PinAFConfig)
    i.GPIO_ResetBits                         0x08001e4e   Section        0  stm32f4xx_gpio.o(i.GPIO_ResetBits)
    i.GPIO_SetBits                           0x08001e52   Section        0  stm32f4xx_gpio.o(i.GPIO_SetBits)
    i.GPIO_WriteBit                          0x08001e56   Section        0  stm32f4xx_gpio.o(i.GPIO_WriteBit)
    i.GetDataBits                            0x08001e60   Section        0  uartadapter.o(i.GetDataBits)
    i.GetParityBits                          0x08001e7c   Section        0  uartadapter.o(i.GetParityBits)
    i.GetStopBits                            0x08001ea2   Section        0  uartadapter.o(i.GetStopBits)
    i.Gpio_Init                              0x08001ed4   Section        0  gpioadapter.o(i.Gpio_Init)
    i.IINCHIP_READ                           0x08001f38   Section        0  w5500_conf.o(i.IINCHIP_READ)
    i.IINCHIP_SpiSendData                    0x08001f6a   Section        0  w5500_conf.o(i.IINCHIP_SpiSendData)
    i.IINCHIP_WRITE                          0x08001f7a   Section        0  w5500_conf.o(i.IINCHIP_WRITE)
    i.ISR_Main_Int                           0x08001fac   Section        0  main.o(i.ISR_Main_Int)
    i.Inner_Weak_Coef_Init                   0x08001fdc   Section        0  ctrlalgorithm.o(i.Inner_Weak_Coef_Init)
    i.Led_Blink                              0x08001fe0   Section        0  ledadapter.o(i.Led_Blink)
    i.Led_Init                               0x08002028   Section        0  ledadapter.o(i.Led_Init)
    i.NVIC_Init                              0x08002080   Section        0  misc.o(i.NVIC_Init)
    i.NVIC_PriorityGroupConfig               0x080020f8   Section        0  misc.o(i.NVIC_PriorityGroupConfig)
    i.Outer_Weak_Coef_Init                   0x0800210c   Section        0  ctrlalgorithm.o(i.Outer_Weak_Coef_Init)
    i.PHY_check                              0x08002110   Section        0  w5500_conf.o(i.PHY_check)
    i.Peripheral_Init                        0x08002170   Section        0  main.o(i.Peripheral_Init)
    i.RCC_AHB1PeriphClockCmd                 0x080021e0   Section        0  stm32f4xx_rcc.o(i.RCC_AHB1PeriphClockCmd)
    i.RCC_AHB3PeriphClockCmd                 0x08002200   Section        0  stm32f4xx_rcc.o(i.RCC_AHB3PeriphClockCmd)
    i.RCC_APB1PeriphClockCmd                 0x08002220   Section        0  stm32f4xx_rcc.o(i.RCC_APB1PeriphClockCmd)
    i.RCC_APB1PeriphResetCmd                 0x08002240   Section        0  stm32f4xx_rcc.o(i.RCC_APB1PeriphResetCmd)
    i.RCC_APB2PeriphClockCmd                 0x08002260   Section        0  stm32f4xx_rcc.o(i.RCC_APB2PeriphClockCmd)
    i.RCC_APB2PeriphResetCmd                 0x08002280   Section        0  stm32f4xx_rcc.o(i.RCC_APB2PeriphResetCmd)
    i.RCC_GetClocksFreq                      0x080022a0   Section        0  stm32f4xx_rcc.o(i.RCC_GetClocksFreq)
    i.SPI1_Config                            0x08002388   Section        0  spiadapter.o(i.SPI1_Config)
    i.SPI2_Config                            0x08002490   Section        0  spiadapter.o(i.SPI2_Config)
    i.SPI3_Config                            0x08002590   Section        0  spiadapter.o(i.SPI3_Config)
    i.SPI_Cmd                                0x0800269c   Section        0  stm32f4xx_spi.o(i.SPI_Cmd)
    i.SPI_I2S_GetFlagStatus                  0x080026b4   Section        0  stm32f4xx_spi.o(i.SPI_I2S_GetFlagStatus)
    i.SPI_I2S_ReceiveData                    0x080026c6   Section        0  stm32f4xx_spi.o(i.SPI_I2S_ReceiveData)
    i.SPI_I2S_SendData                       0x080026cc   Section        0  stm32f4xx_spi.o(i.SPI_I2S_SendData)
    i.SPI_Init                               0x080026d0   Section        0  stm32f4xx_spi.o(i.SPI_Init)
    i.SendUartMsg                            0x0800270c   Section        0  uartadapter.o(i.SendUartMsg)
    i.SetSysClock                            0x08002778   Section        0  system_stm32f4xx.o(i.SetSysClock)
    SetSysClock                              0x08002779   Thumb Code   272  system_stm32f4xx.o(i.SetSysClock)
    i.Spi_CS                                 0x08002898   Section        0  spiadapter.o(i.Spi_CS)
    i.Spi_Init                               0x080028e0   Section        0  spiadapter.o(i.Spi_Init)
    i.Spi_ReadWrite                          0x08002908   Section        0  spiadapter.o(i.Spi_ReadWrite)
    i.Spi_ReadWriteData                      0x0800293c   Section        0  spiadapter.o(i.Spi_ReadWriteData)
    i.SysTick_CLKSourceConfig                0x08002988   Section        0  misc.o(i.SysTick_CLKSourceConfig)
    i.SystemInit                             0x080029b0   Section        0  system_stm32f4xx.o(i.SystemInit)
    i.TIM2_IRQHandler                        0x08002a18   Section        0  timadapter.o(i.TIM2_IRQHandler)
    i.TIM3_IRQHandler                        0x08002a48   Section        0  timadapter.o(i.TIM3_IRQHandler)
    i.TIM4_IRQHandler                        0x08002a78   Section        0  timadapter.o(i.TIM4_IRQHandler)
    i.TIM5_IRQHandler                        0x08002aa8   Section        0  timadapter.o(i.TIM5_IRQHandler)
    i.TIM_ClearFlag                          0x08002ad8   Section        0  stm32f4xx_tim.o(i.TIM_ClearFlag)
    i.TIM_Cmd                                0x08002ade   Section        0  stm32f4xx_tim.o(i.TIM_Cmd)
    i.TIM_DeInit                             0x08002af8   Section        0  stm32f4xx_tim.o(i.TIM_DeInit)
    i.TIM_ITConfig                           0x08002c88   Section        0  stm32f4xx_tim.o(i.TIM_ITConfig)
    i.TIM_TimeBaseInit                       0x08002c9c   Section        0  stm32f4xx_tim.o(i.TIM_TimeBaseInit)
    i.Timer_Init                             0x08002d20   Section        0  timadapter.o(i.Timer_Init)
    i.USART1_DMA_Init                        0x08002e90   Section        0  uartadapter.o(i.USART1_DMA_Init)
    i.USART1_DMA_Send_Once_Data              0x08003048   Section        0  uartadapter.o(i.USART1_DMA_Send_Once_Data)
    i.USART1_IRQHandler                      0x08003090   Section        0  uartadapter.o(i.USART1_IRQHandler)
    i.USART1_RX_Finish_IRQ                   0x080030e4   Section        0  uartadapter.o(i.USART1_RX_Finish_IRQ)
    i.USART2_DMA_Init                        0x08003140   Section        0  uartadapter.o(i.USART2_DMA_Init)
    i.USART2_DMA_Send_Once_Data              0x080032f8   Section        0  uartadapter.o(i.USART2_DMA_Send_Once_Data)
    i.USART2_IRQHandler                      0x08003340   Section        0  uartadapter.o(i.USART2_IRQHandler)
    i.USART2_RX_Finish_IRQ                   0x08003398   Section        0  uartadapter.o(i.USART2_RX_Finish_IRQ)
    i.USART3_DMA_Init                        0x080033f4   Section        0  uartadapter.o(i.USART3_DMA_Init)
    i.USART3_DMA_Send_Once_Data              0x080035ac   Section        0  uartadapter.o(i.USART3_DMA_Send_Once_Data)
    i.USART3_IRQHandler                      0x080035f4   Section        0  uartadapter.o(i.USART3_IRQHandler)
    i.USART3_RX_Finish_IRQ                   0x0800364c   Section        0  uartadapter.o(i.USART3_RX_Finish_IRQ)
    i.USART_Cmd                              0x080036a8   Section        0  stm32f4xx_usart.o(i.USART_Cmd)
    i.USART_DMACmd                           0x080036c0   Section        0  stm32f4xx_usart.o(i.USART_DMACmd)
    i.USART_GetITStatus                      0x080036d2   Section        0  stm32f4xx_usart.o(i.USART_GetITStatus)
    i.USART_ITConfig                         0x08003726   Section        0  stm32f4xx_usart.o(i.USART_ITConfig)
    i.USART_Init                             0x08003770   Section        0  stm32f4xx_usart.o(i.USART_Init)
    i.Uart_Init                              0x08003844   Section        0  uartadapter.o(i.Uart_Init)
    i.__0printf                              0x080038e4   Section        0  printfa.o(i.__0printf)
    i.__scatterload_copy                     0x08003904   Section       14  handlers.o(i.__scatterload_copy)
    i.__scatterload_null                     0x08003912   Section        2  handlers.o(i.__scatterload_null)
    i.__scatterload_zeroinit                 0x08003914   Section       14  handlers.o(i.__scatterload_zeroinit)
    i._fp_digits                             0x08003924   Section        0  printfa.o(i._fp_digits)
    _fp_digits                               0x08003925   Thumb Code   366  printfa.o(i._fp_digits)
    i._printf_core                           0x08003aa8   Section        0  printfa.o(i._printf_core)
    _printf_core                             0x08003aa9   Thumb Code  1704  printfa.o(i._printf_core)
    i._printf_post_padding                   0x0800415c   Section        0  printfa.o(i._printf_post_padding)
    _printf_post_padding                     0x0800415d   Thumb Code    36  printfa.o(i._printf_post_padding)
    i._printf_pre_padding                    0x08004180   Section        0  printfa.o(i._printf_pre_padding)
    _printf_pre_padding                      0x08004181   Thumb Code    46  printfa.o(i._printf_pre_padding)
    i.close                                  0x080041ae   Section        0  socket.o(i.close)
    i.connect                                0x080041e2   Section        0  socket.o(i.connect)
    i.disconnect                             0x080042da   Section        0  socket.o(i.disconnect)
    i.do_tcp_client                          0x08004300   Section        0  tcp_client.o(i.do_tcp_client)
    i.fputc                                  0x08004394   Section        0  swoadapter.o(i.fputc)
    i.getGAR                                 0x080043cc   Section        0  w5500_control.o(i.getGAR)
    i.getIINCHIP_TxMAX                       0x080043dc   Section        0  w5500_control.o(i.getIINCHIP_TxMAX)
    i.getPHYStatus                           0x080043ec   Section        0  w5500_conf.o(i.getPHYStatus)
    i.getSHAR                                0x080043f8   Section        0  w5500_control.o(i.getSHAR)
    i.getSIPR                                0x0800440a   Section        0  w5500_control.o(i.getSIPR)
    i.getSUBR                                0x0800441c   Section        0  w5500_control.o(i.getSUBR)
    i.getSn_IR                               0x0800442e   Section        0  w5500_control.o(i.getSn_IR)
    i.getSn_RX_RSR1                          0x08004440   Section        0  w5500_control.o(i.getSn_RX_RSR1)
    i.getSn_SR                               0x08004494   Section        0  w5500_control.o(i.getSn_SR)
    i.getSn_TX_FSR1                          0x080044a6   Section        0  w5500_control.o(i.getSn_TX_FSR1)
    i.iinchip_csoff                          0x080044fa   Section        0  w5500_conf.o(i.iinchip_csoff)
    i.iinchip_cson                           0x08004506   Section        0  w5500_conf.o(i.iinchip_cson)
    i.main                                   0x08004514   Section        0  main.o(i.main)
    i.recv                                   0x0800454c   Section        0  socket.o(i.recv)
    i.recv_data_processing                   0x08004590   Section        0  w5500_control.o(i.recv_data_processing)
    i.reset_w5500                            0x08004624   Section        0  w5500_conf.o(i.reset_w5500)
    i.send                                   0x08004650   Section        0  socket.o(i.send)
    i.send_data_processing                   0x08004740   Section        0  w5500_control.o(i.send_data_processing)
    i.setGAR                                 0x080047d4   Section        0  w5500_control.o(i.setGAR)
    i.setSHAR                                0x080047e4   Section        0  w5500_control.o(i.setSHAR)
    i.setSIPR                                0x080047f6   Section        0  w5500_control.o(i.setSIPR)
    i.setSUBR                                0x08004808   Section        0  w5500_control.o(i.setSUBR)
    i.setSn_IR                               0x0800481a   Section        0  w5500_control.o(i.setSn_IR)
    i.set_w5500_mac                          0x08004830   Section        0  w5500_conf.o(i.set_w5500_mac)
    i.set_w5500_netinfo                      0x0800485c   Section        0  w5500_conf.o(i.set_w5500_netinfo)
    i.socket                                 0x080048fc   Section        0  socket.o(i.socket)
    i.socket_buf_init                        0x080049c0   Section        0  w5500_control.o(i.socket_buf_init)
    i.w5500Init                              0x08004a48   Section        0  w5500_conf.o(i.w5500Init)
    i.wiz_read_buf                           0x08004a6c   Section        0  w5500_conf.o(i.wiz_read_buf)
    i.wiz_write_buf                          0x08004ab2   Section        0  w5500_conf.o(i.wiz_write_buf)
    .data                                    0x20000000   Section       16  stm32f4xx_rcc.o(.data)
    APBAHBPrescTable                         0x20000000   Data          16  stm32f4xx_rcc.o(.data)
    .data                                    0x20000010   Section        1  delayadapter.o(.data)
    first                                    0x20000010   Data           1  delayadapter.o(.data)
    .data                                    0x20000011   Section        2  ledadapter.o(.data)
    bink_state_led1                          0x20000011   Data           1  ledadapter.o(.data)
    bink_state_led2                          0x20000012   Data           1  ledadapter.o(.data)
    .data                                    0x20000014   Section       16  timadapter.o(.data)
    .data                                    0x20000024   Section        3  uartadapter.o(.data)
    .data                                    0x20000028   Section        8  canadapter.o(.data)
    .data                                    0x20000030   Section       15  main.o(.data)
    .data                                    0x20000040   Section       20  system_stm32f4xx.o(.data)
    .data                                    0x20000054   Section       40  w5500_conf.o(.data)
    .data                                    0x2000007c   Section       16  w5500_control.o(.data)
    .data                                    0x2000008c   Section        4  stdout.o(.data)
    .bss                                     0x20000090   Section       80  extiadapter.o(.bss)
    .bss                                     0x200000e0   Section     9630  uartadapter.o(.bss)
    .bss                                     0x2000267e   Section     1080  w5500_conf.o(.bss)
    .bss                                     0x20002ab6   Section       32  w5500_control.o(.bss)
    .bss                                     0x20002ad8   Section      512  ctrlalgorithm.o(.bss)
    .bss                                     0x20002cd8   Section     2048  tcp_client.o(.bss)
    STACK                                    0x200034d8   Section     1024  startup_stm32f429_439xx.o(STACK)

    Global Symbols

    Symbol Name                              Value     Ov Type        Size  Object(Section)

    BuildAttributes$$THM_ISAv4$E$P$D$K$B$S$7EM$VFPi3$EXTD16$VFPS$VFMA$PE$A:L22UL41UL21$X:L11$S22US41US21$IEEE1$IW$USESV6$~STKCKD$USESV7$~SHL$OSPACE$ROPI$EBA8$MICROLIB$REQ8$PRES8$EABIv2 0x00000000   Number         0  anon$$obj.o ABSOLUTE
    __ARM_use_no_argv                        0x00000000   Number         0  main.o ABSOLUTE
    _printf_a                                0x00000000   Number         0  stubs.o ABSOLUTE
    _printf_c                                0x00000000   Number         0  stubs.o ABSOLUTE
    _printf_charcount                        0x00000000   Number         0  stubs.o ABSOLUTE
    _printf_d                                0x00000000   Number         0  stubs.o ABSOLUTE
    _printf_e                                0x00000000   Number         0  stubs.o ABSOLUTE
    _printf_f                                0x00000000   Number         0  stubs.o ABSOLUTE
    _printf_flags                            0x00000000   Number         0  stubs.o ABSOLUTE
    _printf_fp_dec                           0x00000000   Number         0  stubs.o ABSOLUTE
    _printf_fp_hex                           0x00000000   Number         0  stubs.o ABSOLUTE
    _printf_g                                0x00000000   Number         0  stubs.o ABSOLUTE
    _printf_i                                0x00000000   Number         0  stubs.o ABSOLUTE
    _printf_int_dec                          0x00000000   Number         0  stubs.o ABSOLUTE
    _printf_l                                0x00000000   Number         0  stubs.o ABSOLUTE
    _printf_lc                               0x00000000   Number         0  stubs.o ABSOLUTE
    _printf_ll                               0x00000000   Number         0  stubs.o ABSOLUTE
    _printf_lld                              0x00000000   Number         0  stubs.o ABSOLUTE
    _printf_lli                              0x00000000   Number         0  stubs.o ABSOLUTE
    _printf_llo                              0x00000000   Number         0  stubs.o ABSOLUTE
    _printf_llu                              0x00000000   Number         0  stubs.o ABSOLUTE
    _printf_llx                              0x00000000   Number         0  stubs.o ABSOLUTE
    _printf_longlong_dec                     0x00000000   Number         0  stubs.o ABSOLUTE
    _printf_longlong_hex                     0x00000000   Number         0  stubs.o ABSOLUTE
    _printf_longlong_oct                     0x00000000   Number         0  stubs.o ABSOLUTE
    _printf_ls                               0x00000000   Number         0  stubs.o ABSOLUTE
    _printf_mbtowc                           0x00000000   Number         0  stubs.o ABSOLUTE
    _printf_n                                0x00000000   Number         0  stubs.o ABSOLUTE
    _printf_o                                0x00000000   Number         0  stubs.o ABSOLUTE
    _printf_p                                0x00000000   Number         0  stubs.o ABSOLUTE
    _printf_percent                          0x00000000   Number         0  stubs.o ABSOLUTE
    _printf_pre_padding                      0x00000000   Number         0  stubs.o ABSOLUTE
    _printf_return_value                     0x00000000   Number         0  stubs.o ABSOLUTE
    _printf_s                                0x00000000   Number         0  stubs.o ABSOLUTE
    _printf_sizespec                         0x00000000   Number         0  stubs.o ABSOLUTE
    _printf_str                              0x00000000   Number         0  stubs.o ABSOLUTE
    _printf_truncate_signed                  0x00000000   Number         0  stubs.o ABSOLUTE
    _printf_truncate_unsigned                0x00000000   Number         0  stubs.o ABSOLUTE
    _printf_u                                0x00000000   Number         0  stubs.o ABSOLUTE
    _printf_wc                               0x00000000   Number         0  stubs.o ABSOLUTE
    _printf_wctomb                           0x00000000   Number         0  stubs.o ABSOLUTE
    _printf_widthprec                        0x00000000   Number         0  stubs.o ABSOLUTE
    _printf_x                                0x00000000   Number         0  stubs.o ABSOLUTE
    __arm_fini_                               - Undefined Weak Reference
    __cpp_initialize__aeabi_                  - Undefined Weak Reference
    __cxa_finalize                            - Undefined Weak Reference
    __decompress                              - Undefined Weak Reference
    _clock_init                               - Undefined Weak Reference
    _microlib_exit                            - Undefined Weak Reference
    __Vectors_Size                           0x000001ac   Number         0  startup_stm32f429_439xx.o ABSOLUTE
    __Vectors                                0x08000000   Data           4  startup_stm32f429_439xx.o(RESET)
    __Vectors_End                            0x080001ac   Data           0  startup_stm32f429_439xx.o(RESET)
    __main                                   0x080001ad   Thumb Code     0  entry.o(.ARM.Collect$$$$00000000)
    _main_stk                                0x080001ad   Thumb Code     0  entry2.o(.ARM.Collect$$$$00000001)
    _main_scatterload                        0x080001b1   Thumb Code     0  entry5.o(.ARM.Collect$$$$00000004)
    __main_after_scatterload                 0x080001b5   Thumb Code     0  entry5.o(.ARM.Collect$$$$00000004)
    _main_clock                              0x080001b5   Thumb Code     0  entry7b.o(.ARM.Collect$$$$00000008)
    _main_cpp_init                           0x080001b5   Thumb Code     0  entry8b.o(.ARM.Collect$$$$0000000A)
    _main_init                               0x080001b5   Thumb Code     0  entry9a.o(.ARM.Collect$$$$0000000B)
    __rt_lib_shutdown_fini                   0x080001bd   Thumb Code     0  entry12b.o(.ARM.Collect$$$$0000000E)
    __rt_final_cpp                           0x080001c1   Thumb Code     0  entry10a.o(.ARM.Collect$$$$0000000F)
    __rt_final_exit                          0x080001c1   Thumb Code     0  entry11a.o(.ARM.Collect$$$$00000011)
    Reset_Handler                            0x080001c5   Thumb Code     8  startup_stm32f429_439xx.o(.text)
    NMI_Handler                              0x080001cd   Thumb Code     2  startup_stm32f429_439xx.o(.text)
    HardFault_Handler                        0x080001cf   Thumb Code     2  startup_stm32f429_439xx.o(.text)
    MemManage_Handler                        0x080001d1   Thumb Code     2  startup_stm32f429_439xx.o(.text)
    BusFault_Handler                         0x080001d3   Thumb Code     2  startup_stm32f429_439xx.o(.text)
    UsageFault_Handler                       0x080001d5   Thumb Code     2  startup_stm32f429_439xx.o(.text)
    SVC_Handler                              0x080001d7   Thumb Code     2  startup_stm32f429_439xx.o(.text)
    DebugMon_Handler                         0x080001d9   Thumb Code     2  startup_stm32f429_439xx.o(.text)
    PendSV_Handler                           0x080001db   Thumb Code     2  startup_stm32f429_439xx.o(.text)
    SysTick_Handler                          0x080001dd   Thumb Code     2  startup_stm32f429_439xx.o(.text)
    ADC_IRQHandler                           0x080001df   Thumb Code     0  startup_stm32f429_439xx.o(.text)
    CAN1_RX1_IRQHandler                      0x080001df   Thumb Code     0  startup_stm32f429_439xx.o(.text)
    CAN1_SCE_IRQHandler                      0x080001df   Thumb Code     0  startup_stm32f429_439xx.o(.text)
    CAN1_TX_IRQHandler                       0x080001df   Thumb Code     0  startup_stm32f429_439xx.o(.text)
    CAN2_RX1_IRQHandler                      0x080001df   Thumb Code     0  startup_stm32f429_439xx.o(.text)
    CAN2_SCE_IRQHandler                      0x080001df   Thumb Code     0  startup_stm32f429_439xx.o(.text)
    CAN2_TX_IRQHandler                       0x080001df   Thumb Code     0  startup_stm32f429_439xx.o(.text)
    CRYP_IRQHandler                          0x080001df   Thumb Code     0  startup_stm32f429_439xx.o(.text)
    DCMI_IRQHandler                          0x080001df   Thumb Code     0  startup_stm32f429_439xx.o(.text)
    DMA1_Stream0_IRQHandler                  0x080001df   Thumb Code     0  startup_stm32f429_439xx.o(.text)
    DMA1_Stream1_IRQHandler                  0x080001df   Thumb Code     0  startup_stm32f429_439xx.o(.text)
    DMA1_Stream2_IRQHandler                  0x080001df   Thumb Code     0  startup_stm32f429_439xx.o(.text)
    DMA1_Stream4_IRQHandler                  0x080001df   Thumb Code     0  startup_stm32f429_439xx.o(.text)
    DMA1_Stream5_IRQHandler                  0x080001df   Thumb Code     0  startup_stm32f429_439xx.o(.text)
    DMA1_Stream7_IRQHandler                  0x080001df   Thumb Code     0  startup_stm32f429_439xx.o(.text)
    DMA2D_IRQHandler                         0x080001df   Thumb Code     0  startup_stm32f429_439xx.o(.text)
    DMA2_Stream0_IRQHandler                  0x080001df   Thumb Code     0  startup_stm32f429_439xx.o(.text)
    DMA2_Stream1_IRQHandler                  0x080001df   Thumb Code     0  startup_stm32f429_439xx.o(.text)
    DMA2_Stream2_IRQHandler                  0x080001df   Thumb Code     0  startup_stm32f429_439xx.o(.text)
    DMA2_Stream3_IRQHandler                  0x080001df   Thumb Code     0  startup_stm32f429_439xx.o(.text)
    DMA2_Stream4_IRQHandler                  0x080001df   Thumb Code     0  startup_stm32f429_439xx.o(.text)
    DMA2_Stream5_IRQHandler                  0x080001df   Thumb Code     0  startup_stm32f429_439xx.o(.text)
    DMA2_Stream6_IRQHandler                  0x080001df   Thumb Code     0  startup_stm32f429_439xx.o(.text)
    ETH_IRQHandler                           0x080001df   Thumb Code     0  startup_stm32f429_439xx.o(.text)
    ETH_WKUP_IRQHandler                      0x080001df   Thumb Code     0  startup_stm32f429_439xx.o(.text)
    EXTI15_10_IRQHandler                     0x080001df   Thumb Code     0  startup_stm32f429_439xx.o(.text)
    EXTI1_IRQHandler                         0x080001df   Thumb Code     0  startup_stm32f429_439xx.o(.text)
    EXTI2_IRQHandler                         0x080001df   Thumb Code     0  startup_stm32f429_439xx.o(.text)
    EXTI3_IRQHandler                         0x080001df   Thumb Code     0  startup_stm32f429_439xx.o(.text)
    EXTI9_5_IRQHandler                       0x080001df   Thumb Code     0  startup_stm32f429_439xx.o(.text)
    FLASH_IRQHandler                         0x080001df   Thumb Code     0  startup_stm32f429_439xx.o(.text)
    FMC_IRQHandler                           0x080001df   Thumb Code     0  startup_stm32f429_439xx.o(.text)
    FPU_IRQHandler                           0x080001df   Thumb Code     0  startup_stm32f429_439xx.o(.text)
    HASH_RNG_IRQHandler                      0x080001df   Thumb Code     0  startup_stm32f429_439xx.o(.text)
    I2C1_ER_IRQHandler                       0x080001df   Thumb Code     0  startup_stm32f429_439xx.o(.text)
    I2C1_EV_IRQHandler                       0x080001df   Thumb Code     0  startup_stm32f429_439xx.o(.text)
    I2C2_ER_IRQHandler                       0x080001df   Thumb Code     0  startup_stm32f429_439xx.o(.text)
    I2C2_EV_IRQHandler                       0x080001df   Thumb Code     0  startup_stm32f429_439xx.o(.text)
    I2C3_ER_IRQHandler                       0x080001df   Thumb Code     0  startup_stm32f429_439xx.o(.text)
    I2C3_EV_IRQHandler                       0x080001df   Thumb Code     0  startup_stm32f429_439xx.o(.text)
    LTDC_ER_IRQHandler                       0x080001df   Thumb Code     0  startup_stm32f429_439xx.o(.text)
    LTDC_IRQHandler                          0x080001df   Thumb Code     0  startup_stm32f429_439xx.o(.text)
    OTG_FS_IRQHandler                        0x080001df   Thumb Code     0  startup_stm32f429_439xx.o(.text)
    OTG_FS_WKUP_IRQHandler                   0x080001df   Thumb Code     0  startup_stm32f429_439xx.o(.text)
    OTG_HS_EP1_IN_IRQHandler                 0x080001df   Thumb Code     0  startup_stm32f429_439xx.o(.text)
    OTG_HS_EP1_OUT_IRQHandler                0x080001df   Thumb Code     0  startup_stm32f429_439xx.o(.text)
    OTG_HS_IRQHandler                        0x080001df   Thumb Code     0  startup_stm32f429_439xx.o(.text)
    OTG_HS_WKUP_IRQHandler                   0x080001df   Thumb Code     0  startup_stm32f429_439xx.o(.text)
    PVD_IRQHandler                           0x080001df   Thumb Code     0  startup_stm32f429_439xx.o(.text)
    RCC_IRQHandler                           0x080001df   Thumb Code     0  startup_stm32f429_439xx.o(.text)
    RTC_Alarm_IRQHandler                     0x080001df   Thumb Code     0  startup_stm32f429_439xx.o(.text)
    RTC_WKUP_IRQHandler                      0x080001df   Thumb Code     0  startup_stm32f429_439xx.o(.text)
    SAI1_IRQHandler                          0x080001df   Thumb Code     0  startup_stm32f429_439xx.o(.text)
    SDIO_IRQHandler                          0x080001df   Thumb Code     0  startup_stm32f429_439xx.o(.text)
    SPI1_IRQHandler                          0x080001df   Thumb Code     0  startup_stm32f429_439xx.o(.text)
    SPI2_IRQHandler                          0x080001df   Thumb Code     0  startup_stm32f429_439xx.o(.text)
    SPI3_IRQHandler                          0x080001df   Thumb Code     0  startup_stm32f429_439xx.o(.text)
    SPI4_IRQHandler                          0x080001df   Thumb Code     0  startup_stm32f429_439xx.o(.text)
    SPI5_IRQHandler                          0x080001df   Thumb Code     0  startup_stm32f429_439xx.o(.text)
    SPI6_IRQHandler                          0x080001df   Thumb Code     0  startup_stm32f429_439xx.o(.text)
    TAMP_STAMP_IRQHandler                    0x080001df   Thumb Code     0  startup_stm32f429_439xx.o(.text)
    TIM1_BRK_TIM9_IRQHandler                 0x080001df   Thumb Code     0  startup_stm32f429_439xx.o(.text)
    TIM1_CC_IRQHandler                       0x080001df   Thumb Code     0  startup_stm32f429_439xx.o(.text)
    TIM1_TRG_COM_TIM11_IRQHandler            0x080001df   Thumb Code     0  startup_stm32f429_439xx.o(.text)
    TIM1_UP_TIM10_IRQHandler                 0x080001df   Thumb Code     0  startup_stm32f429_439xx.o(.text)
    TIM6_DAC_IRQHandler                      0x080001df   Thumb Code     0  startup_stm32f429_439xx.o(.text)
    TIM7_IRQHandler                          0x080001df   Thumb Code     0  startup_stm32f429_439xx.o(.text)
    TIM8_BRK_TIM12_IRQHandler                0x080001df   Thumb Code     0  startup_stm32f429_439xx.o(.text)
    TIM8_CC_IRQHandler                       0x080001df   Thumb Code     0  startup_stm32f429_439xx.o(.text)
    TIM8_TRG_COM_TIM14_IRQHandler            0x080001df   Thumb Code     0  startup_stm32f429_439xx.o(.text)
    TIM8_UP_TIM13_IRQHandler                 0x080001df   Thumb Code     0  startup_stm32f429_439xx.o(.text)
    UART4_IRQHandler                         0x080001df   Thumb Code     0  startup_stm32f429_439xx.o(.text)
    UART5_IRQHandler                         0x080001df   Thumb Code     0  startup_stm32f429_439xx.o(.text)
    UART7_IRQHandler                         0x080001df   Thumb Code     0  startup_stm32f429_439xx.o(.text)
    UART8_IRQHandler                         0x080001df   Thumb Code     0  startup_stm32f429_439xx.o(.text)
    USART6_IRQHandler                        0x080001df   Thumb Code     0  startup_stm32f429_439xx.o(.text)
    WWDG_IRQHandler                          0x080001df   Thumb Code     0  startup_stm32f429_439xx.o(.text)
    __aeabi_uldivmod                         0x080001e9   Thumb Code    98  uldiv.o(.text)
    __aeabi_memcpy                           0x0800024b   Thumb Code    36  memcpya.o(.text)
    __aeabi_memcpy4                          0x0800024b   Thumb Code     0  memcpya.o(.text)
    __aeabi_memcpy8                          0x0800024b   Thumb Code     0  memcpya.o(.text)
    __aeabi_memset                           0x0800026f   Thumb Code    14  memseta.o(.text)
    __aeabi_memset4                          0x0800026f   Thumb Code     0  memseta.o(.text)
    __aeabi_memset8                          0x0800026f   Thumb Code     0  memseta.o(.text)
    __aeabi_memclr                           0x0800027d   Thumb Code     4  memseta.o(.text)
    __aeabi_memclr4                          0x0800027d   Thumb Code     0  memseta.o(.text)
    __aeabi_memclr8                          0x0800027d   Thumb Code     0  memseta.o(.text)
    _memset$wrapper                          0x08000281   Thumb Code    18  memseta.o(.text)
    __aeabi_dmul                             0x08000293   Thumb Code   228  dmul.o(.text)
    __aeabi_ddiv                             0x08000377   Thumb Code   222  ddiv.o(.text)
    __aeabi_uidiv                            0x08000455   Thumb Code     0  uidiv.o(.text)
    __aeabi_uidivmod                         0x08000455   Thumb Code    44  uidiv.o(.text)
    __aeabi_llsl                             0x08000481   Thumb Code    30  llshl.o(.text)
    _ll_shift_l                              0x08000481   Thumb Code     0  llshl.o(.text)
    __aeabi_llsr                             0x0800049f   Thumb Code    32  llushr.o(.text)
    _ll_ushift_r                             0x0800049f   Thumb Code     0  llushr.o(.text)
    __I$use$fp                               0x080004bf   Thumb Code     0  iusefp.o(.text)
    _double_round                            0x080004bf   Thumb Code    30  depilogue.o(.text)
    _double_epilogue                         0x080004dd   Thumb Code   156  depilogue.o(.text)
    __aeabi_dadd                             0x08000579   Thumb Code   322  dadd.o(.text)
    __aeabi_dsub                             0x080006bb   Thumb Code     6  dadd.o(.text)
    __aeabi_drsub                            0x080006c1   Thumb Code     6  dadd.o(.text)
    __aeabi_d2ulz                            0x080006c7   Thumb Code    48  dfixul.o(.text)
    __aeabi_cdrcmple                         0x080006f9   Thumb Code    48  cdrcmple.o(.text)
    __scatterload                            0x08000729   Thumb Code    28  init.o(.text)
    __scatterload_rt2                        0x08000729   Thumb Code     0  init.o(.text)
    __aeabi_lasr                             0x0800074d   Thumb Code    36  llsshr.o(.text)
    _ll_sshift_r                             0x0800074d   Thumb Code     0  llsshr.o(.text)
    ADC1_Config                              0x08000771   Thumb Code   122  adcadapter.o(i.ADC1_Config)
    ADC2_Config                              0x080007f5   Thumb Code   124  adcadapter.o(i.ADC2_Config)
    ADC_Cmd                                  0x08000879   Thumb Code    22  stm32f4xx_adc.o(i.ADC_Cmd)
    ADC_CommonInit                           0x08000891   Thumb Code    34  stm32f4xx_adc.o(i.ADC_CommonInit)
    ADC_CommonStructInit                     0x080008c1   Thumb Code    12  stm32f4xx_adc.o(i.ADC_CommonStructInit)
    ADC_Common_Config                        0x080008cd   Thumb Code    36  adcadapter.o(i.ADC_Common_Config)
    ADC_Init                                 0x080008f1   Thumb Code    74  stm32f4xx_adc.o(i.ADC_Init)
    ADC_RegularChannelConfig                 0x08000945   Thumb Code   184  stm32f4xx_adc.o(i.ADC_RegularChannelConfig)
    ADC_SoftwareStartConv                    0x080009fd   Thumb Code    10  stm32f4xx_adc.o(i.ADC_SoftwareStartConv)
    ADC_StructInit                           0x08000a07   Thumb Code    20  stm32f4xx_adc.o(i.ADC_StructInit)
    Adc_Init                                 0x08000a1b   Thumb Code    16  adcadapter.o(i.Adc_Init)
    CAN1_RX0_IRQHandler                      0x08000a2d   Thumb Code    66  canadapter.o(i.CAN1_RX0_IRQHandler)
    CAN2_RX0_IRQHandler                      0x08000a7d   Thumb Code    66  canadapter.o(i.CAN2_RX0_IRQHandler)
    CAN_DeInit                               0x08000acd   Thumb Code    50  stm32f4xx_can.o(i.CAN_DeInit)
    CAN_FilterInit                           0x08000b05   Thumb Code   258  stm32f4xx_can.o(i.CAN_FilterInit)
    CAN_GetFlagStatus                        0x08000c0d   Thumb Code   120  stm32f4xx_can.o(i.CAN_GetFlagStatus)
    CAN_ITConfig                             0x08000c85   Thumb Code    18  stm32f4xx_can.o(i.CAN_ITConfig)
    CAN_Init                                 0x08000c97   Thumb Code   276  stm32f4xx_can.o(i.CAN_Init)
    CAN_Receive                              0x08000dab   Thumb Code   240  stm32f4xx_can.o(i.CAN_Receive)
    CA_Init                                  0x08000e9d   Thumb Code   106  ctrlalgorithm.o(i.CA_Init)
    Can_Config_Setup                         0x08000f29   Thumb Code   512  canadapter.o(i.Can_Config_Setup)
    Can_FormatData                           0x08001131   Thumb Code    74  canadapter.o(i.Can_FormatData)
    Can_FormatFilter                         0x0800117b   Thumb Code    14  canadapter.o(i.Can_FormatFilter)
    Can_GPIO_Setup                           0x08001189   Thumb Code    88  canadapter.o(i.Can_GPIO_Setup)
    Can_Init                                 0x080011e5   Thumb Code   172  canadapter.o(i.Can_Init)
    ConfigGPIO_Uart1                         0x08001291   Thumb Code    88  uartadapter.o(i.ConfigGPIO_Uart1)
    ConfigGPIO_Uart2                         0x080012f1   Thumb Code    86  uartadapter.o(i.ConfigGPIO_Uart2)
    ConfigGPIO_Uart3                         0x08001351   Thumb Code    68  uartadapter.o(i.ConfigGPIO_Uart3)
    DMA1_Stream3_IRQHandler                  0x08001399   Thumb Code    44  uartadapter.o(i.DMA1_Stream3_IRQHandler)
    DMA1_Stream6_IRQHandler                  0x080013d1   Thumb Code    42  uartadapter.o(i.DMA1_Stream6_IRQHandler)
    DMA2_Stream7_IRQHandler                  0x0800140d   Thumb Code    44  uartadapter.o(i.DMA2_Stream7_IRQHandler)
    DMA_ClearFlag                            0x08001445   Thumb Code    38  stm32f4xx_dma.o(i.DMA_ClearFlag)
    DMA_Cmd                                  0x08001479   Thumb Code    22  stm32f4xx_dma.o(i.DMA_Cmd)
    DMA_DeInit                               0x08001491   Thumb Code   324  stm32f4xx_dma.o(i.DMA_DeInit)
    DMA_GetCurrDataCounter                   0x080015e9   Thumb Code     8  stm32f4xx_dma.o(i.DMA_GetCurrDataCounter)
    DMA_GetITStatus                          0x080015f1   Thumb Code    82  stm32f4xx_dma.o(i.DMA_GetITStatus)
    DMA_ITConfig                             0x08001655   Thumb Code    58  stm32f4xx_dma.o(i.DMA_ITConfig)
    DMA_Init                                 0x08001691   Thumb Code    82  stm32f4xx_dma.o(i.DMA_Init)
    DMA_SetCurrDataCounter                   0x080016e9   Thumb Code     4  stm32f4xx_dma.o(i.DMA_SetCurrDataCounter)
    Dac_Init                                 0x080016ed   Thumb Code    16  dacadapter.o(i.Dac_Init)
    Delay_Init                               0x080016fd   Thumb Code    38  delayadapter.o(i.Delay_Init)
    Delay_ms                                 0x08001729   Thumb Code   202  delayadapter.o(i.Delay_ms)
    EXTI0_IRQHandler                         0x080017f9   Thumb Code    30  extiadapter.o(i.EXTI0_IRQHandler)
    EXTI4_IRQHandler                         0x0800181d   Thumb Code    30  extiadapter.o(i.EXTI4_IRQHandler)
    EXTI_ClearITPendingBit                   0x08001841   Thumb Code     6  stm32f4xx_exti.o(i.EXTI_ClearITPendingBit)
    EXTI_GetITStatus                         0x0800184d   Thumb Code    20  stm32f4xx_exti.o(i.EXTI_GetITStatus)
    FMC_GPIOConfig                           0x08001865   Thumb Code   452  fmcadapter.o(i.FMC_GPIOConfig)
    FMC_Init                                 0x08001a39   Thumb Code   104  fmcadapter.o(i.FMC_Init)
    FMC_NORSRAMCmd                           0x08001aa1   Thumb Code    46  stm32f4xx_fmc.o(i.FMC_NORSRAMCmd)
    FMC_NORSRAMInit                          0x08001ad5   Thumb Code   328  stm32f4xx_fmc.o(i.FMC_NORSRAMInit)
    FPGA_Get_BaudRate                        0x08001c25   Thumb Code   106  uartadapter.o(i.FPGA_Get_BaudRate)
    FPGA_Get_Config                          0x08001c95   Thumb Code    52  uartadapter.o(i.FPGA_Get_Config)
    FPGA_UART_Init                           0x08001cc9   Thumb Code   136  uartadapter.o(i.FPGA_UART_Init)
    FPGA_UART_Send                           0x08001d51   Thumb Code    40  uartadapter.o(i.FPGA_UART_Send)
    GPIO_Init                                0x08001d79   Thumb Code   144  stm32f4xx_gpio.o(i.GPIO_Init)
    GPIO_PinAFConfig                         0x08001e09   Thumb Code    70  stm32f4xx_gpio.o(i.GPIO_PinAFConfig)
    GPIO_ResetBits                           0x08001e4f   Thumb Code     4  stm32f4xx_gpio.o(i.GPIO_ResetBits)
    GPIO_SetBits                             0x08001e53   Thumb Code     4  stm32f4xx_gpio.o(i.GPIO_SetBits)
    GPIO_WriteBit                            0x08001e57   Thumb Code    10  stm32f4xx_gpio.o(i.GPIO_WriteBit)
    GetDataBits                              0x08001e61   Thumb Code    28  uartadapter.o(i.GetDataBits)
    GetParityBits                            0x08001e7d   Thumb Code    38  uartadapter.o(i.GetParityBits)
    GetStopBits                              0x08001ea3   Thumb Code    48  uartadapter.o(i.GetStopBits)
    Gpio_Init                                0x08001ed5   Thumb Code    92  gpioadapter.o(i.Gpio_Init)
    IINCHIP_READ                             0x08001f39   Thumb Code    50  w5500_conf.o(i.IINCHIP_READ)
    IINCHIP_SpiSendData                      0x08001f6b   Thumb Code    16  w5500_conf.o(i.IINCHIP_SpiSendData)
    IINCHIP_WRITE                            0x08001f7b   Thumb Code    50  w5500_conf.o(i.IINCHIP_WRITE)
    ISR_Main_Int                             0x08001fad   Thumb Code    44  main.o(i.ISR_Main_Int)
    Inner_Weak_Coef_Init                     0x08001fdd   Thumb Code     2  ctrlalgorithm.o(i.Inner_Weak_Coef_Init)
    Led_Blink                                0x08001fe1   Thumb Code    58  ledadapter.o(i.Led_Blink)
    Led_Init                                 0x08002029   Thumb Code    84  ledadapter.o(i.Led_Init)
    NVIC_Init                                0x08002081   Thumb Code   106  misc.o(i.NVIC_Init)
    NVIC_PriorityGroupConfig                 0x080020f9   Thumb Code    10  misc.o(i.NVIC_PriorityGroupConfig)
    Outer_Weak_Coef_Init                     0x0800210d   Thumb Code     2  ctrlalgorithm.o(i.Outer_Weak_Coef_Init)
    PHY_check                                0x08002111   Thumb Code    72  w5500_conf.o(i.PHY_check)
    Peripheral_Init                          0x08002171   Thumb Code   110  main.o(i.Peripheral_Init)
    RCC_AHB1PeriphClockCmd                   0x080021e1   Thumb Code    26  stm32f4xx_rcc.o(i.RCC_AHB1PeriphClockCmd)
    RCC_AHB3PeriphClockCmd                   0x08002201   Thumb Code    26  stm32f4xx_rcc.o(i.RCC_AHB3PeriphClockCmd)
    RCC_APB1PeriphClockCmd                   0x08002221   Thumb Code    26  stm32f4xx_rcc.o(i.RCC_APB1PeriphClockCmd)
    RCC_APB1PeriphResetCmd                   0x08002241   Thumb Code    26  stm32f4xx_rcc.o(i.RCC_APB1PeriphResetCmd)
    RCC_APB2PeriphClockCmd                   0x08002261   Thumb Code    26  stm32f4xx_rcc.o(i.RCC_APB2PeriphClockCmd)
    RCC_APB2PeriphResetCmd                   0x08002281   Thumb Code    26  stm32f4xx_rcc.o(i.RCC_APB2PeriphResetCmd)
    RCC_GetClocksFreq                        0x080022a1   Thumb Code   214  stm32f4xx_rcc.o(i.RCC_GetClocksFreq)
    SPI1_Config                              0x08002389   Thumb Code   250  spiadapter.o(i.SPI1_Config)
    SPI2_Config                              0x08002491   Thumb Code   244  spiadapter.o(i.SPI2_Config)
    SPI3_Config                              0x08002591   Thumb Code   252  spiadapter.o(i.SPI3_Config)
    SPI_Cmd                                  0x0800269d   Thumb Code    24  stm32f4xx_spi.o(i.SPI_Cmd)
    SPI_I2S_GetFlagStatus                    0x080026b5   Thumb Code    18  stm32f4xx_spi.o(i.SPI_I2S_GetFlagStatus)
    SPI_I2S_ReceiveData                      0x080026c7   Thumb Code     6  stm32f4xx_spi.o(i.SPI_I2S_ReceiveData)
    SPI_I2S_SendData                         0x080026cd   Thumb Code     4  stm32f4xx_spi.o(i.SPI_I2S_SendData)
    SPI_Init                                 0x080026d1   Thumb Code    60  stm32f4xx_spi.o(i.SPI_Init)
    SendUartMsg                              0x0800270d   Thumb Code   108  uartadapter.o(i.SendUartMsg)
    Spi_CS                                   0x08002899   Thumb Code    62  spiadapter.o(i.Spi_CS)
    Spi_Init                                 0x080028e1   Thumb Code    40  spiadapter.o(i.Spi_Init)
    Spi_ReadWrite                            0x08002909   Thumb Code    50  spiadapter.o(i.Spi_ReadWrite)
    Spi_ReadWriteData                        0x0800293d   Thumb Code    64  spiadapter.o(i.Spi_ReadWriteData)
    SysTick_CLKSourceConfig                  0x08002989   Thumb Code    40  misc.o(i.SysTick_CLKSourceConfig)
    SystemInit                               0x080029b1   Thumb Code    88  system_stm32f4xx.o(i.SystemInit)
    TIM2_IRQHandler                          0x08002a19   Thumb Code    44  timadapter.o(i.TIM2_IRQHandler)
    TIM3_IRQHandler                          0x08002a49   Thumb Code    38  timadapter.o(i.TIM3_IRQHandler)
    TIM4_IRQHandler                          0x08002a79   Thumb Code    38  timadapter.o(i.TIM4_IRQHandler)
    TIM5_IRQHandler                          0x08002aa9   Thumb Code    38  timadapter.o(i.TIM5_IRQHandler)
    TIM_ClearFlag                            0x08002ad9   Thumb Code     6  stm32f4xx_tim.o(i.TIM_ClearFlag)
    TIM_Cmd                                  0x08002adf   Thumb Code    24  stm32f4xx_tim.o(i.TIM_Cmd)
    TIM_DeInit                               0x08002af9   Thumb Code   346  stm32f4xx_tim.o(i.TIM_DeInit)
    TIM_ITConfig                             0x08002c89   Thumb Code    18  stm32f4xx_tim.o(i.TIM_ITConfig)
    TIM_TimeBaseInit                         0x08002c9d   Thumb Code   104  stm32f4xx_tim.o(i.TIM_TimeBaseInit)
    Timer_Init                               0x08002d21   Thumb Code   340  timadapter.o(i.Timer_Init)
    USART1_DMA_Init                          0x08002e91   Thumb Code   422  uartadapter.o(i.USART1_DMA_Init)
    USART1_DMA_Send_Once_Data                0x08003049   Thumb Code    58  uartadapter.o(i.USART1_DMA_Send_Once_Data)
    USART1_IRQHandler                        0x08003091   Thumb Code    72  uartadapter.o(i.USART1_IRQHandler)
    USART1_RX_Finish_IRQ                     0x080030e5   Thumb Code    74  uartadapter.o(i.USART1_RX_Finish_IRQ)
    USART2_DMA_Init                          0x08003141   Thumb Code   420  uartadapter.o(i.USART2_DMA_Init)
    USART2_DMA_Send_Once_Data                0x080032f9   Thumb Code    58  uartadapter.o(i.USART2_DMA_Send_Once_Data)
    USART2_IRQHandler                        0x08003341   Thumb Code    74  uartadapter.o(i.USART2_IRQHandler)
    USART2_RX_Finish_IRQ                     0x08003399   Thumb Code    76  uartadapter.o(i.USART2_RX_Finish_IRQ)
    USART3_DMA_Init                          0x080033f5   Thumb Code   420  uartadapter.o(i.USART3_DMA_Init)
    USART3_DMA_Send_Once_Data                0x080035ad   Thumb Code    58  uartadapter.o(i.USART3_DMA_Send_Once_Data)
    USART3_IRQHandler                        0x080035f5   Thumb Code    74  uartadapter.o(i.USART3_IRQHandler)
    USART3_RX_Finish_IRQ                     0x0800364d   Thumb Code    76  uartadapter.o(i.USART3_RX_Finish_IRQ)
    USART_Cmd                                0x080036a9   Thumb Code    24  stm32f4xx_usart.o(i.USART_Cmd)
    USART_DMACmd                             0x080036c1   Thumb Code    18  stm32f4xx_usart.o(i.USART_DMACmd)
    USART_GetITStatus                        0x080036d3   Thumb Code    84  stm32f4xx_usart.o(i.USART_GetITStatus)
    USART_ITConfig                           0x08003727   Thumb Code    74  stm32f4xx_usart.o(i.USART_ITConfig)
    USART_Init                               0x08003771   Thumb Code   204  stm32f4xx_usart.o(i.USART_Init)
    Uart_Init                                0x08003845   Thumb Code   158  uartadapter.o(i.Uart_Init)
    __0printf                                0x080038e5   Thumb Code    22  printfa.o(i.__0printf)
    __1printf                                0x080038e5   Thumb Code     0  printfa.o(i.__0printf)
    __2printf                                0x080038e5   Thumb Code     0  printfa.o(i.__0printf)
    __c89printf                              0x080038e5   Thumb Code     0  printfa.o(i.__0printf)
    printf                                   0x080038e5   Thumb Code     0  printfa.o(i.__0printf)
    __scatterload_copy                       0x08003905   Thumb Code    14  handlers.o(i.__scatterload_copy)
    __scatterload_null                       0x08003913   Thumb Code     2  handlers.o(i.__scatterload_null)
    __scatterload_zeroinit                   0x08003915   Thumb Code    14  handlers.o(i.__scatterload_zeroinit)
    close                                    0x080041af   Thumb Code    52  socket.o(i.close)
    connect                                  0x080041e3   Thumb Code   248  socket.o(i.connect)
    disconnect                               0x080042db   Thumb Code    38  socket.o(i.disconnect)
    do_tcp_client                            0x08004301   Thumb Code   132  tcp_client.o(i.do_tcp_client)
    fputc                                    0x08004395   Thumb Code    52  swoadapter.o(i.fputc)
    getGAR                                   0x080043cd   Thumb Code    16  w5500_control.o(i.getGAR)
    getIINCHIP_TxMAX                         0x080043dd   Thumb Code    10  w5500_control.o(i.getIINCHIP_TxMAX)
    getPHYStatus                             0x080043ed   Thumb Code    12  w5500_conf.o(i.getPHYStatus)
    getSHAR                                  0x080043f9   Thumb Code    18  w5500_control.o(i.getSHAR)
    getSIPR                                  0x0800440b   Thumb Code    18  w5500_control.o(i.getSIPR)
    getSUBR                                  0x0800441d   Thumb Code    18  w5500_control.o(i.getSUBR)
    getSn_IR                                 0x0800442f   Thumb Code    18  w5500_control.o(i.getSn_IR)
    getSn_RX_RSR1                            0x08004441   Thumb Code    84  w5500_control.o(i.getSn_RX_RSR1)
    getSn_SR                                 0x08004495   Thumb Code    18  w5500_control.o(i.getSn_SR)
    getSn_TX_FSR1                            0x080044a7   Thumb Code    84  w5500_control.o(i.getSn_TX_FSR1)
    iinchip_csoff                            0x080044fb   Thumb Code    12  w5500_conf.o(i.iinchip_csoff)
    iinchip_cson                             0x08004507   Thumb Code    12  w5500_conf.o(i.iinchip_cson)
    main                                     0x08004515   Thumb Code    50  main.o(i.main)
    recv                                     0x0800454d   Thumb Code    66  socket.o(i.recv)
    recv_data_processing                     0x08004591   Thumb Code   116  w5500_control.o(i.recv_data_processing)
    reset_w5500                              0x08004625   Thumb Code    40  w5500_conf.o(i.reset_w5500)
    send                                     0x08004651   Thumb Code   216  socket.o(i.send)
    send_data_processing                     0x08004741   Thumb Code   116  w5500_control.o(i.send_data_processing)
    setGAR                                   0x080047d5   Thumb Code    16  w5500_control.o(i.setGAR)
    setSHAR                                  0x080047e5   Thumb Code    18  w5500_control.o(i.setSHAR)
    setSIPR                                  0x080047f7   Thumb Code    18  w5500_control.o(i.setSIPR)
    setSUBR                                  0x08004809   Thumb Code    18  w5500_control.o(i.setSUBR)
    setSn_IR                                 0x0800481b   Thumb Code    22  w5500_control.o(i.setSn_IR)
    set_w5500_mac                            0x08004831   Thumb Code    36  w5500_conf.o(i.set_w5500_mac)
    set_w5500_netinfo                        0x0800485d   Thumb Code   112  w5500_conf.o(i.set_w5500_netinfo)
    socket                                   0x080048fd   Thumb Code   192  socket.o(i.socket)
    socket_buf_init                          0x080049c1   Thumb Code   128  w5500_control.o(i.socket_buf_init)
    w5500Init                                0x08004a49   Thumb Code    28  w5500_conf.o(i.w5500Init)
    wiz_read_buf                             0x08004a6d   Thumb Code    70  w5500_conf.o(i.wiz_read_buf)
    wiz_write_buf                            0x08004ab3   Thumb Code    74  w5500_conf.o(i.wiz_write_buf)
    Region$$Table$$Base                      0x08004afc   Number         0  anon$$obj.o(Region$$Table)
    Region$$Table$$Limit                     0x08004b1c   Number         0  anon$$obj.o(Region$$Table)
    g_Hander_TImer2                          0x20000014   Data           4  timadapter.o(.data)
    g_Hander_TImer3                          0x20000018   Data           4  timadapter.o(.data)
    g_Hander_TImer4                          0x2000001c   Data           4  timadapter.o(.data)
    g_Hander_TImer5                          0x20000020   Data           4  timadapter.o(.data)
    USART1_TX_BUSY                           0x20000024   Data           1  uartadapter.o(.data)
    USART2_TX_BUSY                           0x20000025   Data           1  uartadapter.o(.data)
    USART3_TX_BUSY                           0x20000026   Data           1  uartadapter.o(.data)
    g_can_IntHandler                         0x20000028   Data           8  canadapter.o(.data)
    g_counter_main                           0x20000030   Data           4  main.o(.data)
    g_uiRecvCnt                              0x20000034   Data           4  main.o(.data)
    g_ucRecvCntUart1                         0x20000038   Data           4  main.o(.data)
    g_ucFlagRecvFrame                        0x2000003c   Data           1  main.o(.data)
    g_ucStatePower                           0x2000003d   Data           2  main.o(.data)
    SystemCoreClock                          0x20000040   Data           4  system_stm32f4xx.o(.data)
    AHBPrescTable                            0x20000044   Data          16  system_stm32f4xx.o(.data)
    rxlen                                    0x20000054   Data           2  w5500_conf.o(.data)
    mac                                      0x20000056   Data           6  w5500_conf.o(.data)
    local_ip                                 0x2000005c   Data           4  w5500_conf.o(.data)
    subnet                                   0x20000060   Data           4  w5500_conf.o(.data)
    gateway                                  0x20000064   Data           4  w5500_conf.o(.data)
    dns_server                               0x20000068   Data           4  w5500_conf.o(.data)
    local_port                               0x2000006c   Data           2  w5500_conf.o(.data)
    remote_ip                                0x2000006e   Data           4  w5500_conf.o(.data)
    remote_port                              0x20000072   Data           2  w5500_conf.o(.data)
    ip_from                                  0x20000074   Data           1  w5500_conf.o(.data)
    ms                                       0x20000078   Data           4  w5500_conf.o(.data)
    txsize                                   0x2000007c   Data           8  w5500_control.o(.data)
    rxsize                                   0x20000084   Data           8  w5500_control.o(.data)
    __stdout                                 0x2000008c   Data           4  stdout.o(.data)
    g_exti_hander                            0x20000090   Data          80  extiadapter.o(.bss)
    g_UartData                               0x200000e0   Data        9630  uartadapter.o(.bss)
    ConfigMsg                                0x2000267e   Data          28  w5500_conf.o(.bss)
    RecvMsg                                  0x2000269a   Data          28  w5500_conf.o(.bss)
    rxbuf                                    0x200026b6   Data        1024  w5500_conf.o(.bss)
    SSIZE                                    0x20002ab6   Data          16  w5500_control.o(.bss)
    RSIZE                                    0x20002ac6   Data          16  w5500_control.o(.bss)
    g_CA_POWER_Calc                          0x20002ad8   Data          36  ctrlalgorithm.o(.bss)
    g_CA_POWER_Para                          0x20002afc   Data          24  ctrlalgorithm.o(.bss)
    g_CA_FC_Para                             0x20002b18   Data         192  ctrlalgorithm.o(.bss)
    g_CA_FC_Calc                             0x20002bd8   Data         256  ctrlalgorithm.o(.bss)
    tcp_client_buff                          0x20002cd8   Data        2048  tcp_client.o(.bss)
    __initial_sp                             0x200038d8   Data           0  startup_stm32f429_439xx.o(STACK)



==============================================================================

Memory Map of the image

  Image Entry point : 0x080001ad

  Load Region LR_IROM1 (Base: 0x08000000, Size: 0x00004bac, Max: 0x00200000, ABSOLUTE)

    Execution Region ER_IROM1 (Exec base: 0x08000000, Load base: 0x08000000, Size: 0x00004b1c, Max: 0x00200000, ABSOLUTE)

    Exec Addr    Load Addr    Size         Type   Attr      Idx    E Section Name        Object

    0x08000000   0x08000000   0x000001ac   Data   RO         3345    RESET               startup_stm32f429_439xx.o
    0x080001ac   0x080001ac   0x00000000   Code   RO         4038  * .ARM.Collect$$$$00000000  mc_w.l(entry.o)
    0x080001ac   0x080001ac   0x00000004   Code   RO         4330    .ARM.Collect$$$$00000001  mc_w.l(entry2.o)
    0x080001b0   0x080001b0   0x00000004   Code   RO         4333    .ARM.Collect$$$$00000004  mc_w.l(entry5.o)
    0x080001b4   0x080001b4   0x00000000   Code   RO         4335    .ARM.Collect$$$$00000008  mc_w.l(entry7b.o)
    0x080001b4   0x080001b4   0x00000000   Code   RO         4337    .ARM.Collect$$$$0000000A  mc_w.l(entry8b.o)
    0x080001b4   0x080001b4   0x00000008   Code   RO         4338    .ARM.Collect$$$$0000000B  mc_w.l(entry9a.o)
    0x080001bc   0x080001bc   0x00000004   Code   RO         4345    .ARM.Collect$$$$0000000E  mc_w.l(entry12b.o)
    0x080001c0   0x080001c0   0x00000000   Code   RO         4340    .ARM.Collect$$$$0000000F  mc_w.l(entry10a.o)
    0x080001c0   0x080001c0   0x00000000   Code   RO         4342    .ARM.Collect$$$$00000011  mc_w.l(entry11a.o)
    0x080001c0   0x080001c0   0x00000004   Code   RO         4331    .ARM.Collect$$$$00002712  mc_w.l(entry2.o)
    0x080001c4   0x080001c4   0x00000024   Code   RO         3346    .text               startup_stm32f429_439xx.o
    0x080001e8   0x080001e8   0x00000062   Code   RO         4041    .text               mc_w.l(uldiv.o)
    0x0800024a   0x0800024a   0x00000024   Code   RO         4043    .text               mc_w.l(memcpya.o)
    0x0800026e   0x0800026e   0x00000024   Code   RO         4045    .text               mc_w.l(memseta.o)
    0x08000292   0x08000292   0x000000e4   Code   RO         4324    .text               mf_w.l(dmul.o)
    0x08000376   0x08000376   0x000000de   Code   RO         4326    .text               mf_w.l(ddiv.o)
    0x08000454   0x08000454   0x0000002c   Code   RO         4347    .text               mc_w.l(uidiv.o)
    0x08000480   0x08000480   0x0000001e   Code   RO         4349    .text               mc_w.l(llshl.o)
    0x0800049e   0x0800049e   0x00000020   Code   RO         4351    .text               mc_w.l(llushr.o)
    0x080004be   0x080004be   0x00000000   Code   RO         4353    .text               mc_w.l(iusefp.o)
    0x080004be   0x080004be   0x000000ba   Code   RO         4354    .text               mf_w.l(depilogue.o)
    0x08000578   0x08000578   0x0000014e   Code   RO         4356    .text               mf_w.l(dadd.o)
    0x080006c6   0x080006c6   0x00000030   Code   RO         4358    .text               mf_w.l(dfixul.o)
    0x080006f6   0x080006f6   0x00000002   PAD
    0x080006f8   0x080006f8   0x00000030   Code   RO         4360    .text               mf_w.l(cdrcmple.o)
    0x08000728   0x08000728   0x00000024   Code   RO         4362    .text               mc_w.l(init.o)
    0x0800074c   0x0800074c   0x00000024   Code   RO         4364    .text               mc_w.l(llsshr.o)
    0x08000770   0x08000770   0x00000084   Code   RO         3043    i.ADC1_Config       adcadapter.o
    0x080007f4   0x080007f4   0x00000084   Code   RO         3044    i.ADC2_Config       adcadapter.o
    0x08000878   0x08000878   0x00000016   Code   RO         2148    i.ADC_Cmd           stm32f4xx_adc.o
    0x0800088e   0x0800088e   0x00000002   PAD
    0x08000890   0x08000890   0x00000030   Code   RO         2149    i.ADC_CommonInit    stm32f4xx_adc.o
    0x080008c0   0x080008c0   0x0000000c   Code   RO         2150    i.ADC_CommonStructInit  stm32f4xx_adc.o
    0x080008cc   0x080008cc   0x00000024   Code   RO         3045    i.ADC_Common_Config  adcadapter.o
    0x080008f0   0x080008f0   0x00000054   Code   RO         2168    i.ADC_Init          stm32f4xx_adc.o
    0x08000944   0x08000944   0x000000b8   Code   RO         2173    i.ADC_RegularChannelConfig  stm32f4xx_adc.o
    0x080009fc   0x080009fc   0x0000000a   Code   RO         2175    i.ADC_SoftwareStartConv  stm32f4xx_adc.o
    0x08000a06   0x08000a06   0x00000014   Code   RO         2177    i.ADC_StructInit    stm32f4xx_adc.o
    0x08000a1a   0x08000a1a   0x00000010   Code   RO         3046    i.Adc_Init          adcadapter.o
    0x08000a2a   0x08000a2a   0x00000002   PAD
    0x08000a2c   0x08000a2c   0x00000050   Code   RO         2913    i.CAN1_RX0_IRQHandler  canadapter.o
    0x08000a7c   0x08000a7c   0x00000050   Code   RO         2914    i.CAN2_RX0_IRQHandler  canadapter.o
    0x08000acc   0x08000acc   0x00000038   Code   RO         1979    i.CAN_DeInit        stm32f4xx_can.o
    0x08000b04   0x08000b04   0x00000108   Code   RO         1981    i.CAN_FilterInit    stm32f4xx_can.o
    0x08000c0c   0x08000c0c   0x00000078   Code   RO         1982    i.CAN_GetFlagStatus  stm32f4xx_can.o
    0x08000c84   0x08000c84   0x00000012   Code   RO         1987    i.CAN_ITConfig      stm32f4xx_can.o
    0x08000c96   0x08000c96   0x00000114   Code   RO         1988    i.CAN_Init          stm32f4xx_can.o
    0x08000daa   0x08000daa   0x000000f0   Code   RO         1991    i.CAN_Receive       stm32f4xx_can.o
    0x08000e9a   0x08000e9a   0x00000002   PAD
    0x08000e9c   0x08000e9c   0x0000008c   Code   RO         3894    i.CA_Init           ctrlalgorithm.o
    0x08000f28   0x08000f28   0x00000208   Code   RO         2917    i.Can_Config_Setup  canadapter.o
    0x08001130   0x08001130   0x0000004a   Code   RO         2918    i.Can_FormatData    canadapter.o
    0x0800117a   0x0800117a   0x0000000e   Code   RO         2919    i.Can_FormatFilter  canadapter.o
    0x08001188   0x08001188   0x0000005c   Code   RO         2920    i.Can_GPIO_Setup    canadapter.o
    0x080011e4   0x080011e4   0x000000ac   Code   RO         2921    i.Can_Init          canadapter.o
    0x08001290   0x08001290   0x00000060   Code   RO         2648    i.ConfigGPIO_Uart1  uartadapter.o
    0x080012f0   0x080012f0   0x00000060   Code   RO         2649    i.ConfigGPIO_Uart2  uartadapter.o
    0x08001350   0x08001350   0x00000048   Code   RO         2650    i.ConfigGPIO_Uart3  uartadapter.o
    0x08001398   0x08001398   0x00000038   Code   RO         2651    i.DMA1_Stream3_IRQHandler  uartadapter.o
    0x080013d0   0x080013d0   0x0000003c   Code   RO         2652    i.DMA1_Stream6_IRQHandler  uartadapter.o
    0x0800140c   0x0800140c   0x00000038   Code   RO         2653    i.DMA2_Stream7_IRQHandler  uartadapter.o
    0x08001444   0x08001444   0x00000034   Code   RO            4    i.DMA_ClearFlag     stm32f4xx_dma.o
    0x08001478   0x08001478   0x00000016   Code   RO            6    i.DMA_Cmd           stm32f4xx_dma.o
    0x0800148e   0x0800148e   0x00000002   PAD
    0x08001490   0x08001490   0x00000158   Code   RO            7    i.DMA_DeInit        stm32f4xx_dma.o
    0x080015e8   0x080015e8   0x00000008   Code   RO           12    i.DMA_GetCurrDataCounter  stm32f4xx_dma.o
    0x080015f0   0x080015f0   0x00000064   Code   RO           16    i.DMA_GetITStatus   stm32f4xx_dma.o
    0x08001654   0x08001654   0x0000003a   Code   RO           17    i.DMA_ITConfig      stm32f4xx_dma.o
    0x0800168e   0x0800168e   0x00000002   PAD
    0x08001690   0x08001690   0x00000058   Code   RO           18    i.DMA_Init          stm32f4xx_dma.o
    0x080016e8   0x080016e8   0x00000004   Code   RO           21    i.DMA_SetCurrDataCounter  stm32f4xx_dma.o
    0x080016ec   0x080016ec   0x00000010   Code   RO         3010    i.Dac_Init          dacadapter.o
    0x080016fc   0x080016fc   0x0000002c   Code   RO         2388    i.Delay_Init        delayadapter.o
    0x08001728   0x08001728   0x000000d0   Code   RO         2389    i.Delay_ms          delayadapter.o
    0x080017f8   0x080017f8   0x00000024   Code   RO         2434    i.EXTI0_IRQHandler  extiadapter.o
    0x0800181c   0x0800181c   0x00000024   Code   RO         2435    i.EXTI4_IRQHandler  extiadapter.o
    0x08001840   0x08001840   0x0000000c   Code   RO          301    i.EXTI_ClearITPendingBit  stm32f4xx_exti.o
    0x0800184c   0x0800184c   0x00000018   Code   RO          305    i.EXTI_GetITStatus  stm32f4xx_exti.o
    0x08001864   0x08001864   0x000001d4   Code   RO         2856    i.FMC_GPIOConfig    fmcadapter.o
    0x08001a38   0x08001a38   0x00000068   Code   RO         2857    i.FMC_Init          fmcadapter.o
    0x08001aa0   0x08001aa0   0x00000034   Code   RO         1804    i.FMC_NORSRAMCmd    stm32f4xx_fmc.o
    0x08001ad4   0x08001ad4   0x00000150   Code   RO         1806    i.FMC_NORSRAMInit   stm32f4xx_fmc.o
    0x08001c24   0x08001c24   0x00000070   Code   RO         2654    i.FPGA_Get_BaudRate  uartadapter.o
    0x08001c94   0x08001c94   0x00000034   Code   RO         2655    i.FPGA_Get_Config   uartadapter.o
    0x08001cc8   0x08001cc8   0x00000088   Code   RO         2656    i.FPGA_UART_Init    uartadapter.o
    0x08001d50   0x08001d50   0x00000028   Code   RO         2658    i.FPGA_UART_Send    uartadapter.o
    0x08001d78   0x08001d78   0x00000090   Code   RO          367    i.GPIO_Init         stm32f4xx_gpio.o
    0x08001e08   0x08001e08   0x00000046   Code   RO          368    i.GPIO_PinAFConfig  stm32f4xx_gpio.o
    0x08001e4e   0x08001e4e   0x00000004   Code   RO          374    i.GPIO_ResetBits    stm32f4xx_gpio.o
    0x08001e52   0x08001e52   0x00000004   Code   RO          375    i.GPIO_SetBits      stm32f4xx_gpio.o
    0x08001e56   0x08001e56   0x0000000a   Code   RO          379    i.GPIO_WriteBit     stm32f4xx_gpio.o
    0x08001e60   0x08001e60   0x0000001c   Code   RO         2659    i.GetDataBits       uartadapter.o
    0x08001e7c   0x08001e7c   0x00000026   Code   RO         2660    i.GetParityBits     uartadapter.o
    0x08001ea2   0x08001ea2   0x00000030   Code   RO         2661    i.GetStopBits       uartadapter.o
    0x08001ed2   0x08001ed2   0x00000002   PAD
    0x08001ed4   0x08001ed4   0x00000064   Code   RO         3095    i.Gpio_Init         gpioadapter.o
    0x08001f38   0x08001f38   0x00000032   Code   RO         3579    i.IINCHIP_READ      w5500_conf.o
    0x08001f6a   0x08001f6a   0x00000010   Code   RO         3580    i.IINCHIP_SpiSendData  w5500_conf.o
    0x08001f7a   0x08001f7a   0x00000032   Code   RO         3581    i.IINCHIP_WRITE     w5500_conf.o
    0x08001fac   0x08001fac   0x00000030   Code   RO         3168    i.ISR_Main_Int      main.o
    0x08001fdc   0x08001fdc   0x00000002   Code   RO         3897    i.Inner_Weak_Coef_Init  ctrlalgorithm.o
    0x08001fde   0x08001fde   0x00000002   PAD
    0x08001fe0   0x08001fe0   0x00000048   Code   RO         2479    i.Led_Blink         ledadapter.o
    0x08002028   0x08002028   0x00000058   Code   RO         2481    i.Led_Init          ledadapter.o
    0x08002080   0x08002080   0x00000078   Code   RO          252    i.NVIC_Init         misc.o
    0x080020f8   0x080020f8   0x00000014   Code   RO          253    i.NVIC_PriorityGroupConfig  misc.o
    0x0800210c   0x0800210c   0x00000002   Code   RO         3899    i.Outer_Weak_Coef_Init  ctrlalgorithm.o
    0x0800210e   0x0800210e   0x00000002   PAD
    0x08002110   0x08002110   0x00000060   Code   RO         3582    i.PHY_check         w5500_conf.o
    0x08002170   0x08002170   0x0000006e   Code   RO         3170    i.Peripheral_Init   main.o
    0x080021de   0x080021de   0x00000002   PAD
    0x080021e0   0x080021e0   0x00000020   Code   RO         1262    i.RCC_AHB1PeriphClockCmd  stm32f4xx_rcc.o
    0x08002200   0x08002200   0x00000020   Code   RO         1268    i.RCC_AHB3PeriphClockCmd  stm32f4xx_rcc.o
    0x08002220   0x08002220   0x00000020   Code   RO         1271    i.RCC_APB1PeriphClockCmd  stm32f4xx_rcc.o
    0x08002240   0x08002240   0x00000020   Code   RO         1273    i.RCC_APB1PeriphResetCmd  stm32f4xx_rcc.o
    0x08002260   0x08002260   0x00000020   Code   RO         1274    i.RCC_APB2PeriphClockCmd  stm32f4xx_rcc.o
    0x08002280   0x08002280   0x00000020   Code   RO         1276    i.RCC_APB2PeriphResetCmd  stm32f4xx_rcc.o
    0x080022a0   0x080022a0   0x000000e8   Code   RO         1283    i.RCC_GetClocksFreq  stm32f4xx_rcc.o
    0x08002388   0x08002388   0x00000108   Code   RO         2519    i.SPI1_Config       spiadapter.o
    0x08002490   0x08002490   0x00000100   Code   RO         2520    i.SPI2_Config       spiadapter.o
    0x08002590   0x08002590   0x0000010c   Code   RO         2521    i.SPI3_Config       spiadapter.o
    0x0800269c   0x0800269c   0x00000018   Code   RO          474    i.SPI_Cmd           stm32f4xx_spi.o
    0x080026b4   0x080026b4   0x00000012   Code   RO          482    i.SPI_I2S_GetFlagStatus  stm32f4xx_spi.o
    0x080026c6   0x080026c6   0x00000006   Code   RO          485    i.SPI_I2S_ReceiveData  stm32f4xx_spi.o
    0x080026cc   0x080026cc   0x00000004   Code   RO          486    i.SPI_I2S_SendData  stm32f4xx_spi.o
    0x080026d0   0x080026d0   0x0000003c   Code   RO          487    i.SPI_Init          stm32f4xx_spi.o
    0x0800270c   0x0800270c   0x0000006c   Code   RO         2663    i.SendUartMsg       uartadapter.o
    0x08002778   0x08002778   0x00000120   Code   RO         3283    i.SetSysClock       system_stm32f4xx.o
    0x08002898   0x08002898   0x00000048   Code   RO         2522    i.Spi_CS            spiadapter.o
    0x080028e0   0x080028e0   0x00000028   Code   RO         2523    i.Spi_Init          spiadapter.o
    0x08002908   0x08002908   0x00000032   Code   RO         2524    i.Spi_ReadWrite     spiadapter.o
    0x0800293a   0x0800293a   0x00000002   PAD
    0x0800293c   0x0800293c   0x0000004c   Code   RO         2525    i.Spi_ReadWriteData  spiadapter.o
    0x08002988   0x08002988   0x00000028   Code   RO          256    i.SysTick_CLKSourceConfig  misc.o
    0x080029b0   0x080029b0   0x00000068   Code   RO         3285    i.SystemInit        system_stm32f4xx.o
    0x08002a18   0x08002a18   0x00000030   Code   RO         2594    i.TIM2_IRQHandler   timadapter.o
    0x08002a48   0x08002a48   0x00000030   Code   RO         2595    i.TIM3_IRQHandler   timadapter.o
    0x08002a78   0x08002a78   0x00000030   Code   RO         2596    i.TIM4_IRQHandler   timadapter.o
    0x08002aa8   0x08002aa8   0x00000030   Code   RO         2597    i.TIM5_IRQHandler   timadapter.o
    0x08002ad8   0x08002ad8   0x00000006   Code   RO          646    i.TIM_ClearFlag     stm32f4xx_tim.o
    0x08002ade   0x08002ade   0x00000018   Code   RO          652    i.TIM_Cmd           stm32f4xx_tim.o
    0x08002af6   0x08002af6   0x00000002   PAD
    0x08002af8   0x08002af8   0x00000190   Code   RO          657    i.TIM_DeInit        stm32f4xx_tim.o
    0x08002c88   0x08002c88   0x00000012   Code   RO          677    i.TIM_ITConfig      stm32f4xx_tim.o
    0x08002c9a   0x08002c9a   0x00000002   PAD
    0x08002c9c   0x08002c9c   0x00000084   Code   RO          724    i.TIM_TimeBaseInit  stm32f4xx_tim.o
    0x08002d20   0x08002d20   0x00000170   Code   RO         2598    i.Timer_Init        timadapter.o
    0x08002e90   0x08002e90   0x000001b8   Code   RO         2664    i.USART1_DMA_Init   uartadapter.o
    0x08003048   0x08003048   0x00000048   Code   RO         2665    i.USART1_DMA_Send_Once_Data  uartadapter.o
    0x08003090   0x08003090   0x00000054   Code   RO         2666    i.USART1_IRQHandler  uartadapter.o
    0x080030e4   0x080030e4   0x0000005c   Code   RO         2667    i.USART1_RX_Finish_IRQ  uartadapter.o
    0x08003140   0x08003140   0x000001b8   Code   RO         2668    i.USART2_DMA_Init   uartadapter.o
    0x080032f8   0x080032f8   0x00000048   Code   RO         2669    i.USART2_DMA_Send_Once_Data  uartadapter.o
    0x08003340   0x08003340   0x00000058   Code   RO         2670    i.USART2_IRQHandler  uartadapter.o
    0x08003398   0x08003398   0x0000005c   Code   RO         2671    i.USART2_RX_Finish_IRQ  uartadapter.o
    0x080033f4   0x080033f4   0x000001b8   Code   RO         2672    i.USART3_DMA_Init   uartadapter.o
    0x080035ac   0x080035ac   0x00000048   Code   RO         2673    i.USART3_DMA_Send_Once_Data  uartadapter.o
    0x080035f4   0x080035f4   0x00000058   Code   RO         2674    i.USART3_IRQHandler  uartadapter.o
    0x0800364c   0x0800364c   0x0000005c   Code   RO         2675    i.USART3_RX_Finish_IRQ  uartadapter.o
    0x080036a8   0x080036a8   0x00000018   Code   RO         1604    i.USART_Cmd         stm32f4xx_usart.o
    0x080036c0   0x080036c0   0x00000012   Code   RO         1605    i.USART_DMACmd      stm32f4xx_usart.o
    0x080036d2   0x080036d2   0x00000054   Code   RO         1608    i.USART_GetITStatus  stm32f4xx_usart.o
    0x08003726   0x08003726   0x0000004a   Code   RO         1610    i.USART_ITConfig    stm32f4xx_usart.o
    0x08003770   0x08003770   0x000000d4   Code   RO         1611    i.USART_Init        stm32f4xx_usart.o
    0x08003844   0x08003844   0x0000009e   Code   RO         2676    i.Uart_Init         uartadapter.o
    0x080038e2   0x080038e2   0x00000002   PAD
    0x080038e4   0x080038e4   0x00000020   Code   RO         4296    i.__0printf         mc_w.l(printfa.o)
    0x08003904   0x08003904   0x0000000e   Code   RO         4368    i.__scatterload_copy  mc_w.l(handlers.o)
    0x08003912   0x08003912   0x00000002   Code   RO         4369    i.__scatterload_null  mc_w.l(handlers.o)
    0x08003914   0x08003914   0x0000000e   Code   RO         4370    i.__scatterload_zeroinit  mc_w.l(handlers.o)
    0x08003922   0x08003922   0x00000002   PAD
    0x08003924   0x08003924   0x00000184   Code   RO         4303    i._fp_digits        mc_w.l(printfa.o)
    0x08003aa8   0x08003aa8   0x000006b4   Code   RO         4304    i._printf_core      mc_w.l(printfa.o)
    0x0800415c   0x0800415c   0x00000024   Code   RO         4305    i._printf_post_padding  mc_w.l(printfa.o)
    0x08004180   0x08004180   0x0000002e   Code   RO         4306    i._printf_pre_padding  mc_w.l(printfa.o)
    0x080041ae   0x080041ae   0x00000034   Code   RO         3353    i.close             socket.o
    0x080041e2   0x080041e2   0x000000f8   Code   RO         3354    i.connect           socket.o
    0x080042da   0x080042da   0x00000026   Code   RO         3355    i.disconnect        socket.o
    0x08004300   0x08004300   0x00000094   Code   RO         4011    i.do_tcp_client     tcp_client.o
    0x08004394   0x08004394   0x00000038   Code   RO         3133    i.fputc             swoadapter.o
    0x080043cc   0x080043cc   0x00000010   Code   RO         3709    i.getGAR            w5500_control.o
    0x080043dc   0x080043dc   0x00000010   Code   RO         3711    i.getIINCHIP_TxMAX  w5500_control.o
    0x080043ec   0x080043ec   0x0000000c   Code   RO         3583    i.getPHYStatus      w5500_conf.o
    0x080043f8   0x080043f8   0x00000012   Code   RO         3713    i.getSHAR           w5500_control.o
    0x0800440a   0x0800440a   0x00000012   Code   RO         3714    i.getSIPR           w5500_control.o
    0x0800441c   0x0800441c   0x00000012   Code   RO         3715    i.getSUBR           w5500_control.o
    0x0800442e   0x0800442e   0x00000012   Code   RO         3716    i.getSn_IR          w5500_control.o
    0x08004440   0x08004440   0x00000054   Code   RO         3717    i.getSn_RX_RSR1     w5500_control.o
    0x08004494   0x08004494   0x00000012   Code   RO         3718    i.getSn_SR          w5500_control.o
    0x080044a6   0x080044a6   0x00000054   Code   RO         3719    i.getSn_TX_FSR1     w5500_control.o
    0x080044fa   0x080044fa   0x0000000c   Code   RO         3584    i.iinchip_csoff     w5500_conf.o
    0x08004506   0x08004506   0x0000000c   Code   RO         3585    i.iinchip_cson      w5500_conf.o
    0x08004512   0x08004512   0x00000002   PAD
    0x08004514   0x08004514   0x00000038   Code   RO         3172    i.main              main.o
    0x0800454c   0x0800454c   0x00000042   Code   RO         3357    i.recv              socket.o
    0x0800458e   0x0800458e   0x00000002   PAD
    0x08004590   0x08004590   0x00000094   Code   RO         3721    i.recv_data_processing  w5500_control.o
    0x08004624   0x08004624   0x0000002c   Code   RO         3588    i.reset_w5500       w5500_conf.o
    0x08004650   0x08004650   0x000000f0   Code   RO         3359    i.send              socket.o
    0x08004740   0x08004740   0x00000094   Code   RO         3722    i.send_data_processing  w5500_control.o
    0x080047d4   0x080047d4   0x00000010   Code   RO         3723    i.setGAR            w5500_control.o
    0x080047e4   0x080047e4   0x00000012   Code   RO         3727    i.setSHAR           w5500_control.o
    0x080047f6   0x080047f6   0x00000012   Code   RO         3728    i.setSIPR           w5500_control.o
    0x08004808   0x08004808   0x00000012   Code   RO         3729    i.setSUBR           w5500_control.o
    0x0800481a   0x0800481a   0x00000016   Code   RO         3730    i.setSn_IR          w5500_control.o
    0x08004830   0x08004830   0x0000002c   Code   RO         3590    i.set_w5500_mac     w5500_conf.o
    0x0800485c   0x0800485c   0x000000a0   Code   RO         3591    i.set_w5500_netinfo  w5500_conf.o
    0x080048fc   0x080048fc   0x000000c4   Code   RO         3361    i.socket            socket.o
    0x080049c0   0x080049c0   0x00000088   Code   RO         3733    i.socket_buf_init   w5500_control.o
    0x08004a48   0x08004a48   0x00000024   Code   RO         3592    i.w5500Init         w5500_conf.o
    0x08004a6c   0x08004a6c   0x00000046   Code   RO         3593    i.wiz_read_buf      w5500_conf.o
    0x08004ab2   0x08004ab2   0x0000004a   Code   RO         3594    i.wiz_write_buf     w5500_conf.o
    0x08004afc   0x08004afc   0x00000020   Data   RO         4366    Region$$Table       anon$$obj.o


    Execution Region RW_IRAM1 (Exec base: 0x20000000, Load base: 0x08004b1c, Size: 0x000038d8, Max: 0x00030000, ABSOLUTE)

    Exec Addr    Load Addr    Size         Type   Attr      Idx    E Section Name        Object

    0x20000000   0x08004b1c   0x00000010   Data   RW         1315    .data               stm32f4xx_rcc.o
    0x20000010   0x08004b2c   0x00000001   Data   RW         2392    .data               delayadapter.o
    0x20000011   0x08004b2d   0x00000002   Data   RW         2482    .data               ledadapter.o
    0x20000013   0x08004b2f   0x00000001   PAD
    0x20000014   0x08004b30   0x00000010   Data   RW         2599    .data               timadapter.o
    0x20000024   0x08004b40   0x00000003   Data   RW         2678    .data               uartadapter.o
    0x20000027   0x08004b43   0x00000001   PAD
    0x20000028   0x08004b44   0x00000008   Data   RW         2926    .data               canadapter.o
    0x20000030   0x08004b4c   0x0000000f   Data   RW         3174    .data               main.o
    0x2000003f   0x08004b5b   0x00000001   PAD
    0x20000040   0x08004b5c   0x00000014   Data   RW         3286    .data               system_stm32f4xx.o
    0x20000054   0x08004b70   0x00000028   Data   RW         3596    .data               w5500_conf.o
    0x2000007c   0x08004b98   0x00000010   Data   RW         3735    .data               w5500_control.o
    0x2000008c   0x08004ba8   0x00000004   Data   RW         4346    .data               mc_w.l(stdout.o)
    0x20000090        -       0x00000050   Zero   RW         2437    .bss                extiadapter.o
    0x200000e0        -       0x0000259e   Zero   RW         2677    .bss                uartadapter.o
    0x2000267e        -       0x00000438   Zero   RW         3595    .bss                w5500_conf.o
    0x20002ab6        -       0x00000020   Zero   RW         3734    .bss                w5500_control.o
    0x20002ad6   0x08004bac   0x00000002   PAD
    0x20002ad8        -       0x00000200   Zero   RW         3901    .bss                ctrlalgorithm.o
    0x20002cd8        -       0x00000800   Zero   RW         4012    .bss                tcp_client.o
    0x200034d8        -       0x00000400   Zero   RW         3343    STACK               startup_stm32f429_439xx.o


==============================================================================

Image component sizes


      Code (inc. data)   RO Data    RW Data    ZI Data      Debug   Object Name

       316         18          0          0          0       2407   adcadapter.o
      1032         40          0          8          0       6618   canadapter.o
       144         34          0          0        512       3517   ctrlalgorithm.o
        16          0          0          0          0        503   dacadapter.o
       252         12          0          1          0       1228   delayadapter.o
        72         12          0          0         80       2202   extiadapter.o
       572         16          0          0          0       1404   fmcadapter.o
       100          8          0          0          0        584   gpioadapter.o
       160         18          0          2          0       1623   ledadapter.o
       214         10          0         15          0       5211   main.o
       180         24          0          0          0       2509   misc.o
       840         28          0          0          0       5590   socket.o
      1026         64          0          0          0       5502   spiadapter.o
        36          8        428          0       1024        872   startup_stm32f429_439xx.o
       380         24          0          0          0       6237   stm32f4xx_adc.o
       974         12          0          0          0       5718   stm32f4xx_can.o
       676         58          0          0          0     362917   stm32f4xx_dma.o
        36         10          0          0          0       1328   stm32f4xx_exti.o
       388         14          0          0          0       2527   stm32f4xx_fmc.o
       232          0          0          0          0       4099   stm32f4xx_gpio.o
       424         54          0         16          0       7286   stm32f4xx_rcc.o
       112          0          0          0          0       4110   stm32f4xx_spi.o
       580         82          0          0          0       4337   stm32f4xx_tim.o
       412          8          0          0          0       4921   stm32f4xx_usart.o
        56          4          0          0          0      28115   swoadapter.o
       392         32          0         20          0       1953   system_stm32f4xx.o
       148         16          0          0       2048       1318   tcp_client.o
         0          0          0          0          0        748   tcp_server.o
       560         62          0         16          0       3903   timadapter.o
      3228        272          0          3       9630      21122   uartadapter.o
       676         92          0         40       1080      10783   w5500_conf.o
       814         78          0         16         32      11526   w5500_control.o

    ----------------------------------------------------------------------
     15078       1110        460        140      14408     522718   Object Totals
         0          0         32          0          0          0   (incl. Generated)
        30          0          0          3          2          0   (incl. Padding)

    ----------------------------------------------------------------------

      Code (inc. data)   RO Data    RW Data    ZI Data      Debug   Library Member Name

         0          0          0          0          0          0   entry.o
         0          0          0          0          0          0   entry10a.o
         0          0          0          0          0          0   entry11a.o
         4          0          0          0          0          0   entry12b.o
         8          4          0          0          0          0   entry2.o
         4          0          0          0          0          0   entry5.o
         0          0          0          0          0          0   entry7b.o
         0          0          0          0          0          0   entry8b.o
         8          4          0          0          0          0   entry9a.o
        30          0          0          0          0          0   handlers.o
        36          8          0          0          0         68   init.o
         0          0          0          0          0          0   iusefp.o
        30          0          0          0          0         68   llshl.o
        36          0          0          0          0         68   llsshr.o
        32          0          0          0          0         68   llushr.o
        36          0          0          0          0         68   memcpya.o
        36          0          0          0          0        108   memseta.o
      2218         90          0          0          0        464   printfa.o
         0          0          0          4          0          0   stdout.o
        44          0          0          0          0         80   uidiv.o
        98          0          0          0          0         92   uldiv.o
        48          0          0          0          0         68   cdrcmple.o
       334          0          0          0          0        148   dadd.o
       222          0          0          0          0        100   ddiv.o
       186          0          0          0          0        176   depilogue.o
        48          0          0          0          0         68   dfixul.o
       228          0          0          0          0         96   dmul.o

    ----------------------------------------------------------------------
      3690        106          0          4          0       1740   Library Totals
         4          0          0          0          0          0   (incl. Padding)

    ----------------------------------------------------------------------

      Code (inc. data)   RO Data    RW Data    ZI Data      Debug   Library Name

      2620        106          0          4          0       1084   mc_w.l
      1066          0          0          0          0        656   mf_w.l

    ----------------------------------------------------------------------
      3690        106          0          4          0       1740   Library Totals

    ----------------------------------------------------------------------

==============================================================================


      Code (inc. data)   RO Data    RW Data    ZI Data      Debug   

     18768       1216        460        144      14408     508178   Grand Totals
     18768       1216        460        144      14408     508178   ELF Image Totals
     18768       1216        460        144          0          0   ROM Totals

==============================================================================

    Total RO  Size (Code + RO Data)                19228 (  18.78kB)
    Total RW  Size (RW Data + ZI Data)             14552 (  14.21kB)
    Total ROM Size (Code + RO Data + RW Data)      19372 (  18.92kB)

==============================================================================

