<html>
<body>
<pre>
<h1>µVision Build Log</h1>
<h2>Tool Versions:</h2>
IDE-Version: ¦ÌVision V5.39.0.0
Copyright (C) 2023 ARM Ltd and ARM Germany GmbH. All rights reserved.
License Information:  ,  , LIC=9WSKC-76F21-AR1XW-QY9SD-P71GZ-TPRW2
 
Tool Versions:
Toolchain:       MDK-ARM Plus  Version: 5.39.0.0
Toolchain Path:  C:\keil5arm\ARM\ARMCC\Bin
C Compiler:      Armcc.exe V5.06 update 7 (build 960)
Assembler:       Armasm.exe V5.06 update 7 (build 960)
Linker/Locator:  ArmLink.exe V5.06 update 7 (build 960)
Library Manager: ArmAr.exe V5.06 update 7 (build 960)
Hex Converter:   FromElf.exe V5.06 update 7 (build 960)
CPU DLL:         SARMCM3.DLL V5.39.0.0
Dialog DLL:      DCM.DLL V1.17.5.0
Target DLL:      STLink\ST-LINKIII-KEIL_SWO.dll V3.2.0.0
Dialog DLL:      TCM.DLL V1.56.4.0
 
<h2>Project:</h2>
C:\Users\wang1\Desktop\lwip\w5500\test_PF_CTRL_DEV_20191213\CTRL_Pf_Dev.uvprojx
Project File Date:  04/11/2024

<h2>Output:</h2>
*** Using Compiler 'V5.06 update 7 (build 960)', folder: 'C:\keil5arm\ARM\ARMCC\Bin'
Rebuild target 'STM32F429IIHx'
compiling stm32f4xx_syscfg.c...
compiling stm32f4xx_tim.c...
compiling stm32f4xx_gpio.c...
compiling misc.c...
compiling stm32f4xx_dma.c...
compiling stm32f4xx_exti.c...
compiling stm32f4xx_spi.c...
compiling stm32f4xx_usart.c...
compiling stm32f4xx_fmc.c...
compiling ExtiAdapter.c...
compiling DelayAdapter.c...
compiling stm32f4xx_rcc.c...
compiling stm32f4xx_adc.c...
compiling stm32f4xx_can.c...
compiling LedAdapter.c...
compiling SPIAdapter.c...
compiling TimAdapter.c...
compiling CanAdapter.c...
compiling FmcAdapter.c...
compiling UartAdapter.c...
compiling DACAdapter.c...
compiling GpioAdapter.c...
compiling ADCAdapter.c...
assembling startup_stm32f429_439xx.s...
compiling SwoAdapter.c...
compiling socket.c...
compiling main.c...
compiling system_stm32f4xx.c...
compiling utility.c...
compiling w5500_conf.c...
compiling w5500_control.c...
compiling tcp_client.c...
compiling ctrlAlgorithm.c...
Code\User\Algorithm\ctrlAlgorithm.c(102): warning:  #177-D: variable "i"  was declared but never referenced
      int i = 0;
Code\User\Algorithm\ctrlAlgorithm.c(103): warning:  #177-D: variable "j"  was declared but never referenced
  	int j;
Code\User\Algorithm\ctrlAlgorithm.c(104): warning:  #177-D: variable "temp"  was declared but never referenced
      u16 temp =  0x00;
Code\User\Algorithm\ctrlAlgorithm.c(105): warning:  #177-D: variable "u"  was declared but never referenced
      double u[2] = {0.0};
Code\User\Algorithm\ctrlAlgorithm.c: 4 warnings, 0 errors
compiling tcp_server.c...
Code\User\Application\tcp_server.c(50): warning:  #167-D: argument of type "uint8_t *" is incompatible with parameter of type "char *restrict"
          sprintf(tcp_send_buff,"%5ld",number++);
Code\User\Application\tcp_server.c: 1 warning, 0 errors
linking...
Program Size: Code=18784 RO-data=460 RW-data=2196 ZI-data=14412  
".\Objects\CTRL_Pf_Dev.axf" - 0 Error(s), 5 Warning(s).

<h2>Software Packages used:</h2>

Package Vendor: Keil
                http://www.keil.com/pack/Keil.STM32F4xx_DFP.2.9.0.pack
                Keil::STM32F4xx_DFP@2.9.0
                STMicroelectronics STM32F4 Series Device Support, Drivers and Examples

<h2>Collection of Component include folders:</h2>
  C:/keil5arm/ARM/Packs/Keil/STM32F4xx_DFP/2.9.0/Drivers/CMSIS/Device/ST/STM32F4xx/Include

<h2>Collection of Component Files used:</h2>
Build Time Elapsed:  00:00:20
</pre>
</body>
</html>
